Archive member included because of file (symbol)

C:\Program Files (x86)\VEX Robotics\VEXcode V5 Text\sdk/vexv5\libv5rt.a(v5_startup.c.obj)
                              (vexStartup)
C:\Program Files (x86)\VEX Robotics\VEXcode V5 Text\sdk/vexv5\libv5rt.a(v5_util.c.obj)
                              C:\Program Files (x86)\VEX Robotics\VEXcode V5 Text\sdk/vexv5\libv5rt.a(v5_startup.c.obj) (vexStdlibVersionLinked)
C:\Program Files (x86)\VEX Robotics\VEXcode V5 Text\sdk/vexv5\libv5rt.a(v5_apijump.c.obj)
                              C:\Program Files (x86)\VEX Robotics\VEXcode V5 Text\sdk/vexv5\libv5rt.a(v5_startup.c.obj) (vexPrivateApiEnable)
C:\Program Files (x86)\VEX Robotics\VEXcode V5 Text\sdk/vexv5\libv5rt.a(v5_apiversions.c.obj)
                              C:\Program Files (x86)\VEX Robotics\VEXcode V5 Text\sdk/vexv5\libv5rt.a(v5_apijump.c.obj) (vexSystemVersion)
C:\Program Files (x86)\VEX Robotics\VEXcode V5 Text\sdk/vexv5\libv5rt.a(vex_global.cpp.obj)
                              build/src/autonomous.o (vex::purple)
C:\Program Files (x86)\VEX Robotics\VEXcode V5 Text\sdk/vexv5\libv5rt.a(vex_motor.cpp.obj)
                              build/src/drivefunctions.o (vex::motor::installed())
C:\Program Files (x86)\VEX Robotics\VEXcode V5 Text\sdk/vexv5\libv5rt.a(vex_imu.cpp.obj)
                              build/src/drivefunctions.o (vex::inertial::installed())
C:\Program Files (x86)\VEX Robotics\VEXcode V5 Text\sdk/vexv5\libv5rt.a(vex_controller.cpp.obj)
                              build/src/robot-config.o (vex::controller::~controller())
C:\Program Files (x86)\VEX Robotics\VEXcode V5 Text\sdk/vexv5\libv5rt.a(vex_task.cpp.obj)
                              build/src/play.o (vex::task::sleep(unsigned long))
C:\Program Files (x86)\VEX Robotics\VEXcode V5 Text\sdk/vexv5\libv5rt.a(vex_thread.cpp.obj)
                              C:\Program Files (x86)\VEX Robotics\VEXcode V5 Text\sdk/vexv5\libv5rt.a(vex_global.cpp.obj) (vex::this_thread::sleep_for(unsigned long))
C:\Program Files (x86)\VEX Robotics\VEXcode V5 Text\sdk/vexv5\libv5rt.a(vex_event.cpp.obj)
                              C:\Program Files (x86)\VEX Robotics\VEXcode V5 Text\sdk/vexv5\libv5rt.a(vex_imu.cpp.obj) (vex::event::init(unsigned long, unsigned long, void (*)()))
C:\Program Files (x86)\VEX Robotics\VEXcode V5 Text\sdk/vexv5\libv5rt.a(vex_mevent.cpp.obj)
                              C:\Program Files (x86)\VEX Robotics\VEXcode V5 Text\sdk/vexv5\libv5rt.a(vex_controller.cpp.obj) (vex::mevent::mevent(unsigned long, unsigned long))
C:\Program Files (x86)\VEX Robotics\VEXcode V5 Text\sdk/vexv5\libv5rt.a(vex_brain.cpp.obj)
                              build/src/robot-config.o (vex::brain::~brain())
C:\Program Files (x86)\VEX Robotics\VEXcode V5 Text\sdk/vexv5\libv5rt.a(vex_competition.cpp.obj)
                              build/src/robot-config.o (vex::competition::competition())
C:\Program Files (x86)\VEX Robotics\VEXcode V5 Text\sdk/vexv5\libv5rt.a(vex_triport.cpp.obj)
                              C:\Program Files (x86)\VEX Robotics\VEXcode V5 Text\sdk/vexv5\libv5rt.a(vex_brain.cpp.obj) (vex::triport::~triport())
C:\Program Files (x86)\VEX Robotics\VEXcode V5 Text\sdk/vexv5\libv5rt.a(vex_color.cpp.obj)
                              C:\Program Files (x86)\VEX Robotics\VEXcode V5 Text\sdk/vexv5\libv5rt.a(vex_brain.cpp.obj) (vex::color::operator unsigned long() const)
C:\Program Files (x86)\VEX Robotics\VEXcode V5 Text\sdk/vexv5\libv5rt.a(vex_timer.cpp.obj)
                              C:\Program Files (x86)\VEX Robotics\VEXcode V5 Text\sdk/vexv5\libv5rt.a(vex_brain.cpp.obj) (vex::timer::~timer())
C:\Program Files (x86)\VEX Robotics\VEXcode V5 Text\sdk/vexv5\libv5rt.a(vex_motorgroup.cpp.obj)
                              build/src/robot-config.o (vex::motor_group::motor_group())
C:\Program Files (x86)\VEX Robotics\VEXcode V5 Text\sdk/vexv5\libv5rt.a(vex_drivetrain.cpp.obj)
                              build/src/robot-config.o (vex::drivetrain::~drivetrain())
C:\Program Files (x86)\VEX Robotics\VEXcode V5 Text\sdk/vexv5\libv5rt.a(vex_smartdrive.cpp.obj)
                              build/src/robot-config.o (vex::smartdrive::smartdrive(vex::motor_group&, vex::motor_group&, vex::inertial&, double, double, double, vex::distanceUnits, double))
C:\Program Files (x86)\VEX Robotics\VEXcode V5 Text\sdk/vexv5\libv5rt.a(v5_apiuser.c.obj)
                              C:\Program Files (x86)\VEX Robotics\VEXcode V5 Text\sdk/vexv5\libv5rt.a(vex_triport.cpp.obj) (vexAdiPortConfigSet)
C:\Program Files (x86)\VEX Robotics\VEXcode V5 Text\sdk/vexv5\libv5rt.a(vex_device.cpp.obj)
                              C:\Program Files (x86)\VEX Robotics\VEXcode V5 Text\sdk/vexv5\libv5rt.a(vex_triport.cpp.obj) (vex::device::value())
C:\Program Files (x86)\VEX Robotics\VEXcode V5 Text\sdk/vexv5/gcc/libs\libstdc++.a(fstream-inst.o)
                              build/src/record.o (VTT for std::basic_ofstream<char, std::char_traits<char> >)
[...]
Memory Configuration

Name             Origin             Length             Attributes
ps7_ddr_0_S_AXI_BASEADDR 0x03800000         0x04800000
*default*        0x00000000         0xffffffff

Linker script and memory map

                0x00002000                _STACK_SIZE = DEFINED (_STACK_SIZE)?_STACK_SIZE:0x2000
                0x00100000                _HEAP_SIZE = DEFINED (_HEAP_SIZE)?_HEAP_SIZE:0x100000
                0x00000400                _ABORT_STACK_SIZE = DEFINED (_ABORT_STACK_SIZE)?_ABORT_STACK_SIZE:0x400
                0x00000800                _SUPERVISOR_STACK_SIZE = DEFINED (_SUPERVISOR_STACK_SIZE)?_SUPERVISOR_STACK_SIZE:0x800
                0x00000400                _IRQ_STACK_SIZE = DEFINED (_IRQ_STACK_SIZE)?_IRQ_STACK_SIZE:0x400
                0x00000400                _FIQ_STACK_SIZE = DEFINED (_FIQ_STACK_SIZE)?_FIQ_STACK_SIZE:0x400
                0x00000400                _UNDEF_STACK_SIZE = DEFINED (_UNDEF_STACK_SIZE)?_UNDEF_STACK_SIZE:0x400

.text           0x03800000     0xb710
 *(.vectors)
 *(.boot_data)
 .boot_data     0x03800000       0x20 C:\Program Files (x86)\VEX Robotics\VEXcode V5 Text\sdk/vexv5\libv5rt.a(v5_startup.c.obj)
                0x03800000                vexCodeSig
                0x00000020                . = 0x20
 *(.boot)
 .boot          0x03800020       0xbc C:\Program Files (x86)\VEX Robotics\VEXcode V5 Text\sdk/vexv5\libv5rt.a(v5_startup.c.obj)
                0x03800020                vexStartup
                0x03800100                . = ALIGN (0x40)
 *fill*         0x038000dc       0x24 
 *(.freertos_vectors)
 *(.text)
 *(.text.*)
 .text._GLOBAL__sub_I_play.cpp
                0x03800100       0x34 build/src/play.o
 .text.main     0x03800134      0x114 build/src/main.o
                0x03800134                main
 .text._GLOBAL__sub_I_main.cpp
                0x03800248       0x34 build/src/main.o
 *fill*         0x0380027c        0x4 
 .text._Z11usercontrolv
                0x03800280      0x380 build/src/usercontrol.o
                0x03800280                usercontrol()
 .text._GLOBAL__sub_I_usercontrol.cpp
                0x03800600       0x34 build/src/usercontrol.o
 .text._Z9pre_autonv
                0x03800634      0x9cc build/src/gui.o
                0x03800634                pre_auton()
 .text._GLOBAL__sub_I_gui.cpp
                0x03801000       0x34 build/src/gui.o
 .text._Z10autonomousv
                0x03801034      0x63c build/src/autonomous.o
                0x03801034                autonomous()
 .text._GLOBAL__sub_I_autonomous.cpp
                0x03801670       0x34 build/src/autonomous.o
 *fill*         0x038016a4        0x4 
 .text._Z2p3v   0x038016a8      0x2c8 build/src/manual.o
                0x038016a8                p3()
 .text._Z2p4v   0x03801970      0x248 build/src/manual.o
                0x03801970                p4()
 .text._Z2p5v   0x03801bb8      0x2b0 build/src/manual.o
                0x03801bb8                p5()
 .text._Z2p6v   0x03801e68      0x358 build/src/manual.o
                0x03801e68                p6()
 .text._Z2u5v   0x038021c0      0x2f0 build/src/manual.o
                0x038021c0                u5()
 .text._Z2u6v   0x038024b0      0x228 build/src/manual.o
                0x038024b0                u6()
 .text._Z3tu7v  0x038026d8      0x330 build/src/manual.o
                0x038026d8                tu7()
 .text._Z2u7v   0x03802a08      0x370 build/src/manual.o
                0x03802a08                u7()
 .text._Z3s18v  0x03802d78      0x358 build/src/manual.o
                0x03802d78                s18()
 .text._Z3s40v  0x038030d0      0x938 build/src/manual.o
                0x038030d0                s40()
 .text._Z9autonAmbiv
                0x03803a08       0xa0 build/src/manual.o
                0x03803a08                autonAmbi()
 .text._GLOBAL__sub_I_manual.cpp
                0x03803aa8       0x34 build/src/manual.o
 .text._ZN10ROBOT_BASEC2Ev
                0x03803adc        0x4 build/src/robot-base.o
                0x03803adc                ROBOT_BASE::ROBOT_BASE()
                0x03803adc                ROBOT_BASE::ROBOT_BASE()
 .text._ZN10ROBOT_BASE6rumbleEv
                0x03803ae0       0x14 build/src/robot-base.o
                0x03803ae0                ROBOT_BASE::rumble()
 .text._GLOBAL__sub_I_robot_base.cpp
                0x03803af4       0x34 build/src/robot-base.o
 .text._Z8controlsv
                0x03803b28      0x5d8 build/src/controls.o
                0x03803b28                controls()
 .text._GLOBAL__sub_I_controls.cpp
                0x03804100       0x34 build/src/controls.o
 .text._ZN3vex11motor_groupC2IJNS_5motorES2_S2_EEERS2_DpRT_
                0x03804134       0x50 build/src/robot-config.o
                0x03804134                vex::motor_group::motor_group<vex::motor, vex::motor, vex::motor>(vex::motor&, vex::motor&, vex::motor&, vex::motor&)
 .text._ZN9ACCESS_OSD2Ev
                0x03804184       0x58 build/src/robot-config.o
                0x03804184                ACCESS_OS::~ACCESS_OS()
 .text._GLOBAL__sub_I_robot_config.cpp
                0x038041dc      0x5d4 build/src/robot-config.o
 .text._ZN3bot5ROBOTC2Ev
                0x038047b0        0x4 build/src/drivefunctions.o
                0x038047b0                bot::ROBOT::ROBOT()
                0x038047b0                bot::ROBOT::ROBOT()
 *fill*         0x038047b4        0x4 
 .text._ZN3IMU6turnToEdii
                0x038047b8      0x230 build/src/drivefunctions.o
                0x038047b8                IMU::turnTo(double, int, int)
 .text._Z14marginalTurnTodid
                0x038049e8      0x1c0 build/src/drivefunctions.o
                0x038049e8                marginalTurnTo(double, int, double)
 .text._ZN10BASE_DRIVE4turnEdiid
                0x03804ba8       0x70 build/src/drivefunctions.o
                0x03804ba8                BASE_DRIVE::turn(double, int, int, double)
 .text._ZN6TILTER6tiltToEidb
                0x03804c18      0x1f0 build/src/drivefunctions.o
                0x03804c18                TILTER::tiltTo(int, double, bool)
 .text._Z13liftTiltCheckv
                0x03804e08       0xd4 build/src/drivefunctions.o
                0x03804e08                liftTiltCheck()
 .text._Z15tiltIntakeCheckv
                0x03804edc       0x50 build/src/drivefunctions.o
                0x03804edc                tiltIntakeCheck()
 .text._ZN6LIFTER6liftToEid
                0x03804f2c      0x108 build/src/drivefunctions.o
                0x03804f2c                LIFTER::liftTo(int, double)
 .text._ZN3bot5ROBOT7flipOutEv
                0x03805034       0x48 build/src/drivefunctions.o
                0x03805034                bot::ROBOT::flipOut()
 *fill*         0x0380507c        0x4 
 .text._ZN6TILTER5stackEi
                0x03805080      0x138 build/src/drivefunctions.o
                0x03805080                TILTER::stack(int)
 .text._ZN6LIFTER8towerLowEv
                0x038051b8       0x18 build/src/drivefunctions.o
                0x038051b8                LIFTER::towerLow()
 .text._ZN6LIFTER8towerMidEv
                0x038051d0       0x18 build/src/drivefunctions.o
                0x038051d0                LIFTER::towerMid()
 .text._ZN3bot5ROBOT8fadeAwayEv
                0x038051e8       0x7c build/src/drivefunctions.o
                0x038051e8                bot::ROBOT::fadeAway()
 .text._ZN3bot5ROBOT11fadeAwayMidEv
                0x03805264       0x7c build/src/drivefunctions.o
                0x03805264                bot::ROBOT::fadeAwayMid()
 .text._Z15autonControllerv
                0x038052e0       0xe8 build/src/drivefunctions.o
                0x038052e0                autonController()
 .text._Z10autonBrainv
                0x038053c8      0x1bc build/src/drivefunctions.o
                0x038053c8                autonBrain()
 .text._ZN3bot5ROBOT13resetEncodersEv
                0x03805584       0x6c build/src/drivefunctions.o
                0x03805584                bot::ROBOT::resetEncoders()
 .text._ZN10BASE_DRIVE7driveToEdiiddd
                0x038055f0      0x390 build/src/drivefunctions.o
                0x038055f0                BASE_DRIVE::driveTo(double, int, int, double, double, double)
 .text._ZN10BASE_DRIVE5driveEdiiddd
                0x03805980       0x38 build/src/drivefunctions.o
                0x03805980                BASE_DRIVE::drive(double, int, int, double, double, double)
 .text._ZN3bot5ROBOT12allInstalledEv
                0x038059b8       0xf0 build/src/drivefunctions.o
                0x038059b8                bot::ROBOT::allInstalled()
 .text._ZN3bot5ROBOT14driveInstalledEv
                0x03805aa8       0xa0 build/src/drivefunctions.o
                0x03805aa8                bot::ROBOT::driveInstalled()
 .text._GLOBAL__sub_I_drivefunctions.cpp
                0x03805b48       0x34 build/src/drivefunctions.o
 *fill*         0x03805b7c        0x4 
 .text._ZN9ACCESS_OSC2Ev
                0x03805b80      0x248 build/src/ACCESS_OS.o
                0x03805b80                ACCESS_OS::ACCESS_OS()
                0x03805b80                ACCESS_OS::ACCESS_OS()
 .text._ZN9ACCESS_OS13keyPressedRawEv
                0x03805dc8      0x12c build/src/ACCESS_OS.o
                0x03805dc8                ACCESS_OS::keyPressedRaw()
 .text._ZN9ACCESS_OS10keyPressedEv
                0x03805ef4       0x2c build/src/ACCESS_OS.o
                0x03805ef4                ACCESS_OS::keyPressed()
 .text._ZN9ACCESS_OS9clearLineEi
                0x03805f20       0x54 build/src/ACCESS_OS.o
                0x03805f20                ACCESS_OS::clearLine(int)
 .text._ZN9ACCESS_OS5printESsii
                0x03805f74       0x5c build/src/ACCESS_OS.o
                0x03805f74                ACCESS_OS::print(std::string, int, int)
 .text._ZN9ACCESS_OS8selectorEi
                0x03805fd0       0x8c build/src/ACCESS_OS.o
                0x03805fd0                ACCESS_OS::selector(int)
 .text._ZN9ACCESS_OS11displayMenuEiPi
                0x0380605c      0x154 build/src/ACCESS_OS.o
                0x0380605c                ACCESS_OS::displayMenu(int, int*)
 .text._ZN9ACCESS_OS9getValuesEi
                0x038061b0       0x18 build/src/ACCESS_OS.o
                0x038061b0                ACCESS_OS::getValues(int)
 .text._ZN9ACCESS_OS15notificationHUDESs
                0x038061c8       0x80 build/src/ACCESS_OS.o
                0x038061c8                ACCESS_OS::notificationHUD(std::string)
 .text._ZN9ACCESS_OS10menuCONFIGEv
                0x03806248       0xdc build/src/ACCESS_OS.o
                0x03806248                ACCESS_OS::menuCONFIG()
 .text._GLOBAL__sub_I_ACCESS_OS.cpp
                0x03806324       0x34 build/src/ACCESS_OS.o
 .text._Z6recordv
                0x03806358      0x62c build/src/record.o
                0x03806358                record()
 .text._GLOBAL__sub_I_record.cpp
                0x03806984       0x34 build/src/record.o
 .text.vexMain  0x038069b8       0xb0 C:\Program Files (x86)\VEX Robotics\VEXcode V5 Text\sdk/vexv5\libv5rt.a(v5_startup.c.obj)
                0x038069b8                vexMain
 .text.__vex_function_prolog
                0x03806a68       0x18 C:\Program Files (x86)\VEX Robotics\VEXcode V5 Text\sdk/vexv5\libv5rt.a(v5_startup.c.obj)
                0x03806a68                __vex_function_prolog
 .text._init    0x03806a80        0x4 C:\Program Files (x86)\VEX Robotics\VEXcode V5 Text\sdk/vexv5\libv5rt.a(v5_startup.c.obj)
                0x03806a80                _init
 .text._fini    0x03806a84        0x4 C:\Program Files (x86)\VEX Robotics\VEXcode V5 Text\sdk/vexv5\libv5rt.a(v5_startup.c.obj)
                0x03806a84                _fini
 .text.vexStdlibVersionLinked
                0x03806a88        0xc C:\Program Files (x86)\VEX Robotics\VEXcode V5 Text\sdk/vexv5\libv5rt.a(v5_util.c.obj)
                0x03806a88                vexStdlibVersionLinked
 .text.vexStdlibVersionVerify
                0x03806a94       0x30 C:\Program Files (x86)\VEX Robotics\VEXcode V5 Text\sdk/vexv5\libv5rt.a(v5_util.c.obj)
                0x03806a94                vexStdlibVersionVerify
 .text.vexPrivateApiEnable
                0x03806ac4       0x10 C:\Program Files (x86)\VEX Robotics\VEXcode V5 Text\sdk/vexv5\libv5rt.a(v5_apijump.c.obj)
                0x03806ac4                vexPrivateApiEnable
 .text.vexStdlibMismatchError
                0x03806ad4       0x3c C:\Program Files (x86)\VEX Robotics\VEXcode V5 Text\sdk/vexv5\libv5rt.a(v5_apijump.c.obj)
                0x03806ad4                vexStdlibMismatchError
 .text.vexScratchMemoryPtr
                0x03806b10       0x30 C:\Program Files (x86)\VEX Robotics\VEXcode V5 Text\sdk/vexv5\libv5rt.a(v5_apijump.c.obj)
                0x03806b10                vexScratchMemoryPtr
 .text.vexTaskAdd
                0x03806b40       0x10 C:\Program Files (x86)\VEX Robotics\VEXcode V5 Text\sdk/vexv5\libv5rt.a(v5_apijump.c.obj)
                0x03806b40                vexTaskAdd
 .text.vexTaskStop
                0x03806b50       0x10 C:\Program Files (x86)\VEX Robotics\VEXcode V5 Text\sdk/vexv5\libv5rt.a(v5_apijump.c.obj)
                0x03806b50                vexTaskStop
 .text.vexTasksRun
                0x03806b60       0x10 C:\Program Files (x86)\VEX Robotics\VEXcode V5 Text\sdk/vexv5\libv5rt.a(v5_apijump.c.obj)
                0x03806b60                vexTasksRun
 .text.vexTaskYield
                0x03806b70       0x10 C:\Program Files (x86)\VEX Robotics\VEXcode V5 Text\sdk/vexv5\libv5rt.a(v5_apijump.c.obj)
                0x03806b70                vexTaskYield
 .text.vexTaskCheckTimeslice
                0x03806b80       0x10 C:\Program Files (x86)\VEX Robotics\VEXcode V5 Text\sdk/vexv5\libv5rt.a(v5_apijump.c.obj)
                0x03806b80                vexTaskCheckTimeslice
 .text.vexTaskSleep
                0x03806b90       0x10 C:\Program Files (x86)\VEX Robotics\VEXcode V5 Text\sdk/vexv5\libv5rt.a(v5_apijump.c.obj)
                0x03806b90                vexTaskSleep
 .text.vexTasksDump
                0x03806ba0       0x1c C:\Program Files (x86)\VEX Robotics\VEXcode V5 Text\sdk/vexv5\libv5rt.a(v5_apijump.c.obj)
                0x03806ba0                vexTasksDump
 .text.vexTaskStateGet
                0x03806bbc       0x10 C:\Program Files (x86)\VEX Robotics\VEXcode V5 Text\sdk/vexv5\libv5rt.a(v5_apijump.c.obj)
                0x03806bbc                vexTaskStateGet
 .text.vexTaskGetTaskIndex
                0x03806bcc       0x10 C:\Program Files (x86)\VEX Robotics\VEXcode V5 Text\sdk/vexv5\libv5rt.a(v5_apijump.c.obj)
                0x03806bcc                vexTaskGetTaskIndex
 .text.vexTaskStopAll
                0x03806bdc       0x10 C:\Program Files (x86)\VEX Robotics\VEXcode V5 Text\sdk/vexv5\libv5rt.a(v5_apijump.c.obj)
                0x03806bdc                vexTaskStopAll
 .text.vexTaskRemoveAllUser
                0x03806bec       0x34 C:\Program Files (x86)\VEX Robotics\VEXcode V5 Text\sdk/vexv5\libv5rt.a(v5_apijump.c.obj)
                0x03806bec                vexTaskRemoveAllUser
 .text.vexTaskCompletionIdSet
                0x03806c20       0x10 C:\Program Files (x86)\VEX Robotics\VEXcode V5 Text\sdk/vexv5\libv5rt.a(v5_apijump.c.obj)
                0x03806c20                vexTaskCompletionIdSet
 .text.vexTaskAddWithArg
                0x03806c30       0x10 C:\Program Files (x86)\VEX Robotics\VEXcode V5 Text\sdk/vexv5\libv5rt.a(v5_apijump.c.obj)
                0x03806c30                vexTaskAddWithArg
 .text.vexTaskStopWithId
                0x03806c40       0x10 C:\Program Files (x86)\VEX Robotics\VEXcode V5 Text\sdk/vexv5\libv5rt.a(v5_apijump.c.obj)
                0x03806c40                vexTaskStopWithId
 .text.vexCriticalSection
                0x03806c50       0x2c C:\Program Files (x86)\VEX Robotics\VEXcode V5 Text\sdk/vexv5\libv5rt.a(v5_apijump.c.obj)
                0x03806c50                vexCriticalSection
 .text.vexEventAdd
                0x03806c7c       0x34 C:\Program Files (x86)\VEX Robotics\VEXcode V5 Text\sdk/vexv5\libv5rt.a(v5_apijump.c.obj)
                0x03806c7c                vexEventAdd
 .text.vexEventUserIndexGet
                0x03806cb0       0x1c C:\Program Files (x86)\VEX Robotics\VEXcode V5 Text\sdk/vexv5\libv5rt.a(v5_apijump.c.obj)
                0x03806cb0                vexEventUserIndexGet
 .text.vexEventAddWithArg
                0x03806ccc       0x3c C:\Program Files (x86)\VEX Robotics\VEXcode V5 Text\sdk/vexv5\libv5rt.a(v5_apijump.c.obj)
                0x03806ccc                vexEventAddWithArg
 .text.vexEventsCleanup
                0x03806d08       0x2c C:\Program Files (x86)\VEX Robotics\VEXcode V5 Text\sdk/vexv5\libv5rt.a(v5_apijump.c.obj)
                0x03806d08                vexEventsCleanup
 .text.vexDebug
                0x03806d34       0x38 C:\Program Files (x86)\VEX Robotics\VEXcode V5 Text\sdk/vexv5\libv5rt.a(v5_apijump.c.obj)
                0x03806d34                vexDebug
 .text.vex_sprintf
                0x03806d6c       0x40 C:\Program Files (x86)\VEX Robotics\VEXcode V5 Text\sdk/vexv5\libv5rt.a(v5_apijump.c.obj)
                0x03806d6c                vex_sprintf
 .text.vex_vsnprintf
                0x03806dac       0x3c C:\Program Files (x86)\VEX Robotics\VEXcode V5 Text\sdk/vexv5\libv5rt.a(v5_apijump.c.obj)
                0x03806dac                vex_vsnprintf
 .text.vexSystemTimeGet
                0x03806de8       0x1c C:\Program Files (x86)\VEX Robotics\VEXcode V5 Text\sdk/vexv5\libv5rt.a(v5_apijump.c.obj)
                0x03806de8                vexSystemTimeGet
 .text.vexSystemExitRequest
                0x03806e04       0x1c C:\Program Files (x86)\VEX Robotics\VEXcode V5 Text\sdk/vexv5\libv5rt.a(v5_apijump.c.obj)
                0x03806e04                vexSystemExitRequest
 .text.vexDeviceGetByIndex
                0x03806e20       0x24 C:\Program Files (x86)\VEX Robotics\VEXcode V5 Text\sdk/vexv5\libv5rt.a(v5_apijump.c.obj)
                0x03806e20                vexDeviceGetByIndex
 .text.vexControllerGet
                0x03806e44       0x2c C:\Program Files (x86)\VEX Robotics\VEXcode V5 Text\sdk/vexv5\libv5rt.a(v5_apijump.c.obj)
                0x03806e44                vexControllerGet
 .text.vexControllerTextSet
                0x03806e70       0x74 C:\Program Files (x86)\VEX Robotics\VEXcode V5 Text\sdk/vexv5\libv5rt.a(v5_apijump.c.obj)
                0x03806e70                vexControllerTextSet
 .text.vexDeviceAdiPortConfigSet
                0x03806ee4       0x34 C:\Program Files (x86)\VEX Robotics\VEXcode V5 Text\sdk/vexv5\libv5rt.a(v5_apijump.c.obj)
                0x03806ee4                vexDeviceAdiPortConfigSet
 .text.vexDeviceAdiPortConfigGet
                0x03806f18       0x2c C:\Program Files (x86)\VEX Robotics\VEXcode V5 Text\sdk/vexv5\libv5rt.a(v5_apijump.c.obj)
                0x03806f18                vexDeviceAdiPortConfigGet
 .text.vexDeviceAdiValueSet
                0x03806f44       0x34 C:\Program Files (x86)\VEX Robotics\VEXcode V5 Text\sdk/vexv5\libv5rt.a(v5_apijump.c.obj)
                0x03806f44                vexDeviceAdiValueSet
 .text.vexDeviceAdiValueGet
                0x03806f78       0x2c C:\Program Files (x86)\VEX Robotics\VEXcode V5 Text\sdk/vexv5\libv5rt.a(v5_apijump.c.obj)
                0x03806f78                vexDeviceAdiValueGet
 .text.vexDeviceMotorVelocitySet
                0x03806fa4       0x2c C:\Program Files (x86)\VEX Robotics\VEXcode V5 Text\sdk/vexv5\libv5rt.a(v5_apijump.c.obj)
                0x03806fa4                vexDeviceMotorVelocitySet
 .text.vexDeviceMotorVoltageSet
                0x03806fd0       0x2c C:\Program Files (x86)\VEX Robotics\VEXcode V5 Text\sdk/vexv5\libv5rt.a(v5_apijump.c.obj)
                0x03806fd0                vexDeviceMotorVoltageSet
 .text.vexDeviceMotorActualVelocityGet
                0x03806ffc       0x24 C:\Program Files (x86)\VEX Robotics\VEXcode V5 Text\sdk/vexv5\libv5rt.a(v5_apijump.c.obj)
                0x03806ffc                vexDeviceMotorActualVelocityGet
 .text.vexDeviceMotorZeroPositionFlagGet
                0x03807020       0x24 C:\Program Files (x86)\VEX Robotics\VEXcode V5 Text\sdk/vexv5\libv5rt.a(v5_apijump.c.obj)
                0x03807020                vexDeviceMotorZeroPositionFlagGet
 .text.vexDeviceMotorReverseFlagSet
                0x03807044       0x2c C:\Program Files (x86)\VEX Robotics\VEXcode V5 Text\sdk/vexv5\libv5rt.a(v5_apijump.c.obj)
                0x03807044                vexDeviceMotorReverseFlagSet
 .text.vexDeviceMotorEncoderUnitsSet
                0x03807070       0x2c C:\Program Files (x86)\VEX Robotics\VEXcode V5 Text\sdk/vexv5\libv5rt.a(v5_apijump.c.obj)
                0x03807070                vexDeviceMotorEncoderUnitsSet
 .text.vexDeviceMotorBrakeModeSet
                0x0380709c       0x2c C:\Program Files (x86)\VEX Robotics\VEXcode V5 Text\sdk/vexv5\libv5rt.a(v5_apijump.c.obj)
                0x0380709c                vexDeviceMotorBrakeModeSet
 .text.vexDeviceMotorPositionSet
                0x038070c8       0x34 C:\Program Files (x86)\VEX Robotics\VEXcode V5 Text\sdk/vexv5\libv5rt.a(v5_apijump.c.obj)
                0x038070c8                vexDeviceMotorPositionSet
 .text.vexDeviceMotorPositionGet
                0x038070fc       0x24 C:\Program Files (x86)\VEX Robotics\VEXcode V5 Text\sdk/vexv5\libv5rt.a(v5_apijump.c.obj)
                0x038070fc                vexDeviceMotorPositionGet
 .text.vexDeviceMotorRelativeTargetSet
                0x03807120       0x3c C:\Program Files (x86)\VEX Robotics\VEXcode V5 Text\sdk/vexv5\libv5rt.a(v5_apijump.c.obj)
                0x03807120                vexDeviceMotorRelativeTargetSet
 .text.vexDeviceMotorGearingSet
                0x0380715c       0x2c C:\Program Files (x86)\VEX Robotics\VEXcode V5 Text\sdk/vexv5\libv5rt.a(v5_apijump.c.obj)
                0x0380715c                vexDeviceMotorGearingSet
 .text.vexDeviceMotorGearingGet
                0x03807188       0x24 C:\Program Files (x86)\VEX Robotics\VEXcode V5 Text\sdk/vexv5\libv5rt.a(v5_apijump.c.obj)
                0x03807188                vexDeviceMotorGearingGet
 .text.vexDeviceImuReset
                0x038071ac       0x24 C:\Program Files (x86)\VEX Robotics\VEXcode V5 Text\sdk/vexv5\libv5rt.a(v5_apijump.c.obj)
                0x038071ac                vexDeviceImuReset
 .text.vexDeviceImuHeadingGet
                0x038071d0       0x24 C:\Program Files (x86)\VEX Robotics\VEXcode V5 Text\sdk/vexv5\libv5rt.a(v5_apijump.c.obj)
                0x038071d0                vexDeviceImuHeadingGet
 .text.vexDeviceImuDegreesGet
                0x038071f4       0x24 C:\Program Files (x86)\VEX Robotics\VEXcode V5 Text\sdk/vexv5\libv5rt.a(v5_apijump.c.obj)
                0x038071f4                vexDeviceImuDegreesGet
 .text.vexDeviceImuStatusGet
                0x03807218       0x24 C:\Program Files (x86)\VEX Robotics\VEXcode V5 Text\sdk/vexv5\libv5rt.a(v5_apijump.c.obj)
                0x03807218                vexDeviceImuStatusGet
 .text.vexDisplayForegroundColor
                0x0380723c       0x24 C:\Program Files (x86)\VEX Robotics\VEXcode V5 Text\sdk/vexv5\libv5rt.a(v5_apijump.c.obj)
                0x0380723c                vexDisplayForegroundColor
 .text.vexDisplayBackgroundColor
                0x03807260       0x24 C:\Program Files (x86)\VEX Robotics\VEXcode V5 Text\sdk/vexv5\libv5rt.a(v5_apijump.c.obj)
                0x03807260                vexDisplayBackgroundColor
 .text.vexDisplayBackgroundColorGet
                0x03807284       0x1c C:\Program Files (x86)\VEX Robotics\VEXcode V5 Text\sdk/vexv5\libv5rt.a(v5_apijump.c.obj)
                0x03807284                vexDisplayBackgroundColorGet
 .text.vexDisplayCopyRect
                0x038072a0       0x5c C:\Program Files (x86)\VEX Robotics\VEXcode V5 Text\sdk/vexv5\libv5rt.a(v5_apijump.c.obj)
                0x038072a0                vexDisplayCopyRect
 .text.vexDisplayRectClear
                0x038072fc       0x4c C:\Program Files (x86)\VEX Robotics\VEXcode V5 Text\sdk/vexv5\libv5rt.a(v5_apijump.c.obj)
                0x038072fc                vexDisplayRectClear
 .text.vexDisplayPrintf
                0x03807348       0x68 C:\Program Files (x86)\VEX Robotics\VEXcode V5 Text\sdk/vexv5\libv5rt.a(v5_apijump.c.obj)
                0x03807348                vexDisplayPrintf
 .text.vexDisplayTextReference
                0x038073b0       0x24 C:\Program Files (x86)\VEX Robotics\VEXcode V5 Text\sdk/vexv5\libv5rt.a(v5_apijump.c.obj)
                0x038073b0                vexDisplayTextReference
 .text.vexDisplayTextSize
                0x038073d4       0x2c C:\Program Files (x86)\VEX Robotics\VEXcode V5 Text\sdk/vexv5\libv5rt.a(v5_apijump.c.obj)
                0x038073d4                vexDisplayTextSize
 .text.vexDisplayFontNamedSet
                0x03807400       0x24 C:\Program Files (x86)\VEX Robotics\VEXcode V5 Text\sdk/vexv5\libv5rt.a(v5_apijump.c.obj)
                0x03807400                vexDisplayFontNamedSet
 .text.vexDisplayStringWidthGet
                0x03807424       0x24 C:\Program Files (x86)\VEX Robotics\VEXcode V5 Text\sdk/vexv5\libv5rt.a(v5_apijump.c.obj)
                0x03807424                vexDisplayStringWidthGet
 .text.vexFileOpen
                0x03807448       0x2c C:\Program Files (x86)\VEX Robotics\VEXcode V5 Text\sdk/vexv5\libv5rt.a(v5_apijump.c.obj)
                0x03807448                vexFileOpen
 .text.vexFileClose
                0x03807474       0x24 C:\Program Files (x86)\VEX Robotics\VEXcode V5 Text\sdk/vexv5\libv5rt.a(v5_apijump.c.obj)
                0x03807474                vexFileClose
 .text.vexFileRead
                0x03807498       0x3c C:\Program Files (x86)\VEX Robotics\VEXcode V5 Text\sdk/vexv5\libv5rt.a(v5_apijump.c.obj)
                0x03807498                vexFileRead
 .text.vexFileSize
                0x038074d4       0x24 C:\Program Files (x86)\VEX Robotics\VEXcode V5 Text\sdk/vexv5\libv5rt.a(v5_apijump.c.obj)
                0x038074d4                vexFileSize
 .text.vexSystemStdlibImpureDataAddr
                0x038074f8       0x28 C:\Program Files (x86)\VEX Robotics\VEXcode V5 Text\sdk/vexv5\libv5rt.a(v5_apijump.c.obj)
                0x038074f8                vexSystemStdlibImpureDataAddr
 .text.vexSystemStdlibImpureDataSize
                0x03807520       0x28 C:\Program Files (x86)\VEX Robotics\VEXcode V5 Text\sdk/vexv5\libv5rt.a(v5_apijump.c.obj)
                0x03807520                vexSystemStdlibImpureDataSize
 .text.vexSystemSaveUserData
                0x03807548       0x3c C:\Program Files (x86)\VEX Robotics\VEXcode V5 Text\sdk/vexv5\libv5rt.a(v5_apijump.c.obj)
                0x03807548                vexSystemSaveUserData
 .text.vexTouchDataGet
                0x03807584       0x10 C:\Program Files (x86)\VEX Robotics\VEXcode V5 Text\sdk/vexv5\libv5rt.a(v5_apijump.c.obj)
                0x03807584                vexTouchDataGet
 .text.vexImageBmpRead
                0x03807594       0x3c C:\Program Files (x86)\VEX Robotics\VEXcode V5 Text\sdk/vexv5\libv5rt.a(v5_apijump.c.obj)
                0x03807594                vexImageBmpRead
 .text.vexImagePngRead
                0x038075d0       0x44 C:\Program Files (x86)\VEX Robotics\VEXcode V5 Text\sdk/vexv5\libv5rt.a(v5_apijump.c.obj)
                0x038075d0                vexImagePngRead
 .text.vexDisplayThemeIdGet
                0x03807614       0x38 C:\Program Files (x86)\VEX Robotics\VEXcode V5 Text\sdk/vexv5\libv5rt.a(v5_apijump.c.obj)
                0x03807614                vexDisplayThemeIdGet
 .text.vexBatteryCapacityGet
                0x0380764c       0x1c C:\Program Files (x86)\VEX Robotics\VEXcode V5 Text\sdk/vexv5\libv5rt.a(v5_apijump.c.obj)
                0x0380764c                vexBatteryCapacityGet
 .text.vexDeviceEventMaskSet
                0x03807668       0x48 C:\Program Files (x86)\VEX Robotics\VEXcode V5 Text\sdk/vexv5\libv5rt.a(v5_apijump.c.obj)
                0x03807668                vexDeviceEventMaskSet
 .text.vexDeviceEventMaskGet
                0x038076b0       0x3c C:\Program Files (x86)\VEX Robotics\VEXcode V5 Text\sdk/vexv5\libv5rt.a(v5_apijump.c.obj)
                0x038076b0                vexDeviceEventMaskGet
 .text.vexSystemVersion
                0x038076ec       0x10 C:\Program Files (x86)\VEX Robotics\VEXcode V5 Text\sdk/vexv5\libv5rt.a(v5_apiversions.c.obj)
                0x038076ec                vexSystemVersion
 .text.vexStdlibVersion
                0x038076fc       0x10 C:\Program Files (x86)\VEX Robotics\VEXcode V5 Text\sdk/vexv5\libv5rt.a(v5_apiversions.c.obj)
                0x038076fc                vexStdlibVersion
 .text._ZN3vex5motor9installedEv
                0x0380770c       0x18 C:\Program Files (x86)\VEX Robotics\VEXcode V5 Text\sdk/vexv5\libv5rt.a(vex_motor.cpp.obj)
                0x0380770c                vex::motor::installed()
 .text._ZN3vex5motorD2Ev
                0x03807724       0x20 C:\Program Files (x86)\VEX Robotics\VEXcode V5 Text\sdk/vexv5\libv5rt.a(vex_motor.cpp.obj)
                0x03807724                vex::motor::~motor()
                0x03807724                vex::motor::~motor()
 .text._ZN3vex5motor15defaultStoppingENS_9brakeTypeE
                0x03807744       0x30 C:\Program Files (x86)\VEX Robotics\VEXcode V5 Text\sdk/vexv5\libv5rt.a(vex_motor.cpp.obj)
                0x03807744                vex::motor::defaultStopping(vex::brakeType)
 .text._ZN3vex5motor8setBrakeENS_9brakeTypeE
                0x03807774        0x4 C:\Program Files (x86)\VEX Robotics\VEXcode V5 Text\sdk/vexv5\libv5rt.a(vex_motor.cpp.obj)
                0x03807774                vex::motor::setBrake(vex::brakeType)
 .text._ZN3vex5motorC2El
                0x03807778       0x78 C:\Program Files (x86)\VEX Robotics\VEXcode V5 Text\sdk/vexv5\libv5rt.a(vex_motor.cpp.obj)
                0x03807778                vex::motor::motor(long)
                0x03807778                vex::motor::motor(long)
 .text._ZN3vex5motorC2ElNS_11gearSettingEb
                0x038077f0       0x34 C:\Program Files (x86)\VEX Robotics\VEXcode V5 Text\sdk/vexv5\libv5rt.a(vex_motor.cpp.obj)
                0x038077f0                vex::motor::motor(long, vex::gearSetting, bool)
                0x038077f0                vex::motor::motor(long, vex::gearSetting, bool)
 *fill*         0x03807824        0x4 
 .text._ZN3vex5motor4spinENS_13directionTypeEdNS_12voltageUnitsE
                0x03807828       0x50 C:\Program Files (x86)\VEX Robotics\VEXcode V5 Text\sdk/vexv5\libv5rt.a(vex_motor.cpp.obj)
                0x03807828                vex::motor::spin(vex::directionType, double, vex::voltageUnits)
 .text._ZN3vex5motor10isSpinningEv
                0x03807878       0x38 C:\Program Files (x86)\VEX Robotics\VEXcode V5 Text\sdk/vexv5\libv5rt.a(vex_motor.cpp.obj)
                0x03807878                vex::motor::isSpinning()
 .text._ZN3vex5motor4stopENS_9brakeTypeE
                0x038078b0       0x30 C:\Program Files (x86)\VEX Robotics\VEXcode V5 Text\sdk/vexv5\libv5rt.a(vex_motor.cpp.obj)
                0x038078b0                vex::motor::stop(vex::brakeType)
 .text._ZN3vex5motor4stopEv
                0x038078e0        0x8 C:\Program Files (x86)\VEX Robotics\VEXcode V5 Text\sdk/vexv5\libv5rt.a(vex_motor.cpp.obj)
                0x038078e0                vex::motor::stop()
 .text._ZN3vex5motor16velocityToScaledEdNS_13velocityUnitsE
                0x038078e8       0x5c C:\Program Files (x86)\VEX Robotics\VEXcode V5 Text\sdk/vexv5\libv5rt.a(vex_motor.cpp.obj)
                0x038078e8                vex::motor::velocityToScaled(double, vex::velocityUnits)
 .text._ZN3vex5motor8velocityENS_13velocityUnitsE
                0x03807944       0x30 C:\Program Files (x86)\VEX Robotics\VEXcode V5 Text\sdk/vexv5\libv5rt.a(vex_motor.cpp.obj)
                0x03807944                vex::motor::velocity(vex::velocityUnits)
 .text._ZN3vex5motor5valueEv
                0x03807974       0x1c C:\Program Files (x86)\VEX Robotics\VEXcode V5 Text\sdk/vexv5\libv5rt.a(vex_motor.cpp.obj)
                0x03807974                vex::motor::value()
 .text._ZN3vex5motor16scaledToVelocityEdNS_13velocityUnitsE
                0x03807990       0xa4 C:\Program Files (x86)\VEX Robotics\VEXcode V5 Text\sdk/vexv5\libv5rt.a(vex_motor.cpp.obj)
                0x03807990                vex::motor::scaledToVelocity(double, vex::velocityUnits)
 .text._ZN3vex5motor4spinENS_13directionTypeEdNS_13velocityUnitsE
                0x03807a34       0x5c C:\Program Files (x86)\VEX Robotics\VEXcode V5 Text\sdk/vexv5\libv5rt.a(vex_motor.cpp.obj)
                0x03807a34                vex::motor::spin(vex::directionType, double, vex::velocityUnits)
 .text._ZN3vex5motor11setVelocityEdNS_13velocityUnitsE
                0x03807a90       0x54 C:\Program Files (x86)\VEX Robotics\VEXcode V5 Text\sdk/vexv5\libv5rt.a(vex_motor.cpp.obj)
                0x03807a90                vex::motor::setVelocity(double, vex::velocityUnits)
 .text._ZN3vex5motor16setRotationUnitsENS_13rotationUnitsE
                0x03807ae4       0x1c C:\Program Files (x86)\VEX Robotics\VEXcode V5 Text\sdk/vexv5\libv5rt.a(vex_motor.cpp.obj)
                0x03807ae4                vex::motor::setRotationUnits(vex::rotationUnits)
 .text._ZN3vex5motor11setRotationEdNS_13rotationUnitsE
                0x03807b00       0x44 C:\Program Files (x86)\VEX Robotics\VEXcode V5 Text\sdk/vexv5\libv5rt.a(vex_motor.cpp.obj)
                0x03807b00                vex::motor::setRotation(double, vex::rotationUnits)
 .text._ZN3vex5motor13resetPositionEv
                0x03807b44       0x20 C:\Program Files (x86)\VEX Robotics\VEXcode V5 Text\sdk/vexv5\libv5rt.a(vex_motor.cpp.obj)
                0x03807b44                vex::motor::resetPosition()
 .text._ZN3vex5motor9rotateForEdNS_13rotationUnitsEdNS_13velocityUnitsEb
                0x03807b64       0xe0 C:\Program Files (x86)\VEX Robotics\VEXcode V5 Text\sdk/vexv5\libv5rt.a(vex_motor.cpp.obj)
                0x03807b64                vex::motor::rotateFor(double, vex::rotationUnits, double, vex::velocityUnits, bool)
 .text._ZN3vex5motor9rotateForENS_13directionTypeEdNS_13rotationUnitsEdNS_13velocityUnitsEb
                0x03807c44       0x34 C:\Program Files (x86)\VEX Robotics\VEXcode V5 Text\sdk/vexv5\libv5rt.a(vex_motor.cpp.obj)
                0x03807c44                vex::motor::rotateFor(vex::directionType, double, vex::rotationUnits, double, vex::velocityUnits, bool)
 .text._ZN3vex5motor9rotateForENS_13directionTypeEdNS_13rotationUnitsEb
                0x03807c78       0x3c C:\Program Files (x86)\VEX Robotics\VEXcode V5 Text\sdk/vexv5\libv5rt.a(vex_motor.cpp.obj)
                0x03807c78                vex::motor::rotateFor(vex::directionType, double, vex::rotationUnits, bool)
 .text._ZN3vex5motor8rotationENS_13rotationUnitsE
                0x03807cb4       0x44 C:\Program Files (x86)\VEX Robotics\VEXcode V5 Text\sdk/vexv5\libv5rt.a(vex_motor.cpp.obj)
                0x03807cb4                vex::motor::rotation(vex::rotationUnits)
 .text._ZN3vex5motor8positionENS_13rotationUnitsE
                0x03807cf8        0x4 C:\Program Files (x86)\VEX Robotics\VEXcode V5 Text\sdk/vexv5\libv5rt.a(vex_motor.cpp.obj)
                0x03807cf8                vex::motor::position(vex::rotationUnits)
 *fill*         0x03807cfc        0x4 
 .text._ZN3vex8inertial10setHeadingEdNS_13rotationUnitsE
                0x03807d00       0x60 C:\Program Files (x86)\VEX Robotics\VEXcode V5 Text\sdk/vexv5\libv5rt.a(vex_imu.cpp.obj)
                0x03807d00                vex::inertial::setHeading(double, vex::rotationUnits)
 .text._ZThn16_N3vex8inertial10setHeadingEdNS_13rotationUnitsE
                0x03807d60        0x8 C:\Program Files (x86)\VEX Robotics\VEXcode V5 Text\sdk/vexv5\libv5rt.a(vex_imu.cpp.obj)
                0x03807d60                non-virtual thunk to vex::inertial::setHeading(double, vex::rotationUnits)
 .text._ZN3vex8inertial11setRotationEdNS_13rotationUnitsE
                0x03807d68       0x60 C:\Program Files (x86)\VEX Robotics\VEXcode V5 Text\sdk/vexv5\libv5rt.a(vex_imu.cpp.obj)
                0x03807d68                vex::inertial::setRotation(double, vex::rotationUnits)
 .text._ZThn16_N3vex8inertial11setRotationEdNS_13rotationUnitsE
                0x03807dc8        0x8 C:\Program Files (x86)\VEX Robotics\VEXcode V5 Text\sdk/vexv5\libv5rt.a(vex_imu.cpp.obj)
                0x03807dc8                non-virtual thunk to vex::inertial::setRotation(double, vex::rotationUnits)
 .text._ZN3vex8inertial9installedEv
                0x03807dd0       0x18 C:\Program Files (x86)\VEX Robotics\VEXcode V5 Text\sdk/vexv5\libv5rt.a(vex_imu.cpp.obj)
                0x03807dd0                vex::inertial::installed()
 .text._ZN3vex8inertial5angleENS_13rotationUnitsE
                0x03807de8       0x60 C:\Program Files (x86)\VEX Robotics\VEXcode V5 Text\sdk/vexv5\libv5rt.a(vex_imu.cpp.obj)
                0x03807de8                vex::inertial::angle(vex::rotationUnits)
 .text._ZThn16_N3vex8inertial5angleENS_13rotationUnitsE
                0x03807e48        0x8 C:\Program Files (x86)\VEX Robotics\VEXcode V5 Text\sdk/vexv5\libv5rt.a(vex_imu.cpp.obj)
                0x03807e48                non-virtual thunk to vex::inertial::angle(vex::rotationUnits)
 .text._ZN3vex8inertial7headingENS_13rotationUnitsE
                0x03807e50        0x4 C:\Program Files (x86)\VEX Robotics\VEXcode V5 Text\sdk/vexv5\libv5rt.a(vex_imu.cpp.obj)
                0x03807e50                vex::inertial::heading(vex::rotationUnits)
 .text._ZThn16_N3vex8inertial7headingENS_13rotationUnitsE
                0x03807e54        0x8 C:\Program Files (x86)\VEX Robotics\VEXcode V5 Text\sdk/vexv5\libv5rt.a(vex_imu.cpp.obj)
                0x03807e54                non-virtual thunk to vex::inertial::heading(vex::rotationUnits)
 .text._ZN3vex8inertial5valueEv
                0x03807e5c       0x1c C:\Program Files (x86)\VEX Robotics\VEXcode V5 Text\sdk/vexv5\libv5rt.a(vex_imu.cpp.obj)
                0x03807e5c                vex::inertial::value()
 .text._ZN3vex8inertial8rotationENS_13rotationUnitsE
                0x03807e78       0x40 C:\Program Files (x86)\VEX Robotics\VEXcode V5 Text\sdk/vexv5\libv5rt.a(vex_imu.cpp.obj)
                0x03807e78                vex::inertial::rotation(vex::rotationUnits)
 .text._ZThn16_N3vex8inertial8rotationENS_13rotationUnitsE
                0x03807eb8        0x8 C:\Program Files (x86)\VEX Robotics\VEXcode V5 Text\sdk/vexv5\libv5rt.a(vex_imu.cpp.obj)
                0x03807eb8                non-virtual thunk to vex::inertial::rotation(vex::rotationUnits)
 .text._ZN3vex8inertial13isCalibratingEv
                0x03807ec0       0x38 C:\Program Files (x86)\VEX Robotics\VEXcode V5 Text\sdk/vexv5\libv5rt.a(vex_imu.cpp.obj)
                0x03807ec0                vex::inertial::isCalibrating()
 .text._ZThn16_N3vex8inertial13isCalibratingEv
                0x03807ef8        0x8 C:\Program Files (x86)\VEX Robotics\VEXcode V5 Text\sdk/vexv5\libv5rt.a(vex_imu.cpp.obj)
                0x03807ef8                non-virtual thunk to vex::inertial::isCalibrating()
 .text._ZN3vex8inertialC2El
                0x03807f00       0x48 C:\Program Files (x86)\VEX Robotics\VEXcode V5 Text\sdk/vexv5\libv5rt.a(vex_imu.cpp.obj)
                0x03807f00                vex::inertial::inertial(long)
                0x03807f00                vex::inertial::inertial(long)
 .text._ZN3vex8inertialD2Ev
                0x03807f48       0x20 C:\Program Files (x86)\VEX Robotics\VEXcode V5 Text\sdk/vexv5\libv5rt.a(vex_imu.cpp.obj)
                0x03807f48                vex::inertial::~inertial()
                0x03807f48                vex::inertial::~inertial()
 .text._ZN3vex8inertial13resetRotationEv
                0x03807f68       0x20 C:\Program Files (x86)\VEX Robotics\VEXcode V5 Text\sdk/vexv5\libv5rt.a(vex_imu.cpp.obj)
                0x03807f68                vex::inertial::resetRotation()
 .text._ZN3vex8inertial16startCalibrationEl
                0x03807f88       0x20 C:\Program Files (x86)\VEX Robotics\VEXcode V5 Text\sdk/vexv5\libv5rt.a(vex_imu.cpp.obj)
                0x03807f88                vex::inertial::startCalibration(long)
 .text._ZN3vex8inertial9calibrateEl
                0x03807fa8        0xc C:\Program Files (x86)\VEX Robotics\VEXcode V5 Text\sdk/vexv5\libv5rt.a(vex_imu.cpp.obj)
                0x03807fa8                vex::inertial::calibrate(long)
                0x03807fac                non-virtual thunk to vex::inertial::calibrate(long)
 .text._ZN3vex10controllerD2Ev
                0x03807fb4        0x4 C:\Program Files (x86)\VEX Robotics\VEXcode V5 Text\sdk/vexv5\libv5rt.a(vex_controller.cpp.obj)
                0x03807fb4                vex::controller::~controller()
                0x03807fb4                vex::controller::~controller()
 .text._ZN3vex10controller5valueE19_V5_ControllerIndex
                0x03807fb8        0x8 C:\Program Files (x86)\VEX Robotics\VEXcode V5 Text\sdk/vexv5\libv5rt.a(vex_controller.cpp.obj)
                0x03807fb8                vex::controller::value(_V5_ControllerIndex)
 .text._ZN3vex10controller6rumbleEPKc
                0x03807fc0       0x4c C:\Program Files (x86)\VEX Robotics\VEXcode V5 Text\sdk/vexv5\libv5rt.a(vex_controller.cpp.obj)
                0x03807fc0                vex::controller::rumble(char const*)
 .text._ZN3vex10controller6button8pressingEv
                0x0380800c       0xc8 C:\Program Files (x86)\VEX Robotics\VEXcode V5 Text\sdk/vexv5\libv5rt.a(vex_controller.cpp.obj)
                0x0380800c                vex::controller::button::pressing()
 .text._ZN3vex10controller6button21_buttonToPressedEventEv
                0x038080d4       0x20 C:\Program Files (x86)\VEX Robotics\VEXcode V5 Text\sdk/vexv5\libv5rt.a(vex_controller.cpp.obj)
                0x038080d4                vex::controller::button::_buttonToPressedEvent()
 .text._ZN3vex10controller6button22_buttonToReleasedEventEv
                0x038080f4       0x20 C:\Program Files (x86)\VEX Robotics\VEXcode V5 Text\sdk/vexv5\libv5rt.a(vex_controller.cpp.obj)
                0x038080f4                vex::controller::button::_buttonToReleasedEvent()
 .text._ZN3vex10controller6buttonC2ENS0_11tButtonTypeEPS0_
                0x03808114       0x48 C:\Program Files (x86)\VEX Robotics\VEXcode V5 Text\sdk/vexv5\libv5rt.a(vex_controller.cpp.obj)
                0x03808114                vex::controller::button::button(vex::controller::tButtonType, vex::controller*)
                0x03808114                vex::controller::button::button(vex::controller::tButtonType, vex::controller*)
 .text._ZN3vex10controller4axis5valueEv
                0x0380815c       0x58 C:\Program Files (x86)\VEX Robotics\VEXcode V5 Text\sdk/vexv5\libv5rt.a(vex_controller.cpp.obj)
                0x0380815c                vex::controller::axis::value()
 .text._ZN3vex10controller4axis8positionENS_12percentUnitsE
                0x038081b4       0x1c C:\Program Files (x86)\VEX Robotics\VEXcode V5 Text\sdk/vexv5\libv5rt.a(vex_controller.cpp.obj)
                0x038081b4                vex::controller::axis::position(vex::percentUnits)
 .text._ZN3vex10controller4axis23_joystickToChangedEventEv
                0x038081d0       0x20 C:\Program Files (x86)\VEX Robotics\VEXcode V5 Text\sdk/vexv5\libv5rt.a(vex_controller.cpp.obj)
                0x038081d0                vex::controller::axis::_joystickToChangedEvent()
 .text._ZN3vex10controller4axisC2ENS0_9tAxisTypeEPS0_
                0x038081f0       0x2c C:\Program Files (x86)\VEX Robotics\VEXcode V5 Text\sdk/vexv5\libv5rt.a(vex_controller.cpp.obj)
                0x038081f0                vex::controller::axis::axis(vex::controller::tAxisType, vex::controller*)
                0x038081f0                vex::controller::axis::axis(vex::controller::tAxisType, vex::controller*)
 .text._ZN3vex10controllerC2Ev
                0x0380821c      0x204 C:\Program Files (x86)\VEX Robotics\VEXcode V5 Text\sdk/vexv5\libv5rt.a(vex_controller.cpp.obj)
                0x0380821c                vex::controller::controller()
                0x0380821c                vex::controller::controller()
 .text._ZN3vex10controller3lcd15getControllerIdEv
                0x03808420       0x10 C:\Program Files (x86)\VEX Robotics\VEXcode V5 Text\sdk/vexv5\libv5rt.a(vex_controller.cpp.obj)
                0x03808420                vex::controller::lcd::getControllerId()
 .text._ZN3vex10controller3lcd9setCursorEll
                0x03808430       0x40 C:\Program Files (x86)\VEX Robotics\VEXcode V5 Text\sdk/vexv5\libv5rt.a(vex_controller.cpp.obj)
                0x03808430                vex::controller::lcd::setCursor(long, long)
 .text._ZN3vex10controller3lcd5printEPKcz
                0x03808470       0x74 C:\Program Files (x86)\VEX Robotics\VEXcode V5 Text\sdk/vexv5\libv5rt.a(vex_controller.cpp.obj)
                0x03808470                vex::controller::lcd::print(char const*, ...)
 .text._ZN3vex10controller3lcd9clearLineEi
                0x038084e4       0x44 C:\Program Files (x86)\VEX Robotics\VEXcode V5 Text\sdk/vexv5\libv5rt.a(vex_controller.cpp.obj)
                0x038084e4                vex::controller::lcd::clearLine(int)
 .text._ZN3vex10controller3lcd11clearScreenEv
                0x03808528       0x5c C:\Program Files (x86)\VEX Robotics\VEXcode V5 Text\sdk/vexv5\libv5rt.a(vex_controller.cpp.obj)
                0x03808528                vex::controller::lcd::clearScreen()
 .text._ZN3vex10controller3lcd9clearLineEv
                0x03808584        0x8 C:\Program Files (x86)\VEX Robotics\VEXcode V5 Text\sdk/vexv5\libv5rt.a(vex_controller.cpp.obj)
                0x03808584                vex::controller::lcd::clearLine()
 .text._ZN3vex4taskC2EPFivE
                0x0380858c       0x54 C:\Program Files (x86)\VEX Robotics\VEXcode V5 Text\sdk/vexv5\libv5rt.a(vex_task.cpp.obj)
                0x0380858c                vex::task::task(int (*)())
                0x0380858c                vex::task::task(int (*)())
 .text._ZN3vex4taskD2Ev
                0x038085e0        0x4 C:\Program Files (x86)\VEX Robotics\VEXcode V5 Text\sdk/vexv5\libv5rt.a(vex_task.cpp.obj)
                0x038085e0                vex::task::~task()
                0x038085e0                vex::task::~task()
 .text._ZN3vex4task4stopEPFivE
                0x038085e4        0xc C:\Program Files (x86)\VEX Robotics\VEXcode V5 Text\sdk/vexv5\libv5rt.a(vex_task.cpp.obj)
                0x038085e4                vex::task::stop(int (*)())
 .text._ZN3vex4task5sleepEm
                0x038085f0        0x4 C:\Program Files (x86)\VEX Robotics\VEXcode V5 Text\sdk/vexv5\libv5rt.a(vex_task.cpp.obj)
                0x038085f0                vex::task::sleep(unsigned long)
 .text._ZN3vex4task6_indexEPFivE
                0x038085f4       0x14 C:\Program Files (x86)\VEX Robotics\VEXcode V5 Text\sdk/vexv5\libv5rt.a(vex_task.cpp.obj)
                0x038085f4                vex::task::_index(int (*)())
 .text._ZN3vex4task8_stopAllEv
                0x03808608       0x3c C:\Program Files (x86)\VEX Robotics\VEXcode V5 Text\sdk/vexv5\libv5rt.a(vex_task.cpp.obj)
                0x03808608                vex::task::_stopAll()
 .text._ZN3vex11this_thread9sleep_forEm
                0x03808644        0x4 C:\Program Files (x86)\VEX Robotics\VEXcode V5 Text\sdk/vexv5\libv5rt.a(vex_thread.cpp.obj)
                0x03808644                vex::this_thread::sleep_for(unsigned long)
 .text._ZN3vex5event4initEmmPFvvE
                0x03808648        0x4 C:\Program Files (x86)\VEX Robotics\VEXcode V5 Text\sdk/vexv5\libv5rt.a(vex_event.cpp.obj)
                0x03808648                vex::event::init(unsigned long, unsigned long, void (*)())
 .text._ZN3vex5event4initEmmPFvPvES1_
                0x0380864c        0x4 C:\Program Files (x86)\VEX Robotics\VEXcode V5 Text\sdk/vexv5\libv5rt.a(vex_event.cpp.obj)
                0x0380864c                vex::event::init(unsigned long, unsigned long, void (*)(void*), void*)
 .text._ZN3vex5event9userindexEv
                0x03808650        0x4 C:\Program Files (x86)\VEX Robotics\VEXcode V5 Text\sdk/vexv5\libv5rt.a(vex_event.cpp.obj)
                0x03808650                vex::event::userindex()
 .text._ZZN3vex6meventC4EmmENUlvE_4_FUNEv
                0x03808654        0x4 C:\Program Files (x86)\VEX Robotics\VEXcode V5 Text\sdk/vexv5\libv5rt.a(vex_mevent.cpp.obj)
 .text._ZN3vex6meventC2Emm
                0x03808658       0x70 C:\Program Files (x86)\VEX Robotics\VEXcode V5 Text\sdk/vexv5\libv5rt.a(vex_mevent.cpp.obj)
                0x03808658                vex::mevent::mevent(unsigned long, unsigned long)
                0x03808658                vex::mevent::mevent(unsigned long, unsigned long)
 .text._ZN3vex5brainD2Ev
                0x038086c8       0x20 C:\Program Files (x86)\VEX Robotics\VEXcode V5 Text\sdk/vexv5\libv5rt.a(vex_brain.cpp.obj)
                0x038086c8                vex::brain::~brain()
                0x038086c8                vex::brain::~brain()
 .text._ZN3vex5brain9_getIndexEv
                0x038086e8       0x10 C:\Program Files (x86)\VEX Robotics\VEXcode V5 Text\sdk/vexv5\libv5rt.a(vex_brain.cpp.obj)
                0x038086e8                vex::brain::_getIndex()
 .text._ZN3vex5brain3lcd9setCursorEll
                0x038086f8       0x44 C:\Program Files (x86)\VEX Robotics\VEXcode V5 Text\sdk/vexv5\libv5rt.a(vex_brain.cpp.obj)
                0x038086f8                vex::brain::lcd::setCursor(long, long)
 .text._ZN3vex5brain3lcd7setFontENS_8fontTypeE
                0x0380873c      0x23c C:\Program Files (x86)\VEX Robotics\VEXcode V5 Text\sdk/vexv5\libv5rt.a(vex_brain.cpp.obj)
                0x0380873c                vex::brain::lcd::setFont(vex::fontType)
 .text._ZN3vex5brain3lcdC2Ev
                0x03808978       0x94 C:\Program Files (x86)\VEX Robotics\VEXcode V5 Text\sdk/vexv5\libv5rt.a(vex_brain.cpp.obj)
                0x03808978                vex::brain::lcd::lcd()
                0x03808978                vex::brain::lcd::lcd()
 .text._ZN3vex5brainC2Ev
                0x03808a0c       0x38 C:\Program Files (x86)\VEX Robotics\VEXcode V5 Text\sdk/vexv5\libv5rt.a(vex_brain.cpp.obj)
                0x03808a0c                vex::brain::brain()
                0x03808a0c                vex::brain::brain()
 .text._ZN3vex5brain3lcd11setPenColorERKNS_5colorE
                0x03808a44       0x14 C:\Program Files (x86)\VEX Robotics\VEXcode V5 Text\sdk/vexv5\libv5rt.a(vex_brain.cpp.obj)
                0x03808a44                vex::brain::lcd::setPenColor(vex::color const&)
 .text._ZN3vex5brain3lcd12setFillColorERKNS_5colorE
                0x03808a58       0x38 C:\Program Files (x86)\VEX Robotics\VEXcode V5 Text\sdk/vexv5\libv5rt.a(vex_brain.cpp.obj)
                0x03808a58                vex::brain::lcd::setFillColor(vex::color const&)
 .text._ZN3vex5brain3lcd12_clearScreenEm
                0x03808a90       0x38 C:\Program Files (x86)\VEX Robotics\VEXcode V5 Text\sdk/vexv5\libv5rt.a(vex_brain.cpp.obj)
                0x03808a90                vex::brain::lcd::_clearScreen(unsigned long)
 .text._ZN3vex5brain3lcd11clearScreenERKNS_5colorE
                0x03808ac8       0x20 C:\Program Files (x86)\VEX Robotics\VEXcode V5 Text\sdk/vexv5\libv5rt.a(vex_brain.cpp.obj)
                0x03808ac8                vex::brain::lcd::clearScreen(vex::color const&)
 .text._ZN3vex5brain3lcd11clearScreenEv
                0x03808ae8       0x2c C:\Program Files (x86)\VEX Robotics\VEXcode V5 Text\sdk/vexv5\libv5rt.a(vex_brain.cpp.obj)
                0x03808ae8                vex::brain::lcd::clearScreen()
 .text._ZN3vex5brain3lcd9xPositionEv
                0x03808b14       0x24 C:\Program Files (x86)\VEX Robotics\VEXcode V5 Text\sdk/vexv5\libv5rt.a(vex_brain.cpp.obj)
                0x03808b14                vex::brain::lcd::xPosition()
 .text._ZN3vex5brain3lcd9yPositionEv
                0x03808b38       0x24 C:\Program Files (x86)\VEX Robotics\VEXcode V5 Text\sdk/vexv5\libv5rt.a(vex_brain.cpp.obj)
                0x03808b38                vex::brain::lcd::yPosition()
 .text._ZN3vex5brain3lcd20_validateImageBufferEPh
                0x03808b5c       0x58 C:\Program Files (x86)\VEX Robotics\VEXcode V5 Text\sdk/vexv5\libv5rt.a(vex_brain.cpp.obj)
                0x03808b5c                vex::brain::lcd::_validateImageBuffer(unsigned char*)
 .text._ZN3vex5brain3lcd17drawImageFromFileEPKcii
                0x03808bb4      0x258 C:\Program Files (x86)\VEX Robotics\VEXcode V5 Text\sdk/vexv5\libv5rt.a(vex_brain.cpp.obj)
                0x03808bb4                vex::brain::lcd::drawImageFromFile(char const*, int, int)
 .text._ZN3vex5brain3lcd10rowToPixelEl
                0x03808e0c       0x34 C:\Program Files (x86)\VEX Robotics\VEXcode V5 Text\sdk/vexv5\libv5rt.a(vex_brain.cpp.obj)
                0x03808e0c                vex::brain::lcd::rowToPixel(long)
 .text._ZN3vex5brain3lcd10colToPixelEl
                0x03808e40       0x1c C:\Program Files (x86)\VEX Robotics\VEXcode V5 Text\sdk/vexv5\libv5rt.a(vex_brain.cpp.obj)
                0x03808e40                vex::brain::lcd::colToPixel(long)
 .text._ZN3vex5brain3lcd5printEPKcz
                0x03808e5c       0xa0 C:\Program Files (x86)\VEX Robotics\VEXcode V5 Text\sdk/vexv5\libv5rt.a(vex_brain.cpp.obj)
                0x03808e5c                vex::brain::lcd::print(char const*, ...)
 .text._ZN3vex5brain7battery8capacityENS_12percentUnitsE
                0x03808efc       0x18 C:\Program Files (x86)\VEX Robotics\VEXcode V5 Text\sdk/vexv5\libv5rt.a(vex_brain.cpp.obj)
                0x03808efc                vex::brain::battery::capacity(vex::percentUnits)
 .text._ZN3vex11competition8_disableEPv
                0x03808f14       0x9c C:\Program Files (x86)\VEX Robotics\VEXcode V5 Text\sdk/vexv5\libv5rt.a(vex_competition.cpp.obj)
                0x03808f14                vex::competition::_disable(void*)
 .text._ZN3vex11competition11_autonomousEv
                0x03808fb0       0x7c C:\Program Files (x86)\VEX Robotics\VEXcode V5 Text\sdk/vexv5\libv5rt.a(vex_competition.cpp.obj)
                0x03808fb0                vex::competition::_autonomous()
 .text._ZN3vex11competition14_drivercontrolEv
                0x0380902c       0x7c C:\Program Files (x86)\VEX Robotics\VEXcode V5 Text\sdk/vexv5\libv5rt.a(vex_competition.cpp.obj)
                0x0380902c                vex::competition::_drivercontrol()
 .text._ZN3vex11competitionC2Ev
                0x038090a8      0x13c C:\Program Files (x86)\VEX Robotics\VEXcode V5 Text\sdk/vexv5\libv5rt.a(vex_competition.cpp.obj)
                0x038090a8                vex::competition::competition()
                0x038090a8                vex::competition::competition()
 .text._ZN3vex11competitionD2Ev
                0x038091e4        0x4 C:\Program Files (x86)\VEX Robotics\VEXcode V5 Text\sdk/vexv5\libv5rt.a(vex_competition.cpp.obj)
                0x038091e4                vex::competition::~competition()
                0x038091e4                vex::competition::~competition()
 .text._ZN3vex11competition10autonomousEPFvvE
                0x038091e8       0x44 C:\Program Files (x86)\VEX Robotics\VEXcode V5 Text\sdk/vexv5\libv5rt.a(vex_competition.cpp.obj)
                0x038091e8                vex::competition::autonomous(void (*)())
 .text._ZN3vex11competition13drivercontrolEPFvvE
                0x0380922c       0x44 C:\Program Files (x86)\VEX Robotics\VEXcode V5 Text\sdk/vexv5\libv5rt.a(vex_competition.cpp.obj)
                0x0380922c                vex::competition::drivercontrol(void (*)())
 .text._ZN3vex4gyro7headingENS_13rotationUnitsE
                0x03809270        0xc C:\Program Files (x86)\VEX Robotics\VEXcode V5 Text\sdk/vexv5\libv5rt.a(vex_triport.cpp.obj)
                0x03809270                vex::gyro::heading(vex::rotationUnits)
 .text._ZN3vex7triport9installedEv
                0x0380927c       0x18 C:\Program Files (x86)\VEX Robotics\VEXcode V5 Text\sdk/vexv5\libv5rt.a(vex_triport.cpp.obj)
                0x0380927c                vex::triport::installed()
 .text._ZN3vex7triportD2Ev
                0x03809294       0x38 C:\Program Files (x86)\VEX Robotics\VEXcode V5 Text\sdk/vexv5\libv5rt.a(vex_triport.cpp.obj)
                0x03809294                vex::triport::~triport()
                0x03809294                vex::triport::~triport()
 .text._ZN3vex7triport4portC2ElPS0_
                0x038092cc       0x74 C:\Program Files (x86)\VEX Robotics\VEXcode V5 Text\sdk/vexv5\libv5rt.a(vex_triport.cpp.obj)
                0x038092cc                vex::triport::port::port(long, vex::triport*)
                0x038092cc                vex::triport::port::port(long, vex::triport*)
 .text._ZN3vex7triportC2El
                0x03809340       0xf0 C:\Program Files (x86)\VEX Robotics\VEXcode V5 Text\sdk/vexv5\libv5rt.a(vex_triport.cpp.obj)
                0x03809340                vex::triport::triport(long)
                0x03809340                vex::triport::triport(long)
 .text._ZN3vex7triport4port4typeENS_11triportTypeE
                0x03809430       0x30 C:\Program Files (x86)\VEX Robotics\VEXcode V5 Text\sdk/vexv5\libv5rt.a(vex_triport.cpp.obj)
                0x03809430                vex::triport::port::type(vex::triportType)
 .text._ZN3vex7triport4port4typeEv
                0x03809460       0x38 C:\Program Files (x86)\VEX Robotics\VEXcode V5 Text\sdk/vexv5\libv5rt.a(vex_triport.cpp.obj)
                0x03809460                vex::triport::port::type()
 .text._ZN3vex7triport4port5valueEv
                0x03809498       0x14 C:\Program Files (x86)\VEX Robotics\VEXcode V5 Text\sdk/vexv5\libv5rt.a(vex_triport.cpp.obj)
                0x03809498                vex::triport::port::value()
 .text._ZN3vex7triport4port5valueEl
                0x038094ac       0x18 C:\Program Files (x86)\VEX Robotics\VEXcode V5 Text\sdk/vexv5\libv5rt.a(vex_triport.cpp.obj)
                0x038094ac                vex::triport::port::value(long)
 .text._ZN3vex7triport4port14_convertAnalogENS_11analogUnitsE
                0x038094c4       0x58 C:\Program Files (x86)\VEX Robotics\VEXcode V5 Text\sdk/vexv5\libv5rt.a(vex_triport.cpp.obj)
                0x038094c4                vex::triport::port::_convertAnalog(vex::analogUnits)
 .text._ZN3vex7triport4port14_virtual_valueEl
                0x0380951c       0x14 C:\Program Files (x86)\VEX Robotics\VEXcode V5 Text\sdk/vexv5\libv5rt.a(vex_triport.cpp.obj)
                0x0380951c                vex::triport::port::_virtual_value(long)
 .text._ZN3vex11__trideviceC2ERNS_7triport4portENS_11triportTypeE
                0x03809530       0x5c C:\Program Files (x86)\VEX Robotics\VEXcode V5 Text\sdk/vexv5\libv5rt.a(vex_triport.cpp.obj)
                0x03809530                vex::__tridevice::__tridevice(vex::triport::port&, vex::triportType)
                0x03809530                vex::__tridevice::__tridevice(vex::triport::port&, vex::triportType)
 .text._ZN3vex11__tridevice14_convertAnalogENS_11analogUnitsE
                0x0380958c        0x8 C:\Program Files (x86)\VEX Robotics\VEXcode V5 Text\sdk/vexv5\libv5rt.a(vex_triport.cpp.obj)
                0x0380958c                vex::__tridevice::_convertAnalog(vex::analogUnits)
 .text._ZN3vex4gyro13isCalibratingEv
                0x03809594       0x3c C:\Program Files (x86)\VEX Robotics\VEXcode V5 Text\sdk/vexv5\libv5rt.a(vex_triport.cpp.obj)
                0x03809594                vex::gyro::isCalibrating()
 .text._ZN3vex11__tridevice14_virtual_valueEl
                0x038095d0        0x8 C:\Program Files (x86)\VEX Robotics\VEXcode V5 Text\sdk/vexv5\libv5rt.a(vex_triport.cpp.obj)
                0x038095d0                vex::__tridevice::_virtual_value(long)
 .text._ZN3vex4gyro5angleENS_13rotationUnitsE
                0x038095d8       0x68 C:\Program Files (x86)\VEX Robotics\VEXcode V5 Text\sdk/vexv5\libv5rt.a(vex_triport.cpp.obj)
                0x038095d8                vex::gyro::angle(vex::rotationUnits)
 .text._ZN3vex4gyro8rotationENS_13rotationUnitsE
                0x03809640       0x58 C:\Program Files (x86)\VEX Robotics\VEXcode V5 Text\sdk/vexv5\libv5rt.a(vex_triport.cpp.obj)
                0x03809640                vex::gyro::rotation(vex::rotationUnits)
 .text._ZN3vex4gyro11setRotationEdNS_13rotationUnitsE
                0x03809698       0x60 C:\Program Files (x86)\VEX Robotics\VEXcode V5 Text\sdk/vexv5\libv5rt.a(vex_triport.cpp.obj)
                0x03809698                vex::gyro::setRotation(double, vex::rotationUnits)
 .text._ZN3vex5limitC2ERNS_7triport4portE
                0x038096f8       0x28 C:\Program Files (x86)\VEX Robotics\VEXcode V5 Text\sdk/vexv5\libv5rt.a(vex_triport.cpp.obj)
                0x038096f8                vex::limit::limit(vex::triport::port&)
                0x038096f8                vex::limit::limit(vex::triport::port&)
 .text._ZN3vex5limitD2Ev
                0x03809720        0x4 C:\Program Files (x86)\VEX Robotics\VEXcode V5 Text\sdk/vexv5\libv5rt.a(vex_triport.cpp.obj)
                0x03809720                vex::limit::~limit()
                0x03809720                vex::limit::~limit()
 .text._ZN3vex5limit5valueEv
                0x03809724        0x8 C:\Program Files (x86)\VEX Robotics\VEXcode V5 Text\sdk/vexv5\libv5rt.a(vex_triport.cpp.obj)
                0x03809724                vex::limit::value()
 .text._ZN3vex3potC2ERNS_7triport4portE
                0x0380972c       0x20 C:\Program Files (x86)\VEX Robotics\VEXcode V5 Text\sdk/vexv5\libv5rt.a(vex_triport.cpp.obj)
                0x0380972c                vex::pot::pot(vex::triport::port&)
                0x0380972c                vex::pot::pot(vex::triport::port&)
 .text._ZN3vex3potD2Ev
                0x0380974c        0x4 C:\Program Files (x86)\VEX Robotics\VEXcode V5 Text\sdk/vexv5\libv5rt.a(vex_triport.cpp.obj)
                0x0380974c                vex::pot::~pot()
                0x0380974c                vex::pot::~pot()
 .text._ZN3vex3pot5valueENS_11analogUnitsE
                0x03809750        0x4 C:\Program Files (x86)\VEX Robotics\VEXcode V5 Text\sdk/vexv5\libv5rt.a(vex_triport.cpp.obj)
                0x03809750                vex::pot::value(vex::analogUnits)
 .text._ZN3vex4gyroC2ERNS_7triport4portE
                0x03809754       0x48 C:\Program Files (x86)\VEX Robotics\VEXcode V5 Text\sdk/vexv5\libv5rt.a(vex_triport.cpp.obj)
                0x03809754                vex::gyro::gyro(vex::triport::port&)
                0x03809754                vex::gyro::gyro(vex::triport::port&)
 .text._ZN3vex4gyroD2Ev
                0x0380979c        0x4 C:\Program Files (x86)\VEX Robotics\VEXcode V5 Text\sdk/vexv5\libv5rt.a(vex_triport.cpp.obj)
                0x0380979c                vex::gyro::~gyro()
                0x0380979c                vex::gyro::~gyro()
 .text._ZN3vex4gyro10resetAngleEdNS_13rotationUnitsE
                0x038097a0       0x60 C:\Program Files (x86)\VEX Robotics\VEXcode V5 Text\sdk/vexv5\libv5rt.a(vex_triport.cpp.obj)
                0x038097a0                vex::gyro::resetAngle(double, vex::rotationUnits)
 .text._ZN3vex4gyro10setHeadingEdNS_13rotationUnitsE
                0x03809800        0x4 C:\Program Files (x86)\VEX Robotics\VEXcode V5 Text\sdk/vexv5\libv5rt.a(vex_triport.cpp.obj)
                0x03809800                vex::gyro::setHeading(double, vex::rotationUnits)
 .text._ZN3vex4gyro16startCalibrationEl
                0x03809804       0x20 C:\Program Files (x86)\VEX Robotics\VEXcode V5 Text\sdk/vexv5\libv5rt.a(vex_triport.cpp.obj)
                0x03809804                vex::gyro::startCalibration(long)
 .text._ZN3vex4gyro9calibrateEl
                0x03809824        0x4 C:\Program Files (x86)\VEX Robotics\VEXcode V5 Text\sdk/vexv5\libv5rt.a(vex_triport.cpp.obj)
                0x03809824                vex::gyro::calibrate(long)
 .text.startup._GLOBAL__sub_I__ZN3vex7triportC2El
                0x03809828       0x30 C:\Program Files (x86)\VEX Robotics\VEXcode V5 Text\sdk/vexv5\libv5rt.a(vex_triport.cpp.obj)
 .text._ZN3vex5colorD2Ev
                0x03809858        0x4 C:\Program Files (x86)\VEX Robotics\VEXcode V5 Text\sdk/vexv5\libv5rt.a(vex_color.cpp.obj)
                0x03809858                vex::color::~color()
                0x03809858                vex::color::~color()
 .text._ZNK3vex5colorcvmEv
                0x0380985c        0x8 C:\Program Files (x86)\VEX Robotics\VEXcode V5 Text\sdk/vexv5\libv5rt.a(vex_color.cpp.obj)
                0x0380985c                vex::color::operator unsigned long() const
 .text._ZNK3vex5color13isTransparentEv
                0x03809864        0x8 C:\Program Files (x86)\VEX Robotics\VEXcode V5 Text\sdk/vexv5\libv5rt.a(vex_color.cpp.obj)
                0x03809864                vex::color::isTransparent() const
 .text.startup._GLOBAL__sub_I__ZN3vex5color5blackE
                0x0380986c      0x164 C:\Program Files (x86)\VEX Robotics\VEXcode V5 Text\sdk/vexv5\libv5rt.a(vex_color.cpp.obj)
 .text._ZN3vex5timerD2Ev
                0x038099d0        0x4 C:\Program Files (x86)\VEX Robotics\VEXcode V5 Text\sdk/vexv5\libv5rt.a(vex_timer.cpp.obj)
                0x038099d0                vex::timer::~timer()
                0x038099d0                vex::timer::~timer()
 .text._ZN3vex5timer5clearEv
                0x038099d4       0x1c C:\Program Files (x86)\VEX Robotics\VEXcode V5 Text\sdk/vexv5\libv5rt.a(vex_timer.cpp.obj)
                0x038099d4                vex::timer::clear()
 .text._ZN3vex5timerC2Ev
                0x038099f0       0x14 C:\Program Files (x86)\VEX Robotics\VEXcode V5 Text\sdk/vexv5\libv5rt.a(vex_timer.cpp.obj)
                0x038099f0                vex::timer::timer()
                0x038099f0                vex::timer::timer()
 .text._ZN3vex5timer5resetEv
                0x03809a04        0x4 C:\Program Files (x86)\VEX Robotics\VEXcode V5 Text\sdk/vexv5\libv5rt.a(vex_timer.cpp.obj)
                0x03809a04                vex::timer::reset()
 .text._ZNK3vex5timer4timeEv
                0x03809a08       0x1c C:\Program Files (x86)\VEX Robotics\VEXcode V5 Text\sdk/vexv5\libv5rt.a(vex_timer.cpp.obj)
                0x03809a08                vex::timer::time() const
 .text._ZN3vex11motor_group18motor_group_motorsC2Ev
                0x03809a24       0x28 C:\Program Files (x86)\VEX Robotics\VEXcode V5 Text\sdk/vexv5\libv5rt.a(vex_motorgroup.cpp.obj)
                0x03809a24                vex::motor_group::motor_group_motors::motor_group_motors()
                0x03809a24                vex::motor_group::motor_group_motors::motor_group_motors()
 .text._ZN3vex11motor_groupC2Ev
                0x03809a4c       0x1c C:\Program Files (x86)\VEX Robotics\VEXcode V5 Text\sdk/vexv5\libv5rt.a(vex_motorgroup.cpp.obj)
                0x03809a4c                vex::motor_group::motor_group()
                0x03809a4c                vex::motor_group::motor_group()
 .text._ZN3vex11motor_groupD2Ev
                0x03809a68        0x4 C:\Program Files (x86)\VEX Robotics\VEXcode V5 Text\sdk/vexv5\libv5rt.a(vex_motorgroup.cpp.obj)
                0x03809a68                vex::motor_group::~motor_group()
                0x03809a68                vex::motor_group::~motor_group()
 .text._ZN3vex11motor_group9_addMotorERNS_5motorE
                0x03809a6c       0x24 C:\Program Files (x86)\VEX Robotics\VEXcode V5 Text\sdk/vexv5\libv5rt.a(vex_motorgroup.cpp.obj)
                0x03809a6c                vex::motor_group::_addMotor(vex::motor&)
 .text._ZN3vex11motor_group11setVelocityEdNS_13velocityUnitsE
                0x03809a90       0x4c C:\Program Files (x86)\VEX Robotics\VEXcode V5 Text\sdk/vexv5\libv5rt.a(vex_motorgroup.cpp.obj)
                0x03809a90                vex::motor_group::setVelocity(double, vex::velocityUnits)
 .text._ZN3vex11motor_group4spinENS_13directionTypeEdNS_13velocityUnitsE
                0x03809adc       0x54 C:\Program Files (x86)\VEX Robotics\VEXcode V5 Text\sdk/vexv5\libv5rt.a(vex_motorgroup.cpp.obj)
                0x03809adc                vex::motor_group::spin(vex::directionType, double, vex::velocityUnits)
 .text._ZN3vex11motor_group4spinENS_13directionTypeEdNS_12voltageUnitsE
                0x03809b30       0x54 C:\Program Files (x86)\VEX Robotics\VEXcode V5 Text\sdk/vexv5\libv5rt.a(vex_motorgroup.cpp.obj)
                0x03809b30                vex::motor_group::spin(vex::directionType, double, vex::voltageUnits)
 .text._ZN3vex11motor_group10isSpinningEv
                0x03809b84       0x40 C:\Program Files (x86)\VEX Robotics\VEXcode V5 Text\sdk/vexv5\libv5rt.a(vex_motorgroup.cpp.obj)
                0x03809b84                vex::motor_group::isSpinning()
 .text._ZN3vex11motor_group6isDoneEv
                0x03809bc4       0x14 C:\Program Files (x86)\VEX Robotics\VEXcode V5 Text\sdk/vexv5\libv5rt.a(vex_motorgroup.cpp.obj)
                0x03809bc4                vex::motor_group::isDone()
 .text._ZN3vex11motor_group4stopEv
                0x03809bd8       0x30 C:\Program Files (x86)\VEX Robotics\VEXcode V5 Text\sdk/vexv5\libv5rt.a(vex_motorgroup.cpp.obj)
                0x03809bd8                vex::motor_group::stop()
 .text._ZN3vex11motor_group8rotationENS_13rotationUnitsE
                0x03809c08        0xc C:\Program Files (x86)\VEX Robotics\VEXcode V5 Text\sdk/vexv5\libv5rt.a(vex_motorgroup.cpp.obj)
                0x03809c08                vex::motor_group::rotation(vex::rotationUnits)
 .text._ZN3vex11motor_group8positionENS_13rotationUnitsE
                0x03809c14        0x4 C:\Program Files (x86)\VEX Robotics\VEXcode V5 Text\sdk/vexv5\libv5rt.a(vex_motorgroup.cpp.obj)
                0x03809c14                vex::motor_group::position(vex::rotationUnits)
 .text._ZN3vex11motor_group8velocityENS_13velocityUnitsE
                0x03809c18        0xc C:\Program Files (x86)\VEX Robotics\VEXcode V5 Text\sdk/vexv5\libv5rt.a(vex_motorgroup.cpp.obj)
                0x03809c18                vex::motor_group::velocity(vex::velocityUnits)
 .text._ZN3vex11motor_group20waitForCompletionAllEv
                0x03809c24       0x60 C:\Program Files (x86)\VEX Robotics\VEXcode V5 Text\sdk/vexv5\libv5rt.a(vex_motorgroup.cpp.obj)
                0x03809c24                vex::motor_group::waitForCompletionAll()
 .text._ZN3vex11motor_group9rotateForEdNS_13rotationUnitsEdNS_13velocityUnitsEb
                0x03809c84       0x98 C:\Program Files (x86)\VEX Robotics\VEXcode V5 Text\sdk/vexv5\libv5rt.a(vex_motorgroup.cpp.obj)
                0x03809c84                vex::motor_group::rotateFor(double, vex::rotationUnits, double, vex::velocityUnits, bool)
 .text._ZN3vex11motor_group7spinForEdNS_13rotationUnitsEdNS_13velocityUnitsEb
                0x03809d1c       0x14 C:\Program Files (x86)\VEX Robotics\VEXcode V5 Text\sdk/vexv5\libv5rt.a(vex_motorgroup.cpp.obj)
                0x03809d1c                vex::motor_group::spinFor(double, vex::rotationUnits, double, vex::velocityUnits, bool)
 .text._ZN3vex11motor_group9rotateForENS_13directionTypeEdNS_13rotationUnitsEdNS_13velocityUnitsEb
                0x03809d30       0xa8 C:\Program Files (x86)\VEX Robotics\VEXcode V5 Text\sdk/vexv5\libv5rt.a(vex_motorgroup.cpp.obj)
                0x03809d30                vex::motor_group::rotateFor(vex::directionType, double, vex::rotationUnits, double, vex::velocityUnits, bool)
 .text._ZN3vex11motor_group7spinForENS_13directionTypeEdNS_13rotationUnitsEdNS_13velocityUnitsEb
                0x03809dd8       0x14 C:\Program Files (x86)\VEX Robotics\VEXcode V5 Text\sdk/vexv5\libv5rt.a(vex_motorgroup.cpp.obj)
                0x03809dd8                vex::motor_group::spinFor(vex::directionType, double, vex::rotationUnits, double, vex::velocityUnits, bool)
 .text._ZN3vex11motor_group9rotateForENS_13directionTypeEdNS_13rotationUnitsEb
                0x03809dec       0x80 C:\Program Files (x86)\VEX Robotics\VEXcode V5 Text\sdk/vexv5\libv5rt.a(vex_motorgroup.cpp.obj)
                0x03809dec                vex::motor_group::rotateFor(vex::directionType, double, vex::rotationUnits, bool)
 .text._ZN3vex11motor_group7spinForENS_13directionTypeEdNS_13rotationUnitsEb
                0x03809e6c        0xc C:\Program Files (x86)\VEX Robotics\VEXcode V5 Text\sdk/vexv5\libv5rt.a(vex_motorgroup.cpp.obj)
                0x03809e6c                vex::motor_group::spinFor(vex::directionType, double, vex::rotationUnits, bool)
 .text._ZN3vex10drivetrain8isMovingEv
                0x03809e78       0x24 C:\Program Files (x86)\VEX Robotics\VEXcode V5 Text\sdk/vexv5\libv5rt.a(vex_drivetrain.cpp.obj)
                0x03809e78                vex::drivetrain::isMoving()
 .text._ZN3vex10drivetrainD2Ev
                0x03809e9c       0x28 C:\Program Files (x86)\VEX Robotics\VEXcode V5 Text\sdk/vexv5\libv5rt.a(vex_drivetrain.cpp.obj)
                0x03809e9c                vex::drivetrain::~drivetrain()
                0x03809e9c                vex::drivetrain::~drivetrain()
 .text._ZN3vex10drivetrain16setDriveVelocityEdNS_13velocityUnitsE
                0x03809ec4       0x54 C:\Program Files (x86)\VEX Robotics\VEXcode V5 Text\sdk/vexv5\libv5rt.a(vex_drivetrain.cpp.obj)
                0x03809ec4                vex::drivetrain::setDriveVelocity(double, vex::velocityUnits)
 .text._ZN3vex10drivetrain12setGearRatioEd
                0x03809f18       0x54 C:\Program Files (x86)\VEX Robotics\VEXcode V5 Text\sdk/vexv5\libv5rt.a(vex_drivetrain.cpp.obj)
                0x03809f18                vex::drivetrain::setGearRatio(double)
 .text._ZN3vex10drivetrain10timeoutGetEv
                0x03809f6c        0x8 C:\Program Files (x86)\VEX Robotics\VEXcode V5 Text\sdk/vexv5\libv5rt.a(vex_drivetrain.cpp.obj)
                0x03809f6c                vex::drivetrain::timeoutGet()
 .text._ZN3vex10drivetrain4turnENS_8turnTypeE
                0x03809f74       0x50 C:\Program Files (x86)\VEX Robotics\VEXcode V5 Text\sdk/vexv5\libv5rt.a(vex_drivetrain.cpp.obj)
                0x03809f74                vex::drivetrain::turn(vex::turnType)
 .text._ZN3vex10drivetrain15setTurnVelocityEdNS_13velocityUnitsE
                0x03809fc4       0x28 C:\Program Files (x86)\VEX Robotics\VEXcode V5 Text\sdk/vexv5\libv5rt.a(vex_drivetrain.cpp.obj)
                0x03809fc4                vex::drivetrain::setTurnVelocity(double, vex::velocityUnits)
 .text._ZN3vex10drivetrain4turnENS_8turnTypeEdNS_13velocityUnitsE
                0x03809fec       0x6c C:\Program Files (x86)\VEX Robotics\VEXcode V5 Text\sdk/vexv5\libv5rt.a(vex_drivetrain.cpp.obj)
                0x03809fec                vex::drivetrain::turn(vex::turnType, double, vex::velocityUnits)
 .text._ZN3vex10drivetrain6isDoneEv
                0x0380a058       0x14 C:\Program Files (x86)\VEX Robotics\VEXcode V5 Text\sdk/vexv5\libv5rt.a(vex_drivetrain.cpp.obj)
                0x0380a058                vex::drivetrain::isDone()
 .text._ZN3vex10drivetrain4stopEv
                0x0380a06c       0x24 C:\Program Files (x86)\VEX Robotics\VEXcode V5 Text\sdk/vexv5\libv5rt.a(vex_drivetrain.cpp.obj)
                0x0380a06c                vex::drivetrain::stop()
 .text._ZN3vex10drivetrain8velocityENS_13velocityUnitsE
                0x0380a090       0x44 C:\Program Files (x86)\VEX Robotics\VEXcode V5 Text\sdk/vexv5\libv5rt.a(vex_drivetrain.cpp.obj)
                0x0380a090                vex::drivetrain::velocity(vex::velocityUnits)
 .text._ZN3vex10drivetrain21_waitForCompletionAllEv
                0x0380a0d4       0x60 C:\Program Files (x86)\VEX Robotics\VEXcode V5 Text\sdk/vexv5\libv5rt.a(vex_drivetrain.cpp.obj)
                0x0380a0d4                vex::drivetrain::_waitForCompletionAll()
 *fill*         0x0380a134        0x4 
 .text._ZN3vex10drivetrain12distanceToMmEdNS_13distanceUnitsE
                0x0380a138       0x38 C:\Program Files (x86)\VEX Robotics\VEXcode V5 Text\sdk/vexv5\libv5rt.a(vex_drivetrain.cpp.obj)
                0x0380a138                vex::drivetrain::distanceToMm(double, vex::distanceUnits)
 .text._ZN3vex10drivetrainC2ERNS_11motor_groupES2_dddNS_13distanceUnitsEd
                0x0380a170       0xe8 C:\Program Files (x86)\VEX Robotics\VEXcode V5 Text\sdk/vexv5\libv5rt.a(vex_drivetrain.cpp.obj)
                0x0380a170                vex::drivetrain::drivetrain(vex::motor_group&, vex::motor_group&, double, double, double, vex::distanceUnits, double)
                0x0380a170                vex::drivetrain::drivetrain(vex::motor_group&, vex::motor_group&, double, double, double, vex::distanceUnits, double)
 .text._ZN3vex10drivetrain12_angleToRevsEdNS_13rotationUnitsE
                0x0380a258       0xc0 C:\Program Files (x86)\VEX Robotics\VEXcode V5 Text\sdk/vexv5\libv5rt.a(vex_drivetrain.cpp.obj)
                0x0380a258                vex::drivetrain::_angleToRevs(double, vex::rotationUnits)
 .text._ZN3vex10drivetrain7turnForENS_8turnTypeEdNS_13rotationUnitsEb
                0x0380a318       0xbc C:\Program Files (x86)\VEX Robotics\VEXcode V5 Text\sdk/vexv5\libv5rt.a(vex_drivetrain.cpp.obj)
                0x0380a318                vex::drivetrain::turnFor(vex::turnType, double, vex::rotationUnits, bool)
 .text._ZN3vex10drivetrain7turnForEdNS_13rotationUnitsEb
                0x0380a3d4       0x10 C:\Program Files (x86)\VEX Robotics\VEXcode V5 Text\sdk/vexv5\libv5rt.a(vex_drivetrain.cpp.obj)
                0x0380a3d4                vex::drivetrain::turnFor(double, vex::rotationUnits, bool)
 .text._ZN3vex10drivetrain7turnForENS_8turnTypeEdNS_13rotationUnitsEdNS_13velocityUnitsEb
                0x0380a3e4       0xd0 C:\Program Files (x86)\VEX Robotics\VEXcode V5 Text\sdk/vexv5\libv5rt.a(vex_drivetrain.cpp.obj)
                0x0380a3e4                vex::drivetrain::turnFor(vex::turnType, double, vex::rotationUnits, double, vex::velocityUnits, bool)
 .text._ZN3vex10drivetrain7turnForEdNS_13rotationUnitsEdNS_13velocityUnitsEb
                0x0380a4b4       0x18 C:\Program Files (x86)\VEX Robotics\VEXcode V5 Text\sdk/vexv5\libv5rt.a(vex_drivetrain.cpp.obj)
                0x0380a4b4                vex::drivetrain::turnFor(double, vex::rotationUnits, double, vex::velocityUnits, bool)
 .text._ZN3vex10smartdriveC2ERNS_11motor_groupES2_RNS_8inertialEdddNS_13distanceUnitsEd
                0x0380a4cc       0x78 C:\Program Files (x86)\VEX Robotics\VEXcode V5 Text\sdk/vexv5\libv5rt.a(vex_smartdrive.cpp.obj)
                0x0380a4cc                vex::smartdrive::smartdrive(vex::motor_group&, vex::motor_group&, vex::inertial&, double, double, double, vex::distanceUnits, double)
                0x0380a4cc                vex::smartdrive::smartdrive(vex::motor_group&, vex::motor_group&, vex::inertial&, double, double, double, vex::distanceUnits, double)
 .text._ZN3vex10smartdriveD2Ev
                0x0380a544       0x3c C:\Program Files (x86)\VEX Robotics\VEXcode V5 Text\sdk/vexv5\libv5rt.a(vex_smartdrive.cpp.obj)
                0x0380a544                vex::smartdrive::~smartdrive()
                0x0380a544                vex::smartdrive::~smartdrive()
 .text._ZN3vex10smartdrive8rotationENS_13rotationUnitsE
                0x0380a580       0x10 C:\Program Files (x86)\VEX Robotics\VEXcode V5 Text\sdk/vexv5\libv5rt.a(vex_smartdrive.cpp.obj)
                0x0380a580                vex::smartdrive::rotation(vex::rotationUnits)
 .text._ZN3vex10smartdrive9isTurningEv
                0x0380a590       0x14 C:\Program Files (x86)\VEX Robotics\VEXcode V5 Text\sdk/vexv5\libv5rt.a(vex_smartdrive.cpp.obj)
                0x0380a590                vex::smartdrive::isTurning()
 .text._ZN3vex10smartdrive8isMovingEv
                0x0380a5a4        0x4 C:\Program Files (x86)\VEX Robotics\VEXcode V5 Text\sdk/vexv5\libv5rt.a(vex_smartdrive.cpp.obj)
                0x0380a5a4                vex::smartdrive::isMoving()
 .text._ZN3vex10smartdrive11_initeventsEv
                0x0380a5a8       0x50 C:\Program Files (x86)\VEX Robotics\VEXcode V5 Text\sdk/vexv5\libv5rt.a(vex_smartdrive.cpp.obj)
                0x0380a5a8                vex::smartdrive::_initevents()
 .text._ZN3vex10smartdrive22_testForCompletionGyroEv
                0x0380a5f8      0x11c C:\Program Files (x86)\VEX Robotics\VEXcode V5 Text\sdk/vexv5\libv5rt.a(vex_smartdrive.cpp.obj)
                0x0380a5f8                vex::smartdrive::_testForCompletionGyro()
 .text._ZN3vex10smartdrive9_gyrotaskEPv
                0x0380a714       0x7c C:\Program Files (x86)\VEX Robotics\VEXcode V5 Text\sdk/vexv5\libv5rt.a(vex_smartdrive.cpp.obj)
                0x0380a714                vex::smartdrive::_gyrotask(void*)
 .text._ZN3vex10smartdrive22_waitForCompletionGyroEv
                0x0380a790       0x88 C:\Program Files (x86)\VEX Robotics\VEXcode V5 Text\sdk/vexv5\libv5rt.a(vex_smartdrive.cpp.obj)
                0x0380a790                vex::smartdrive::_waitForCompletionGyro()
 .text._ZN3vex10smartdrive7turnForENS_8turnTypeEdNS_13rotationUnitsEdNS_13velocityUnitsEb
                0x0380a818      0x170 C:\Program Files (x86)\VEX Robotics\VEXcode V5 Text\sdk/vexv5\libv5rt.a(vex_smartdrive.cpp.obj)
                0x0380a818                vex::smartdrive::turnFor(vex::turnType, double, vex::rotationUnits, double, vex::velocityUnits, bool)
 .text._ZN3vex10smartdrive7turnForENS_8turnTypeEdNS_13rotationUnitsEb
                0x0380a988       0x34 C:\Program Files (x86)\VEX Robotics\VEXcode V5 Text\sdk/vexv5\libv5rt.a(vex_smartdrive.cpp.obj)
                0x0380a988                vex::smartdrive::turnFor(vex::turnType, double, vex::rotationUnits, bool)
 .text._ZN3vex10smartdrive7turnForEdNS_13rotationUnitsEb
                0x0380a9bc       0x10 C:\Program Files (x86)\VEX Robotics\VEXcode V5 Text\sdk/vexv5\libv5rt.a(vex_smartdrive.cpp.obj)
                0x0380a9bc                vex::smartdrive::turnFor(double, vex::rotationUnits, bool)
 .text._ZN3vex10smartdrive7turnForEdNS_13rotationUnitsEdNS_13velocityUnitsEb
                0x0380a9cc       0x18 C:\Program Files (x86)\VEX Robotics\VEXcode V5 Text\sdk/vexv5\libv5rt.a(vex_smartdrive.cpp.obj)
                0x0380a9cc                vex::smartdrive::turnFor(double, vex::rotationUnits, double, vex::velocityUnits, bool)
 .text.vexAdiPortConfigSet
                0x0380a9e4       0x28 C:\Program Files (x86)\VEX Robotics\VEXcode V5 Text\sdk/vexv5\libv5rt.a(v5_apiuser.c.obj)
                0x0380a9e4                vexAdiPortConfigSet
 .text.vexAdiPortConfigGet
                0x0380aa0c       0x28 C:\Program Files (x86)\VEX Robotics\VEXcode V5 Text\sdk/vexv5\libv5rt.a(v5_apiuser.c.obj)
                0x0380aa0c                vexAdiPortConfigGet
 .text.vexAdiValueSet
                0x0380aa34       0x28 C:\Program Files (x86)\VEX Robotics\VEXcode V5 Text\sdk/vexv5\libv5rt.a(v5_apiuser.c.obj)
                0x0380aa34                vexAdiValueSet
 .text.vexAdiValueGet
                0x0380aa5c       0x20 C:\Program Files (x86)\VEX Robotics\VEXcode V5 Text\sdk/vexv5\libv5rt.a(v5_apiuser.c.obj)
                0x0380aa5c                vexAdiValueGet
 .text.vexMotorVelocitySet
                0x0380aa7c       0x20 C:\Program Files (x86)\VEX Robotics\VEXcode V5 Text\sdk/vexv5\libv5rt.a(v5_apiuser.c.obj)
                0x0380aa7c                vexMotorVelocitySet
 .text.vexMotorVoltageSet
                0x0380aa9c       0x20 C:\Program Files (x86)\VEX Robotics\VEXcode V5 Text\sdk/vexv5\libv5rt.a(v5_apiuser.c.obj)
                0x0380aa9c                vexMotorVoltageSet
 .text.vexMotorActualVelocityGet
                0x0380aabc       0x24 C:\Program Files (x86)\VEX Robotics\VEXcode V5 Text\sdk/vexv5\libv5rt.a(v5_apiuser.c.obj)
                0x0380aabc                vexMotorActualVelocityGet
 .text.vexMotorZeroPositionFlagGet
                0x0380aae0       0x18 C:\Program Files (x86)\VEX Robotics\VEXcode V5 Text\sdk/vexv5\libv5rt.a(v5_apiuser.c.obj)
                0x0380aae0                vexMotorZeroPositionFlagGet
 .text.vexMotorReverseFlagSet
                0x0380aaf8       0x20 C:\Program Files (x86)\VEX Robotics\VEXcode V5 Text\sdk/vexv5\libv5rt.a(v5_apiuser.c.obj)
                0x0380aaf8                vexMotorReverseFlagSet
 .text.vexMotorEncoderUnitsSet
                0x0380ab18       0x20 C:\Program Files (x86)\VEX Robotics\VEXcode V5 Text\sdk/vexv5\libv5rt.a(v5_apiuser.c.obj)
                0x0380ab18                vexMotorEncoderUnitsSet
 .text.vexMotorBrakeModeSet
                0x0380ab38       0x20 C:\Program Files (x86)\VEX Robotics\VEXcode V5 Text\sdk/vexv5\libv5rt.a(v5_apiuser.c.obj)
                0x0380ab38                vexMotorBrakeModeSet
 .text.vexMotorPositionSet
                0x0380ab58       0x28 C:\Program Files (x86)\VEX Robotics\VEXcode V5 Text\sdk/vexv5\libv5rt.a(v5_apiuser.c.obj)
                0x0380ab58                vexMotorPositionSet
 .text.vexMotorPositionGet
                0x0380ab80       0x24 C:\Program Files (x86)\VEX Robotics\VEXcode V5 Text\sdk/vexv5\libv5rt.a(v5_apiuser.c.obj)
                0x0380ab80                vexMotorPositionGet
 .text.vexMotorRelativeTargetSet
                0x0380aba4       0x30 C:\Program Files (x86)\VEX Robotics\VEXcode V5 Text\sdk/vexv5\libv5rt.a(v5_apiuser.c.obj)
                0x0380aba4                vexMotorRelativeTargetSet
 .text.vexMotorGearingSet
                0x0380abd4       0x20 C:\Program Files (x86)\VEX Robotics\VEXcode V5 Text\sdk/vexv5\libv5rt.a(v5_apiuser.c.obj)
                0x0380abd4                vexMotorGearingSet
 .text.vexMotorGearingGet
                0x0380abf4       0x18 C:\Program Files (x86)\VEX Robotics\VEXcode V5 Text\sdk/vexv5\libv5rt.a(v5_apiuser.c.obj)
                0x0380abf4                vexMotorGearingGet
 .text.vexImuReset
                0x0380ac0c       0x10 C:\Program Files (x86)\VEX Robotics\VEXcode V5 Text\sdk/vexv5\libv5rt.a(v5_apiuser.c.obj)
                0x0380ac0c                vexImuReset
 .text.vexImuHeadingGet
                0x0380ac1c       0x10 C:\Program Files (x86)\VEX Robotics\VEXcode V5 Text\sdk/vexv5\libv5rt.a(v5_apiuser.c.obj)
                0x0380ac1c                vexImuHeadingGet
 .text.vexImuDegreesGet
                0x0380ac2c       0x10 C:\Program Files (x86)\VEX Robotics\VEXcode V5 Text\sdk/vexv5\libv5rt.a(v5_apiuser.c.obj)
                0x0380ac2c                vexImuDegreesGet
 .text.vexImuStatusGet
                0x0380ac3c       0x10 C:\Program Files (x86)\VEX Robotics\VEXcode V5 Text\sdk/vexv5\libv5rt.a(v5_apiuser.c.obj)
                0x0380ac3c                vexImuStatusGet
 .text.vexEventMaskSet
                0x0380ac4c       0x28 C:\Program Files (x86)\VEX Robotics\VEXcode V5 Text\sdk/vexv5\libv5rt.a(v5_apiuser.c.obj)
                0x0380ac4c                vexEventMaskSet
 .text.vexEventMaskGet
                0x0380ac74       0x18 C:\Program Files (x86)\VEX Robotics\VEXcode V5 Text\sdk/vexv5\libv5rt.a(v5_apiuser.c.obj)
                0x0380ac74                vexEventMaskGet
 .text._ZN3vex6device5valueEv
                0x0380ac8c        0x8 C:\Program Files (x86)\VEX Robotics\VEXcode V5 Text\sdk/vexv5\libv5rt.a(vex_device.cpp.obj)
                0x0380ac8c                vex::device::value()
 .text._ZN3vex6deviceD2Ev
                0x0380ac94        0x4 C:\Program Files (x86)\VEX Robotics\VEXcode V5 Text\sdk/vexv5\libv5rt.a(vex_device.cpp.obj)
                0x0380ac94                vex::device::~device()
                0x0380ac94                vex::device::~device()
 .text._ZN3vex6device4initEl
                0x0380ac98       0x30 C:\Program Files (x86)\VEX Robotics\VEXcode V5 Text\sdk/vexv5\libv5rt.a(vex_device.cpp.obj)
                0x0380ac98                vex::device::init(long)
 .text._ZN3vex6deviceC2El
                0x0380acc8       0x20 C:\Program Files (x86)\VEX Robotics\VEXcode V5 Text\sdk/vexv5\libv5rt.a(vex_device.cpp.obj)
                0x0380acc8                vex::device::device(long)
                0x0380acc8                vex::device::device(long)
 .text._ZN3vex6device4typeEv
                0x0380ace8       0x10 C:\Program Files (x86)\VEX Robotics\VEXcode V5 Text\sdk/vexv5\libv5rt.a(vex_device.cpp.obj)
                0x0380ace8                vex::device::type()
 .text._ZN3vex6device9installedEv
                0x0380acf8       0x14 C:\Program Files (x86)\VEX Robotics\VEXcode V5 Text\sdk/vexv5\libv5rt.a(vex_device.cpp.obj)
                0x0380acf8                vex::device::installed()
 .text._ZN10__cxxabiv120__si_class_type_infoD2Ev
                0x0380ad0c       0x14 C:\Program Files (x86)\VEX Robotics\VEXcode V5 Text\sdk/vexv5/gcc/libs\libstdc++.a(si_class_type_info.o)
                0x0380ad0c                __cxxabiv1::__si_class_type_info::~__si_class_type_info()
                0x0380ad0c                __cxxabiv1::__si_class_type_info::~__si_class_type_info()
 .text._ZN10__cxxabiv120__si_class_type_infoD0Ev
                0x0380ad20       0x1c C:\Program Files (x86)\VEX Robotics\VEXcode V5 Text\sdk/vexv5/gcc/libs\libstdc++.a(si_class_type_info.o)
                0x0380ad20                __cxxabiv1::__si_class_type_info::~__si_class_type_info()
 .text._ZNK10__cxxabiv120__si_class_type_info20__do_find_public_srcEiPKvPKNS_17__class_type_infoES2_
                0x0380ad3c       0x3c C:\Program Files (x86)\VEX Robotics\VEXcode V5 Text\sdk/vexv5/gcc/libs\libstdc++.a(si_class_type_info.o)
                0x0380ad3c                __cxxabiv1::__si_class_type_info::__do_find_public_src(int, void const*, __cxxabiv1::__class_type_info const*, void const*) const
 .text._ZNK10__cxxabiv120__si_class_type_info12__do_dyncastEiNS_17__class_type_info10__sub_kindEPKS1_PKvS4_S6_RNS1_16__dyncast_resultE
                0x0380ad78       0x8c C:\Program Files (x86)\VEX Robotics\VEXcode V5 Text\sdk/vexv5/gcc/libs\libstdc++.a(si_class_type_info.o)
                0x0380ad78                __cxxabiv1::__si_class_type_info::__do_dyncast(int, __cxxabiv1::__class_type_info::__sub_kind, __cxxabiv1::__class_type_info const*, void const*, __cxxabiv1::__class_type_info const*, void const*, __cxxabiv1::__class_type_info::__dyncast_result&) const
 .text._ZNK10__cxxabiv120__si_class_type_info11__do_upcastEPKNS_17__class_type_infoEPKvRNS1_15__upcast_resultE
                0x0380ae04       0x2c C:\Program Files (x86)\VEX Robotics\VEXcode V5 Text\sdk/vexv5/gcc/libs\libstdc++.a(si_class_type_info.o)
                0x0380ae04                __cxxabiv1::__si_class_type_info::__do_upcast(__cxxabiv1::__class_type_info const*, void const*, __cxxabiv1::__class_type_info::__upcast_result&) const
 .text._ZNSt8ios_base17_M_call_callbacksENS_5eventE
                0x0380ae30       0x34 C:\Program Files (x86)\VEX Robotics\VEXcode V5 Text\sdk/vexv5/gcc/libs\libstdc++.a(ios.o)
                0x0380ae30                std::ios_base::_M_call_callbacks(std::ios_base::event)
 .text._ZNSt8ios_base20_M_dispose_callbacksEv
                0x0380ae64       0x2c C:\Program Files (x86)\VEX Robotics\VEXcode V5 Text\sdk/vexv5/gcc/libs\libstdc++.a(ios.o)
                0x0380ae64                std::ios_base::_M_dispose_callbacks()
 .text._ZNSt8ios_baseD2Ev
                0x0380ae90       0x38 C:\Program Files (x86)\VEX Robotics\VEXcode V5 Text\sdk/vexv5/gcc/libs\libstdc++.a(ios.o)
                0x0380ae90                std::ios_base::~ios_base()
                0x0380ae90                std::ios_base::~ios_base()
 .text._ZNSt8ios_baseD0Ev
                0x0380aec8       0x14 C:\Program Files (x86)\VEX Robotics\VEXcode V5 Text\sdk/vexv5/gcc/libs\libstdc++.a(ios.o)
                0x0380aec8                std::ios_base::~ios_base()
 .text._ZNK10__cxxabiv117__class_type_info11__do_upcastEPKS0_PPv
                0x0380aedc       0x38 C:\Program Files (x86)\VEX Robotics\VEXcode V5 Text\sdk/vexv5/gcc/libs\libstdc++.a(class_type_info.o)
                0x0380aedc                __cxxabiv1::__class_type_info::__do_upcast(__cxxabiv1::__class_type_info const*, void**) const
 .text._ZNK10__cxxabiv117__class_type_info20__do_find_public_srcEiPKvPKS0_S2_
                0x0380af14        0xc C:\Program Files (x86)\VEX Robotics\VEXcode V5 Text\sdk/vexv5/gcc/libs\libstdc++.a(class_type_info.o)
                0x0380af14                __cxxabiv1::__class_type_info::__do_find_public_src(int, void const*, __cxxabiv1::__class_type_info const*, void const*) const
 .text._ZN10__cxxabiv117__class_type_infoD2Ev
                0x0380af20       0x14 C:\Program Files (x86)\VEX Robotics\VEXcode V5 Text\sdk/vexv5/gcc/libs\libstdc++.a(class_type_info.o)
                0x0380af20                __cxxabiv1::__class_type_info::~__class_type_info()
                0x0380af20                __cxxabiv1::__class_type_info::~__class_type_info()
 .text._ZN10__cxxabiv117__class_type_infoD0Ev
                0x0380af34       0x1c C:\Program Files (x86)\VEX Robotics\VEXcode V5 Text\sdk/vexv5/gcc/libs\libstdc++.a(class_type_info.o)
                0x0380af34                __cxxabiv1::__class_type_info::~__class_type_info()
 .text._ZNK10__cxxabiv117__class_type_info11__do_upcastEPKS0_PKvRNS0_15__upcast_resultE
                0x0380af50       0x18 C:\Program Files (x86)\VEX Robotics\VEXcode V5 Text\sdk/vexv5/gcc/libs\libstdc++.a(class_type_info.o)
                0x0380af50                __cxxabiv1::__class_type_info::__do_upcast(__cxxabiv1::__class_type_info const*, void const*, __cxxabiv1::__class_type_info::__upcast_result&) const
 .text._ZNK10__cxxabiv117__class_type_info10__do_catchEPKSt9type_infoPPvj
                0x0380af68       0x2c C:\Program Files (x86)\VEX Robotics\VEXcode V5 Text\sdk/vexv5/gcc/libs\libstdc++.a(class_type_info.o)
                0x0380af68                __cxxabiv1::__class_type_info::__do_catch(std::type_info const*, void**, unsigned int) const
 .text._ZNK10__cxxabiv117__class_type_info12__do_dyncastEiNS0_10__sub_kindEPKS0_PKvS3_S5_RNS0_16__dyncast_resultE
                0x0380af94       0x40 C:\Program Files (x86)\VEX Robotics\VEXcode V5 Text\sdk/vexv5/gcc/libs\libstdc++.a(class_type_info.o)
                0x0380af94                __cxxabiv1::__class_type_info::__do_dyncast(int, __cxxabiv1::__class_type_info::__sub_kind, __cxxabiv1::__class_type_info const*, void const*, __cxxabiv1::__class_type_info const*, void const*, __cxxabiv1::__class_type_info::__dyncast_result&) const
 .text._ZNSt9type_infoD2Ev
                0x0380afd4        0x4 C:\Program Files (x86)\VEX Robotics\VEXcode V5 Text\sdk/vexv5/gcc/libs\libstdc++.a(tinfo.o)
                0x0380afd4                std::type_info::~type_info()
                0x0380afd4                std::type_info::~type_info()
 .text._ZNKSt9type_info14__is_pointer_pEv
                0x0380afd8        0x4 C:\Program Files (x86)\VEX Robotics\VEXcode V5 Text\sdk/vexv5/gcc/libs\libstdc++.a(tinfo.o)
                0x0380afd8                std::type_info::__is_pointer_p() const
 .text._ZNKSt9type_info15__is_function_pEv