Archive member included to satisfy reference by file (symbol)

/Applications/VEXcode V5 Text.app/Contents/Resources/sdk/vexv5/libv5rt.a(v5_startup.c.obj)
                              (vexStartup)
/Applications/VEXcode V5 Text.app/Contents/Resources/sdk/vexv5/libv5rt.a(v5_util.c.obj)
                              /Applications/VEXcode V5 Text.app/Contents/Resources/sdk/vexv5/libv5rt.a(v5_startup.c.obj) (vexStdlibVersionLinked)
/Applications/VEXcode V5 Text.app/Contents/Resources/sdk/vexv5/libv5rt.a(v5_apijump.c.obj)
                              /Applications/VEXcode V5 Text.app/Contents/Resources/sdk/vexv5/libv5rt.a(v5_startup.c.obj) (vexPrivateApiEnable)
/Applications/VEXcode V5 Text.app/Contents/Resources/sdk/vexv5/libv5rt.a(v5_apiversions.c.obj)
                              /Applications/VEXcode V5 Text.app/Contents/Resources/sdk/vexv5/libv5rt.a(v5_apijump.c.obj) (vexSystemVersion)
/Applications/VEXcode V5 Text.app/Contents/Resources/sdk/vexv5/libv5rt.a(vex_global.cpp.obj)
                              build/src/gui.o (vex::yellow)
/Applications/VEXcode V5 Text.app/Contents/Resources/sdk/vexv5/libv5rt.a(vex_motor.cpp.obj)
                              build/src/robot-config.o (vex::motor::~motor())
/Applications/VEXcode V5 Text.app/Contents/Resources/sdk/vexv5/libv5rt.a(vex_imu.cpp.obj)
                              build/src/robot-config.o (vex::inertial::~inertial())
/Applications/VEXcode V5 Text.app/Contents/Resources/sdk/vexv5/libv5rt.a(vex_controller.cpp.obj)
                              build/src/robot-config.o (vex::controller::~controller())
/Applications/VEXcode V5 Text.app/Contents/Resources/sdk/vexv5/libv5rt.a(vex_task.cpp.obj)
                              build/src/ACCESS_OS.o (vex::task::sleep(unsigned long))
/Applications/VEXcode V5 Text.app/Contents/Resources/sdk/vexv5/libv5rt.a(vex_thread.cpp.obj)
                              build/src/drivefunctions.o (vex::thread::thread(int (*)()))
/Applications/VEXcode V5 Text.app/Contents/Resources/sdk/vexv5/libv5rt.a(vex_event.cpp.obj)
                              /Applications/VEXcode V5 Text.app/Contents/Resources/sdk/vexv5/libv5rt.a(vex_imu.cpp.obj) (vex::event::init(unsigned long, unsigned long, void (*)()))
/Applications/VEXcode V5 Text.app/Contents/Resources/sdk/vexv5/libv5rt.a(vex_mevent.cpp.obj)
                              /Applications/VEXcode V5 Text.app/Contents/Resources/sdk/vexv5/libv5rt.a(vex_controller.cpp.obj) (vex::mevent::mevent(unsigned long, unsigned long))
/Applications/VEXcode V5 Text.app/Contents/Resources/sdk/vexv5/libv5rt.a(vex_brain.cpp.obj)
                              build/src/robot-config.o (vex::brain::brain())
/Applications/VEXcode V5 Text.app/Contents/Resources/sdk/vexv5/libv5rt.a(vex_triport.cpp.obj)
                              /Applications/VEXcode V5 Text.app/Contents/Resources/sdk/vexv5/libv5rt.a(vex_brain.cpp.obj) (vex::triport::~triport())
/Applications/VEXcode V5 Text.app/Contents/Resources/sdk/vexv5/libv5rt.a(vex_color.cpp.obj)
                              /Applications/VEXcode V5 Text.app/Contents/Resources/sdk/vexv5/libv5rt.a(vex_brain.cpp.obj) (vex::color::operator unsigned long() const)
/Applications/VEXcode V5 Text.app/Contents/Resources/sdk/vexv5/libv5rt.a(vex_timer.cpp.obj)
                              /Applications/VEXcode V5 Text.app/Contents/Resources/sdk/vexv5/libv5rt.a(vex_brain.cpp.obj) (vex::timer::~timer())
/Applications/VEXcode V5 Text.app/Contents/Resources/sdk/vexv5/libv5rt.a(vex_motorgroup.cpp.obj)
                              build/src/robot-config.o (vex::motor_group::motor_group())
/Applications/VEXcode V5 Text.app/Contents/Resources/sdk/vexv5/libv5rt.a(vex_drivetrain.cpp.obj)
                              build/src/robot-config.o (vex::drivetrain::~drivetrain())
/Applications/VEXcode V5 Text.app/Contents/Resources/sdk/vexv5/libv5rt.a(vex_smartdrive.cpp.obj)
                              build/src/robot-config.o (vex::smartdrive::~smartdrive())
/Applications/VEXcode V5 Text.app/Contents/Resources/sdk/vexv5/libv5rt.a(v5_apiuser.c.obj)
                              /Applications/VEXcode V5 Text.app/Contents/Resources/sdk/vexv5/libv5rt.a(vex_triport.cpp.obj) (vexAdiPortConfigSet)
/Applications/VEXcode V5 Text.app/Contents/Resources/sdk/vexv5/libv5rt.a(vex_device.cpp.obj)
                              /Applications/VEXcode V5 Text.app/Contents/Resources/sdk/vexv5/libv5rt.a(vex_motor.cpp.obj) (vex::device::~device())
/Applications/VEXcode V5 Text.app/Contents/Resources/sdk/vexv5/gcc/libs/libc.a(lib_a-aeabi_memclr.o)
                              build/src/drivefunctions.o (__aeabi_memclr8)
/Applications/VEXcode V5 Text.app/Contents/Resources/sdk/vexv5/gcc/libs/libc.a(lib_a-aeabi_memset-soft.o)
                              /Applications/VEXcode V5 Text.app/Contents/Resources/sdk/vexv5/gcc/libs/libc.a(lib_a-aeabi_memclr.o) (__aeabi_memset)
/Applications/VEXcode V5 Text.app/Contents/Resources/sdk/vexv5/gcc/libs/libc.a(lib_a-fini.o)
[...]
Memory Configuration

Name             Origin             Length             Attributes
ps7_ddr_0_S_AXI_BASEADDR 0x0000000003800000 0x0000000004800000
*default*        0x0000000000000000 0xffffffffffffffff

Linker script and memory map

                0x0000000000002000                _STACK_SIZE = DEFINED (_STACK_SIZE)?_STACK_SIZE:0x2000
                0x0000000000100000                _HEAP_SIZE = DEFINED (_HEAP_SIZE)?_HEAP_SIZE:0x100000
                0x0000000000000400                _ABORT_STACK_SIZE = DEFINED (_ABORT_STACK_SIZE)?_ABORT_STACK_SIZE:0x400
                0x0000000000000800                _SUPERVISOR_STACK_SIZE = DEFINED (_SUPERVISOR_STACK_SIZE)?_SUPERVISOR_STACK_SIZE:0x800
                0x0000000000000400                _IRQ_STACK_SIZE = DEFINED (_IRQ_STACK_SIZE)?_IRQ_STACK_SIZE:0x400
                0x0000000000000400                _FIQ_STACK_SIZE = DEFINED (_FIQ_STACK_SIZE)?_FIQ_STACK_SIZE:0x400
                0x0000000000000400                _UNDEF_STACK_SIZE = DEFINED (_UNDEF_STACK_SIZE)?_UNDEF_STACK_SIZE:0x400

.text           0x0000000003800000     0x5530
 *(.vectors)
 *(.boot_data)
 .boot_data     0x0000000003800000       0x20 /Applications/VEXcode V5 Text.app/Contents/Resources/sdk/vexv5/libv5rt.a(v5_startup.c.obj)
                0x0000000003800000                vexCodeSig
                0x0000000000000020                . = 0x20
 *(.boot)
 .boot          0x0000000003800020       0xbc /Applications/VEXcode V5 Text.app/Contents/Resources/sdk/vexv5/libv5rt.a(v5_startup.c.obj)
                0x0000000003800020                vexStartup
                0x0000000003800100                . = ALIGN (0x40)
 *fill*         0x00000000038000dc       0x24 
 *(.freertos_vectors)
 *(.text)
 .text          0x0000000003800100       0x9a /Applications/VEXcode V5 Text.app/Contents/Resources/sdk/vexv5/gcc/libs/libc.a(lib_a-aeabi_memset-soft.o)
                0x0000000003800100                __aeabi_memset4
                0x0000000003800100                __aeabi_memset8
                0x0000000003800100                __aeabi_memset
 *(.text.*)
 *fill*         0x000000000380019a        0x6 
 .text._ZN9ACCESS_OSC2Ev
                0x00000000038001a0      0x248 build/src/ACCESS_OS.o
                0x00000000038001a0                ACCESS_OS::ACCESS_OS()
                0x00000000038001a0                ACCESS_OS::ACCESS_OS()
 .text._GLOBAL__sub_I_ACCESS_OS.cpp
                0x00000000038003e8       0x34 build/src/ACCESS_OS.o
 .text._GLOBAL__sub_I_autonomous.cpp
                0x000000000380041c       0x34 build/src/autonomous.o
 .text._Z8controlsv
                0x0000000003800450      0xa80 build/src/controls.o
                0x0000000003800450                controls()
 .text._GLOBAL__sub_I_controls.cpp
                0x0000000003800ed0       0x50 build/src/controls.o
 .text._ZN3bot5ROBOTC2Ev
                0x0000000003800f20        0x4 build/src/drivefunctions.o
                0x0000000003800f20                bot::ROBOT::ROBOT()
                0x0000000003800f20                bot::ROBOT::ROBOT()
 .text._ZN3PID4calcEdd
                0x0000000003800f24       0xd4 build/src/drivefunctions.o
                0x0000000003800f24                PID::calc(double, double)
 .text._ZN6LIFTER2ToEv
                0x0000000003800ff8       0xb4 build/src/drivefunctions.o
                0x0000000003800ff8                LIFTER::To()
 .text._ZN6LIFTER3aToEd
                0x00000000038010ac       0x3c build/src/drivefunctions.o
                0x00000000038010ac                LIFTER::aTo(double)
 .text._ZN6TILTER2ToEv
                0x00000000038010e8      0x120 build/src/drivefunctions.o
                0x00000000038010e8                TILTER::To()
 .text._ZN6TILTER3aToEd
                0x0000000003801208       0x3c build/src/drivefunctions.o
                0x0000000003801208                TILTER::aTo(double)
 .text._GLOBAL__sub_I_drivefunctions.cpp
                0x0000000003801244      0x194 build/src/drivefunctions.o
 .text._GLOBAL__sub_I_gui.cpp
                0x00000000038013d8       0x34 build/src/gui.o
 .text._Z4readv
                0x000000000380140c      0x680 build/src/main.o
                0x000000000380140c                read()
 .text.main     0x0000000003801a8c       0x2c build/src/main.o
                0x0000000003801a8c                main
 .text._GLOBAL__sub_I_main.cpp
                0x0000000003801ab8       0x34 build/src/main.o
 .text._Z7flipoutv
                0x0000000003801aec       0x5c build/src/manual.o
                0x0000000003801aec                flipout()
 .text._GLOBAL__sub_I_manual.cpp
                0x0000000003801b48       0x34 build/src/manual.o
 .text._ZN3vex11motor_groupC2IJNS_5motorES2_S2_EEERS2_DpRT_
                0x0000000003801b7c       0x50 build/src/robot-config.o
                0x0000000003801b7c                vex::motor_group::motor_group<vex::motor, vex::motor, vex::motor>(vex::motor&, vex::motor&, vex::motor&, vex::motor&)
 .text._ZN9ACCESS_OSD2Ev
                0x0000000003801bcc       0x58 build/src/robot-config.o
                0x0000000003801bcc                ACCESS_OS::~ACCESS_OS()
 .text._GLOBAL__sub_I_robot_config.cpp
                0x0000000003801c24      0x578 build/src/robot-config.o
 .text._Z11usercontrolv
                0x000000000380219c       0x10 build/src/usercontrol.o
                0x000000000380219c                usercontrol()
 .text._GLOBAL__sub_I_usercontrol.cpp
                0x00000000038021ac       0x34 build/src/usercontrol.o
 .text.vexMain  0x00000000038021e0       0xb0 /Applications/VEXcode V5 Text.app/Contents/Resources/sdk/vexv5/libv5rt.a(v5_startup.c.obj)
                0x00000000038021e0                vexMain
 .text.__vex_function_prolog
                0x0000000003802290       0x18 /Applications/VEXcode V5 Text.app/Contents/Resources/sdk/vexv5/libv5rt.a(v5_startup.c.obj)
                0x0000000003802290                __vex_function_prolog
 .text._init    0x00000000038022a8        0x4 /Applications/VEXcode V5 Text.app/Contents/Resources/sdk/vexv5/libv5rt.a(v5_startup.c.obj)
                0x00000000038022a8                _init
 .text._fini    0x00000000038022ac        0x4 /Applications/VEXcode V5 Text.app/Contents/Resources/sdk/vexv5/libv5rt.a(v5_startup.c.obj)
                0x00000000038022ac                _fini
 .text.vexStdlibVersionLinked
                0x00000000038022b0        0xc /Applications/VEXcode V5 Text.app/Contents/Resources/sdk/vexv5/libv5rt.a(v5_util.c.obj)
                0x00000000038022b0                vexStdlibVersionLinked
 .text.vexStdlibVersionVerify
                0x00000000038022bc       0x30 /Applications/VEXcode V5 Text.app/Contents/Resources/sdk/vexv5/libv5rt.a(v5_util.c.obj)
                0x00000000038022bc                vexStdlibVersionVerify
 .text.vexPrivateApiEnable
                0x00000000038022ec       0x10 /Applications/VEXcode V5 Text.app/Contents/Resources/sdk/vexv5/libv5rt.a(v5_apijump.c.obj)
                0x00000000038022ec                vexPrivateApiEnable
 .text.vexStdlibMismatchError
                0x00000000038022fc       0x3c /Applications/VEXcode V5 Text.app/Contents/Resources/sdk/vexv5/libv5rt.a(v5_apijump.c.obj)
                0x00000000038022fc                vexStdlibMismatchError
 .text.vexTaskAdd
                0x0000000003802338       0x10 /Applications/VEXcode V5 Text.app/Contents/Resources/sdk/vexv5/libv5rt.a(v5_apijump.c.obj)
                0x0000000003802338                vexTaskAdd
 .text.vexTasksRun
                0x0000000003802348       0x10 /Applications/VEXcode V5 Text.app/Contents/Resources/sdk/vexv5/libv5rt.a(v5_apijump.c.obj)
                0x0000000003802348                vexTasksRun
 .text.vexTaskYield
                0x0000000003802358       0x10 /Applications/VEXcode V5 Text.app/Contents/Resources/sdk/vexv5/libv5rt.a(v5_apijump.c.obj)
                0x0000000003802358                vexTaskYield
 .text.vexTaskCheckTimeslice
                0x0000000003802368       0x10 /Applications/VEXcode V5 Text.app/Contents/Resources/sdk/vexv5/libv5rt.a(v5_apijump.c.obj)
                0x0000000003802368                vexTaskCheckTimeslice
 .text.vexTaskSleep
                0x0000000003802378       0x10 /Applications/VEXcode V5 Text.app/Contents/Resources/sdk/vexv5/libv5rt.a(v5_apijump.c.obj)
                0x0000000003802378                vexTaskSleep
 .text.vexTasksDump
                0x0000000003802388       0x1c /Applications/VEXcode V5 Text.app/Contents/Resources/sdk/vexv5/libv5rt.a(v5_apijump.c.obj)
                0x0000000003802388                vexTasksDump
 .text.vexTaskStateGet
                0x00000000038023a4       0x10 /Applications/VEXcode V5 Text.app/Contents/Resources/sdk/vexv5/libv5rt.a(v5_apijump.c.obj)
                0x00000000038023a4                vexTaskStateGet
 .text.vexTaskGetTaskIndex
                0x00000000038023b4       0x10 /Applications/VEXcode V5 Text.app/Contents/Resources/sdk/vexv5/libv5rt.a(v5_apijump.c.obj)
                0x00000000038023b4                vexTaskGetTaskIndex
 .text.vexTaskStopAll
                0x00000000038023c4       0x10 /Applications/VEXcode V5 Text.app/Contents/Resources/sdk/vexv5/libv5rt.a(v5_apijump.c.obj)
                0x00000000038023c4                vexTaskStopAll
 .text.vexTaskCompletionIdSet
                0x00000000038023d4       0x10 /Applications/VEXcode V5 Text.app/Contents/Resources/sdk/vexv5/libv5rt.a(v5_apijump.c.obj)
                0x00000000038023d4                vexTaskCompletionIdSet
 .text.vexTaskAddWithArg
                0x00000000038023e4       0x10 /Applications/VEXcode V5 Text.app/Contents/Resources/sdk/vexv5/libv5rt.a(v5_apijump.c.obj)
                0x00000000038023e4                vexTaskAddWithArg
 .text.vexTaskStopWithId
                0x00000000038023f4       0x10 /Applications/VEXcode V5 Text.app/Contents/Resources/sdk/vexv5/libv5rt.a(v5_apijump.c.obj)
                0x00000000038023f4                vexTaskStopWithId
 .text.vexCriticalSection
                0x0000000003802404       0x2c /Applications/VEXcode V5 Text.app/Contents/Resources/sdk/vexv5/libv5rt.a(v5_apijump.c.obj)
                0x0000000003802404                vexCriticalSection
 .text.vexEventAdd
                0x0000000003802430       0x34 /Applications/VEXcode V5 Text.app/Contents/Resources/sdk/vexv5/libv5rt.a(v5_apijump.c.obj)
                0x0000000003802430                vexEventAdd
 .text.vexEventUserIndexGet
                0x0000000003802464       0x1c /Applications/VEXcode V5 Text.app/Contents/Resources/sdk/vexv5/libv5rt.a(v5_apijump.c.obj)
                0x0000000003802464                vexEventUserIndexGet
 .text.vexDebug
                0x0000000003802480       0x38 /Applications/VEXcode V5 Text.app/Contents/Resources/sdk/vexv5/libv5rt.a(v5_apijump.c.obj)
                0x0000000003802480                vexDebug
 .text.vex_sprintf
                0x00000000038024b8       0x40 /Applications/VEXcode V5 Text.app/Contents/Resources/sdk/vexv5/libv5rt.a(v5_apijump.c.obj)
                0x00000000038024b8                vex_sprintf
 .text.vex_vsnprintf
                0x00000000038024f8       0x3c /Applications/VEXcode V5 Text.app/Contents/Resources/sdk/vexv5/libv5rt.a(v5_apijump.c.obj)
                0x00000000038024f8                vex_vsnprintf
 .text.vexSystemTimeGet
                0x0000000003802534       0x1c /Applications/VEXcode V5 Text.app/Contents/Resources/sdk/vexv5/libv5rt.a(v5_apijump.c.obj)
                0x0000000003802534                vexSystemTimeGet
 .text.vexSystemExitRequest
                0x0000000003802550       0x1c /Applications/VEXcode V5 Text.app/Contents/Resources/sdk/vexv5/libv5rt.a(v5_apijump.c.obj)
                0x0000000003802550                vexSystemExitRequest
 .text.vexDeviceGetByIndex
                0x000000000380256c       0x24 /Applications/VEXcode V5 Text.app/Contents/Resources/sdk/vexv5/libv5rt.a(v5_apijump.c.obj)
                0x000000000380256c                vexDeviceGetByIndex
 .text.vexControllerGet
                0x0000000003802590       0x2c /Applications/VEXcode V5 Text.app/Contents/Resources/sdk/vexv5/libv5rt.a(v5_apijump.c.obj)
                0x0000000003802590                vexControllerGet
 .text.vexControllerTextSet
                0x00000000038025bc       0x74 /Applications/VEXcode V5 Text.app/Contents/Resources/sdk/vexv5/libv5rt.a(v5_apijump.c.obj)
                0x00000000038025bc                vexControllerTextSet
 .text.vexDeviceAdiPortConfigSet
                0x0000000003802630       0x34 /Applications/VEXcode V5 Text.app/Contents/Resources/sdk/vexv5/libv5rt.a(v5_apijump.c.obj)
                0x0000000003802630                vexDeviceAdiPortConfigSet
 .text.vexDeviceAdiPortConfigGet
                0x0000000003802664       0x2c /Applications/VEXcode V5 Text.app/Contents/Resources/sdk/vexv5/libv5rt.a(v5_apijump.c.obj)
                0x0000000003802664                vexDeviceAdiPortConfigGet
 .text.vexDeviceAdiValueGet
                0x0000000003802690       0x2c /Applications/VEXcode V5 Text.app/Contents/Resources/sdk/vexv5/libv5rt.a(v5_apijump.c.obj)
                0x0000000003802690                vexDeviceAdiValueGet
 .text.vexDeviceMotorVelocitySet
                0x00000000038026bc       0x2c /Applications/VEXcode V5 Text.app/Contents/Resources/sdk/vexv5/libv5rt.a(v5_apijump.c.obj)
                0x00000000038026bc                vexDeviceMotorVelocitySet
 .text.vexDeviceMotorVoltageSet
                0x00000000038026e8       0x2c /Applications/VEXcode V5 Text.app/Contents/Resources/sdk/vexv5/libv5rt.a(v5_apijump.c.obj)
                0x00000000038026e8                vexDeviceMotorVoltageSet
 .text.vexDeviceMotorActualVelocityGet
                0x0000000003802714       0x24 /Applications/VEXcode V5 Text.app/Contents/Resources/sdk/vexv5/libv5rt.a(v5_apijump.c.obj)
                0x0000000003802714                vexDeviceMotorActualVelocityGet
 .text.vexDeviceMotorZeroPositionFlagGet
                0x0000000003802738       0x24 /Applications/VEXcode V5 Text.app/Contents/Resources/sdk/vexv5/libv5rt.a(v5_apijump.c.obj)
                0x0000000003802738                vexDeviceMotorZeroPositionFlagGet
 .text.vexDeviceMotorReverseFlagSet
                0x000000000380275c       0x2c /Applications/VEXcode V5 Text.app/Contents/Resources/sdk/vexv5/libv5rt.a(v5_apijump.c.obj)
                0x000000000380275c                vexDeviceMotorReverseFlagSet
 .text.vexDeviceMotorEncoderUnitsSet
                0x0000000003802788       0x2c /Applications/VEXcode V5 Text.app/Contents/Resources/sdk/vexv5/libv5rt.a(v5_apijump.c.obj)
                0x0000000003802788                vexDeviceMotorEncoderUnitsSet
 .text.vexDeviceMotorBrakeModeSet
                0x00000000038027b4       0x2c /Applications/VEXcode V5 Text.app/Contents/Resources/sdk/vexv5/libv5rt.a(v5_apijump.c.obj)
                0x00000000038027b4                vexDeviceMotorBrakeModeSet
 .text.vexDeviceMotorPositionSet
                0x00000000038027e0       0x34 /Applications/VEXcode V5 Text.app/Contents/Resources/sdk/vexv5/libv5rt.a(v5_apijump.c.obj)
                0x00000000038027e0                vexDeviceMotorPositionSet
 .text.vexDeviceMotorPositionGet
                0x0000000003802814       0x24 /Applications/VEXcode V5 Text.app/Contents/Resources/sdk/vexv5/libv5rt.a(v5_apijump.c.obj)
                0x0000000003802814                vexDeviceMotorPositionGet
 .text.vexDeviceMotorRelativeTargetSet
                0x0000000003802838       0x3c /Applications/VEXcode V5 Text.app/Contents/Resources/sdk/vexv5/libv5rt.a(v5_apijump.c.obj)
                0x0000000003802838                vexDeviceMotorRelativeTargetSet
 .text.vexDeviceMotorGearingSet
                0x0000000003802874       0x2c /Applications/VEXcode V5 Text.app/Contents/Resources/sdk/vexv5/libv5rt.a(v5_apijump.c.obj)
                0x0000000003802874                vexDeviceMotorGearingSet
 .text.vexDeviceMotorGearingGet
                0x00000000038028a0       0x24 /Applications/VEXcode V5 Text.app/Contents/Resources/sdk/vexv5/libv5rt.a(v5_apijump.c.obj)
                0x00000000038028a0                vexDeviceMotorGearingGet
 .text.vexDeviceImuReset
                0x00000000038028c4       0x24 /Applications/VEXcode V5 Text.app/Contents/Resources/sdk/vexv5/libv5rt.a(v5_apijump.c.obj)
                0x00000000038028c4                vexDeviceImuReset
 .text.vexDeviceImuHeadingGet
                0x00000000038028e8       0x24 /Applications/VEXcode V5 Text.app/Contents/Resources/sdk/vexv5/libv5rt.a(v5_apijump.c.obj)
                0x00000000038028e8                vexDeviceImuHeadingGet
 .text.vexDeviceImuDegreesGet
                0x000000000380290c       0x24 /Applications/VEXcode V5 Text.app/Contents/Resources/sdk/vexv5/libv5rt.a(v5_apijump.c.obj)
                0x000000000380290c                vexDeviceImuDegreesGet
 .text.vexDeviceImuStatusGet
                0x0000000003802930       0x24 /Applications/VEXcode V5 Text.app/Contents/Resources/sdk/vexv5/libv5rt.a(v5_apijump.c.obj)
                0x0000000003802930                vexDeviceImuStatusGet
 .text.vexDisplayForegroundColor
                0x0000000003802954       0x24 /Applications/VEXcode V5 Text.app/Contents/Resources/sdk/vexv5/libv5rt.a(v5_apijump.c.obj)
                0x0000000003802954                vexDisplayForegroundColor
 .text.vexDisplayBackgroundColor
                0x0000000003802978       0x24 /Applications/VEXcode V5 Text.app/Contents/Resources/sdk/vexv5/libv5rt.a(v5_apijump.c.obj)
                0x0000000003802978                vexDisplayBackgroundColor
 .text.vexDisplayTextReference
                0x000000000380299c       0x24 /Applications/VEXcode V5 Text.app/Contents/Resources/sdk/vexv5/libv5rt.a(v5_apijump.c.obj)
                0x000000000380299c                vexDisplayTextReference
 .text.vexDisplayTextSize
                0x00000000038029c0       0x2c /Applications/VEXcode V5 Text.app/Contents/Resources/sdk/vexv5/libv5rt.a(v5_apijump.c.obj)
                0x00000000038029c0                vexDisplayTextSize
 .text.vexDisplayFontNamedSet
                0x00000000038029ec       0x24 /Applications/VEXcode V5 Text.app/Contents/Resources/sdk/vexv5/libv5rt.a(v5_apijump.c.obj)
                0x00000000038029ec                vexDisplayFontNamedSet
 .text.vexSystemStdlibImpureDataAddr
                0x0000000003802a10       0x28 /Applications/VEXcode V5 Text.app/Contents/Resources/sdk/vexv5/libv5rt.a(v5_apijump.c.obj)
                0x0000000003802a10                vexSystemStdlibImpureDataAddr
 .text.vexSystemStdlibImpureDataSize
                0x0000000003802a38       0x28 /Applications/VEXcode V5 Text.app/Contents/Resources/sdk/vexv5/libv5rt.a(v5_apijump.c.obj)
                0x0000000003802a38                vexSystemStdlibImpureDataSize
 .text.vexSystemSaveUserData
                0x0000000003802a60       0x3c /Applications/VEXcode V5 Text.app/Contents/Resources/sdk/vexv5/libv5rt.a(v5_apijump.c.obj)
                0x0000000003802a60                vexSystemSaveUserData
 .text.vexDisplayThemeIdGet
                0x0000000003802a9c       0x38 /Applications/VEXcode V5 Text.app/Contents/Resources/sdk/vexv5/libv5rt.a(v5_apijump.c.obj)
                0x0000000003802a9c                vexDisplayThemeIdGet
 .text.vexDeviceEventMaskSet
                0x0000000003802ad4       0x48 /Applications/VEXcode V5 Text.app/Contents/Resources/sdk/vexv5/libv5rt.a(v5_apijump.c.obj)
                0x0000000003802ad4                vexDeviceEventMaskSet
 .text.vexDeviceEventMaskGet
                0x0000000003802b1c       0x3c /Applications/VEXcode V5 Text.app/Contents/Resources/sdk/vexv5/libv5rt.a(v5_apijump.c.obj)
                0x0000000003802b1c                vexDeviceEventMaskGet
 .text.vexSystemVersion
                0x0000000003802b58       0x10 /Applications/VEXcode V5 Text.app/Contents/Resources/sdk/vexv5/libv5rt.a(v5_apiversions.c.obj)
                0x0000000003802b58                vexSystemVersion
 .text.vexStdlibVersion
                0x0000000003802b68       0x10 /Applications/VEXcode V5 Text.app/Contents/Resources/sdk/vexv5/libv5rt.a(v5_apiversions.c.obj)
                0x0000000003802b68                vexStdlibVersion
 .text._ZN3vex5motorD2Ev
                0x0000000003802b78       0x20 /Applications/VEXcode V5 Text.app/Contents/Resources/sdk/vexv5/libv5rt.a(vex_motor.cpp.obj)
                0x0000000003802b78                vex::motor::~motor()
                0x0000000003802b78                vex::motor::~motor()
 .text._ZN3vex5motorD0Ev
                0x0000000003802b98       0x1c /Applications/VEXcode V5 Text.app/Contents/Resources/sdk/vexv5/libv5rt.a(vex_motor.cpp.obj)
                0x0000000003802b98                vex::motor::~motor()
 .text._ZN3vex5motor9installedEv
                0x0000000003802bb4       0x18 /Applications/VEXcode V5 Text.app/Contents/Resources/sdk/vexv5/libv5rt.a(vex_motor.cpp.obj)
                0x0000000003802bb4                vex::motor::installed()
 .text._ZN3vex5motor15defaultStoppingENS_9brakeTypeE
                0x0000000003802bcc       0x30 /Applications/VEXcode V5 Text.app/Contents/Resources/sdk/vexv5/libv5rt.a(vex_motor.cpp.obj)
                0x0000000003802bcc                vex::motor::defaultStopping(vex::brakeType)
 .text._ZN3vex5motor8setBrakeENS_9brakeTypeE
                0x0000000003802bfc        0x4 /Applications/VEXcode V5 Text.app/Contents/Resources/sdk/vexv5/libv5rt.a(vex_motor.cpp.obj)
                0x0000000003802bfc                vex::motor::setBrake(vex::brakeType)
 .text._ZN3vex5motorC2El
                0x0000000003802c00       0x78 /Applications/VEXcode V5 Text.app/Contents/Resources/sdk/vexv5/libv5rt.a(vex_motor.cpp.obj)
                0x0000000003802c00                vex::motor::motor(long)
                0x0000000003802c00                vex::motor::motor(long)
 .text._ZN3vex5motorC2ElNS_11gearSettingEb
                0x0000000003802c78       0x34 /Applications/VEXcode V5 Text.app/Contents/Resources/sdk/vexv5/libv5rt.a(vex_motor.cpp.obj)
                0x0000000003802c78                vex::motor::motor(long, vex::gearSetting, bool)
                0x0000000003802c78                vex::motor::motor(long, vex::gearSetting, bool)
 *fill*         0x0000000003802cac        0x4 
 .text._ZN3vex5motor4spinENS_13directionTypeEdNS_12voltageUnitsE
                0x0000000003802cb0       0x50 /Applications/VEXcode V5 Text.app/Contents/Resources/sdk/vexv5/libv5rt.a(vex_motor.cpp.obj)
                0x0000000003802cb0                vex::motor::spin(vex::directionType, double, vex::voltageUnits)
 .text._ZN3vex5motor10isSpinningEv
                0x0000000003802d00       0x38 /Applications/VEXcode V5 Text.app/Contents/Resources/sdk/vexv5/libv5rt.a(vex_motor.cpp.obj)
                0x0000000003802d00                vex::motor::isSpinning()
 .text._ZN3vex5motor4stopENS_9brakeTypeE
                0x0000000003802d38       0x30 /Applications/VEXcode V5 Text.app/Contents/Resources/sdk/vexv5/libv5rt.a(vex_motor.cpp.obj)
                0x0000000003802d38                vex::motor::stop(vex::brakeType)
 .text._ZN3vex5motor4stopEv
                0x0000000003802d68        0x8 /Applications/VEXcode V5 Text.app/Contents/Resources/sdk/vexv5/libv5rt.a(vex_motor.cpp.obj)
                0x0000000003802d68                vex::motor::stop()
 .text._ZN3vex5motor16velocityToScaledEdNS_13velocityUnitsE
                0x0000000003802d70       0x5c /Applications/VEXcode V5 Text.app/Contents/Resources/sdk/vexv5/libv5rt.a(vex_motor.cpp.obj)
                0x0000000003802d70                vex::motor::velocityToScaled(double, vex::velocityUnits)
 .text._ZN3vex5motor8velocityENS_13velocityUnitsE
                0x0000000003802dcc       0x30 /Applications/VEXcode V5 Text.app/Contents/Resources/sdk/vexv5/libv5rt.a(vex_motor.cpp.obj)
                0x0000000003802dcc                vex::motor::velocity(vex::velocityUnits)
 .text._ZN3vex5motor5valueEv
                0x0000000003802dfc       0x1c /Applications/VEXcode V5 Text.app/Contents/Resources/sdk/vexv5/libv5rt.a(vex_motor.cpp.obj)
                0x0000000003802dfc                vex::motor::value()
 .text._ZN3vex5motor16scaledToVelocityEdNS_13velocityUnitsE
                0x0000000003802e18       0xa4 /Applications/VEXcode V5 Text.app/Contents/Resources/sdk/vexv5/libv5rt.a(vex_motor.cpp.obj)
                0x0000000003802e18                vex::motor::scaledToVelocity(double, vex::velocityUnits)
 .text._ZN3vex5motor4spinENS_13directionTypeEdNS_13velocityUnitsE
                0x0000000003802ebc       0x5c /Applications/VEXcode V5 Text.app/Contents/Resources/sdk/vexv5/libv5rt.a(vex_motor.cpp.obj)
                0x0000000003802ebc                vex::motor::spin(vex::directionType, double, vex::velocityUnits)
 .text._ZN3vex5motor11setVelocityEdNS_13velocityUnitsE
                0x0000000003802f18       0x54 /Applications/VEXcode V5 Text.app/Contents/Resources/sdk/vexv5/libv5rt.a(vex_motor.cpp.obj)
                0x0000000003802f18                vex::motor::setVelocity(double, vex::velocityUnits)
 .text._ZN3vex5motor16setRotationUnitsENS_13rotationUnitsE
                0x0000000003802f6c       0x1c /Applications/VEXcode V5 Text.app/Contents/Resources/sdk/vexv5/libv5rt.a(vex_motor.cpp.obj)
                0x0000000003802f6c                vex::motor::setRotationUnits(vex::rotationUnits)
 .text._ZN3vex5motor9rotateForEdNS_13rotationUnitsEdNS_13velocityUnitsEb
                0x0000000003802f88       0xe0 /Applications/VEXcode V5 Text.app/Contents/Resources/sdk/vexv5/libv5rt.a(vex_motor.cpp.obj)
                0x0000000003802f88                vex::motor::rotateFor(double, vex::rotationUnits, double, vex::velocityUnits, bool)
 .text._ZN3vex5motor9rotateForENS_13directionTypeEdNS_13rotationUnitsEdNS_13velocityUnitsEb
                0x0000000003803068       0x34 /Applications/VEXcode V5 Text.app/Contents/Resources/sdk/vexv5/libv5rt.a(vex_motor.cpp.obj)
                0x0000000003803068                vex::motor::rotateFor(vex::directionType, double, vex::rotationUnits, double, vex::velocityUnits, bool)
 .text._ZN3vex5motor8rotationENS_13rotationUnitsE
                0x000000000380309c       0x44 /Applications/VEXcode V5 Text.app/Contents/Resources/sdk/vexv5/libv5rt.a(vex_motor.cpp.obj)
                0x000000000380309c                vex::motor::rotation(vex::rotationUnits)
 .text._ZN3vex8inertial10setHeadingEdNS_13rotationUnitsE
                0x00000000038030e0       0x60 /Applications/VEXcode V5 Text.app/Contents/Resources/sdk/vexv5/libv5rt.a(vex_imu.cpp.obj)
                0x00000000038030e0                vex::inertial::setHeading(double, vex::rotationUnits)
 .text._ZThn16_N3vex8inertial10setHeadingEdNS_13rotationUnitsE
                0x0000000003803140        0x8 /Applications/VEXcode V5 Text.app/Contents/Resources/sdk/vexv5/libv5rt.a(vex_imu.cpp.obj)
                0x0000000003803140                non-virtual thunk to vex::inertial::setHeading(double, vex::rotationUnits)
 .text._ZN3vex8inertial11setRotationEdNS_13rotationUnitsE
                0x0000000003803148       0x60 /Applications/VEXcode V5 Text.app/Contents/Resources/sdk/vexv5/libv5rt.a(vex_imu.cpp.obj)
                0x0000000003803148                vex::inertial::setRotation(double, vex::rotationUnits)
 .text._ZThn16_N3vex8inertial11setRotationEdNS_13rotationUnitsE
                0x00000000038031a8        0x8 /Applications/VEXcode V5 Text.app/Contents/Resources/sdk/vexv5/libv5rt.a(vex_imu.cpp.obj)
                0x00000000038031a8                non-virtual thunk to vex::inertial::setRotation(double, vex::rotationUnits)
 .text._ZN3vex8inertialD2Ev
                0x00000000038031b0       0x20 /Applications/VEXcode V5 Text.app/Contents/Resources/sdk/vexv5/libv5rt.a(vex_imu.cpp.obj)
                0x00000000038031b0                vex::inertial::~inertial()
                0x00000000038031b0                vex::inertial::~inertial()
 .text._ZThn16_N3vex8inertialD1Ev
                0x00000000038031d0        0x8 /Applications/VEXcode V5 Text.app/Contents/Resources/sdk/vexv5/libv5rt.a(vex_imu.cpp.obj)
                0x00000000038031d0                non-virtual thunk to vex::inertial::~inertial()
 .text._ZN3vex8inertialD0Ev
                0x00000000038031d8       0x1c /Applications/VEXcode V5 Text.app/Contents/Resources/sdk/vexv5/libv5rt.a(vex_imu.cpp.obj)
                0x00000000038031d8                vex::inertial::~inertial()
 .text._ZThn16_N3vex8inertialD0Ev
                0x00000000038031f4        0x8 /Applications/VEXcode V5 Text.app/Contents/Resources/sdk/vexv5/libv5rt.a(vex_imu.cpp.obj)
                0x00000000038031f4                non-virtual thunk to vex::inertial::~inertial()
 .text._ZN3vex8inertial9installedEv
                0x00000000038031fc       0x18 /Applications/VEXcode V5 Text.app/Contents/Resources/sdk/vexv5/libv5rt.a(vex_imu.cpp.obj)
                0x00000000038031fc                vex::inertial::installed()
 .text._ZN3vex8inertial5angleENS_13rotationUnitsE
                0x0000000003803214       0x60 /Applications/VEXcode V5 Text.app/Contents/Resources/sdk/vexv5/libv5rt.a(vex_imu.cpp.obj)
                0x0000000003803214                vex::inertial::angle(vex::rotationUnits)
 .text._ZThn16_N3vex8inertial5angleENS_13rotationUnitsE
                0x0000000003803274        0x8 /Applications/VEXcode V5 Text.app/Contents/Resources/sdk/vexv5/libv5rt.a(vex_imu.cpp.obj)
                0x0000000003803274                non-virtual thunk to vex::inertial::angle(vex::rotationUnits)
 .text._ZN3vex8inertial7headingENS_13rotationUnitsE
                0x000000000380327c        0x4 /Applications/VEXcode V5 Text.app/Contents/Resources/sdk/vexv5/libv5rt.a(vex_imu.cpp.obj)
                0x000000000380327c                vex::inertial::heading(vex::rotationUnits)
 .text._ZThn16_N3vex8inertial7headingENS_13rotationUnitsE
                0x0000000003803280        0x8 /Applications/VEXcode V5 Text.app/Contents/Resources/sdk/vexv5/libv5rt.a(vex_imu.cpp.obj)
                0x0000000003803280                non-virtual thunk to vex::inertial::heading(vex::rotationUnits)
 .text._ZN3vex8inertial5valueEv
                0x0000000003803288       0x1c /Applications/VEXcode V5 Text.app/Contents/Resources/sdk/vexv5/libv5rt.a(vex_imu.cpp.obj)
                0x0000000003803288                vex::inertial::value()
 *fill*         0x00000000038032a4        0x4 
 .text._ZN3vex8inertial8rotationENS_13rotationUnitsE
                0x00000000038032a8       0x40 /Applications/VEXcode V5 Text.app/Contents/Resources/sdk/vexv5/libv5rt.a(vex_imu.cpp.obj)
                0x00000000038032a8                vex::inertial::rotation(vex::rotationUnits)
 .text._ZThn16_N3vex8inertial8rotationENS_13rotationUnitsE
                0x00000000038032e8        0x8 /Applications/VEXcode V5 Text.app/Contents/Resources/sdk/vexv5/libv5rt.a(vex_imu.cpp.obj)
                0x00000000038032e8                non-virtual thunk to vex::inertial::rotation(vex::rotationUnits)
 .text._ZN3vex8inertial13isCalibratingEv
                0x00000000038032f0       0x38 /Applications/VEXcode V5 Text.app/Contents/Resources/sdk/vexv5/libv5rt.a(vex_imu.cpp.obj)
                0x00000000038032f0                vex::inertial::isCalibrating()
 .text._ZThn16_N3vex8inertial13isCalibratingEv
                0x0000000003803328        0x8 /Applications/VEXcode V5 Text.app/Contents/Resources/sdk/vexv5/libv5rt.a(vex_imu.cpp.obj)
                0x0000000003803328                non-virtual thunk to vex::inertial::isCalibrating()
 .text._ZN3vex8inertialC2El
                0x0000000003803330       0x48 /Applications/VEXcode V5 Text.app/Contents/Resources/sdk/vexv5/libv5rt.a(vex_imu.cpp.obj)
                0x0000000003803330                vex::inertial::inertial(long)
                0x0000000003803330                vex::inertial::inertial(long)
 .text._ZN3vex8inertial16startCalibrationEl
                0x0000000003803378       0x20 /Applications/VEXcode V5 Text.app/Contents/Resources/sdk/vexv5/libv5rt.a(vex_imu.cpp.obj)
                0x0000000003803378                vex::inertial::startCalibration(long)
 .text._ZN3vex8inertial9calibrateEl
                0x0000000003803398        0xc /Applications/VEXcode V5 Text.app/Contents/Resources/sdk/vexv5/libv5rt.a(vex_imu.cpp.obj)
                0x0000000003803398                vex::inertial::calibrate(long)
                0x000000000380339c                non-virtual thunk to vex::inertial::calibrate(long)
 .text._ZN3vex10controllerD2Ev
                0x00000000038033a4        0x4 /Applications/VEXcode V5 Text.app/Contents/Resources/sdk/vexv5/libv5rt.a(vex_controller.cpp.obj)
                0x00000000038033a4                vex::controller::~controller()
                0x00000000038033a4                vex::controller::~controller()
 .text._ZN3vex10controller5valueE19_V5_ControllerIndex
                0x00000000038033a8        0x8 /Applications/VEXcode V5 Text.app/Contents/Resources/sdk/vexv5/libv5rt.a(vex_controller.cpp.obj)
                0x00000000038033a8                vex::controller::value(_V5_ControllerIndex)
 .text._ZN3vex10controller6rumbleEPKc
                0x00000000038033b0       0x4c /Applications/VEXcode V5 Text.app/Contents/Resources/sdk/vexv5/libv5rt.a(vex_controller.cpp.obj)
                0x00000000038033b0                vex::controller::rumble(char const*)
 .text._ZN3vex10controller6button8pressingEv
                0x00000000038033fc       0xc8 /Applications/VEXcode V5 Text.app/Contents/Resources/sdk/vexv5/libv5rt.a(vex_controller.cpp.obj)
                0x00000000038033fc                vex::controller::button::pressing()
 .text._ZN3vex10controller6button21_buttonToPressedEventEv
                0x00000000038034c4       0x20 /Applications/VEXcode V5 Text.app/Contents/Resources/sdk/vexv5/libv5rt.a(vex_controller.cpp.obj)
                0x00000000038034c4                vex::controller::button::_buttonToPressedEvent()
 .text._ZN3vex10controller6button22_buttonToReleasedEventEv
                0x00000000038034e4       0x20 /Applications/VEXcode V5 Text.app/Contents/Resources/sdk/vexv5/libv5rt.a(vex_controller.cpp.obj)
                0x00000000038034e4                vex::controller::button::_buttonToReleasedEvent()
 .text._ZN3vex10controller6buttonC2ENS0_11tButtonTypeEPS0_
                0x0000000003803504       0x48 /Applications/VEXcode V5 Text.app/Contents/Resources/sdk/vexv5/libv5rt.a(vex_controller.cpp.obj)
                0x0000000003803504                vex::controller::button::button(vex::controller::tButtonType, vex::controller*)
                0x0000000003803504                vex::controller::button::button(vex::controller::tButtonType, vex::controller*)
 .text._ZN3vex10controller4axis5valueEv
                0x000000000380354c       0x58 /Applications/VEXcode V5 Text.app/Contents/Resources/sdk/vexv5/libv5rt.a(vex_controller.cpp.obj)
                0x000000000380354c                vex::controller::axis::value()
 .text._ZN3vex10controller4axis8positionENS_12percentUnitsE
                0x00000000038035a4       0x1c /Applications/VEXcode V5 Text.app/Contents/Resources/sdk/vexv5/libv5rt.a(vex_controller.cpp.obj)
                0x00000000038035a4                vex::controller::axis::position(vex::percentUnits)
 .text._ZN3vex10controller4axis23_joystickToChangedEventEv
                0x00000000038035c0       0x20 /Applications/VEXcode V5 Text.app/Contents/Resources/sdk/vexv5/libv5rt.a(vex_controller.cpp.obj)
                0x00000000038035c0                vex::controller::axis::_joystickToChangedEvent()
 .text._ZN3vex10controller4axisC2ENS0_9tAxisTypeEPS0_
                0x00000000038035e0       0x2c /Applications/VEXcode V5 Text.app/Contents/Resources/sdk/vexv5/libv5rt.a(vex_controller.cpp.obj)
                0x00000000038035e0                vex::controller::axis::axis(vex::controller::tAxisType, vex::controller*)
                0x00000000038035e0                vex::controller::axis::axis(vex::controller::tAxisType, vex::controller*)
 .text._ZN3vex10controllerC2Ev
                0x000000000380360c      0x204 /Applications/VEXcode V5 Text.app/Contents/Resources/sdk/vexv5/libv5rt.a(vex_controller.cpp.obj)
                0x000000000380360c                vex::controller::controller()
                0x000000000380360c                vex::controller::controller()
 .text._ZN3vex10controller3lcd15getControllerIdEv
                0x0000000003803810       0x10 /Applications/VEXcode V5 Text.app/Contents/Resources/sdk/vexv5/libv5rt.a(vex_controller.cpp.obj)
                0x0000000003803810                vex::controller::lcd::getControllerId()
 .text._ZN3vex10controller3lcd9setCursorEll
                0x0000000003803820       0x40 /Applications/VEXcode V5 Text.app/Contents/Resources/sdk/vexv5/libv5rt.a(vex_controller.cpp.obj)
                0x0000000003803820                vex::controller::lcd::setCursor(long, long)
 .text._ZN3vex10controller3lcd5printEPKcz
                0x0000000003803860       0x74 /Applications/VEXcode V5 Text.app/Contents/Resources/sdk/vexv5/libv5rt.a(vex_controller.cpp.obj)
                0x0000000003803860                vex::controller::lcd::print(char const*, ...)
 .text._ZN3vex10controller3lcd9clearLineEi
                0x00000000038038d4       0x44 /Applications/VEXcode V5 Text.app/Contents/Resources/sdk/vexv5/libv5rt.a(vex_controller.cpp.obj)
                0x00000000038038d4                vex::controller::lcd::clearLine(int)
 .text._ZN3vex4task5sleepEm
                0x0000000003803918        0x4 /Applications/VEXcode V5 Text.app/Contents/Resources/sdk/vexv5/libv5rt.a(vex_task.cpp.obj)
                0x0000000003803918                vex::task::sleep(unsigned long)
 .text._ZN3vex6threadC2EPFivE
                0x000000000380391c       0x5c /Applications/VEXcode V5 Text.app/Contents/Resources/sdk/vexv5/libv5rt.a(vex_thread.cpp.obj)
                0x000000000380391c                vex::thread::thread(int (*)())
                0x000000000380391c                vex::thread::thread(int (*)())
 .text._ZN3vex6threadD2Ev
                0x0000000003803978        0x4 /Applications/VEXcode V5 Text.app/Contents/Resources/sdk/vexv5/libv5rt.a(vex_thread.cpp.obj)
                0x0000000003803978                vex::thread::~thread()
                0x0000000003803978                vex::thread::~thread()
 .text._ZN3vex11this_thread5yieldEv
                0x000000000380397c        0x4 /Applications/VEXcode V5 Text.app/Contents/Resources/sdk/vexv5/libv5rt.a(vex_thread.cpp.obj)
                0x000000000380397c                vex::this_thread::yield()
 .text._ZN3vex11this_thread9sleep_forEm
                0x0000000003803980        0x4 /Applications/VEXcode V5 Text.app/Contents/Resources/sdk/vexv5/libv5rt.a(vex_thread.cpp.obj)
                0x0000000003803980                vex::this_thread::sleep_for(unsigned long)
 .text._ZN3vex5event4initEmmPFvvE
                0x0000000003803984        0x4 /Applications/VEXcode V5 Text.app/Contents/Resources/sdk/vexv5/libv5rt.a(vex_event.cpp.obj)
                0x0000000003803984                vex::event::init(unsigned long, unsigned long, void (*)())
 .text._ZN3vex5event9userindexEv
                0x0000000003803988        0x4 /Applications/VEXcode V5 Text.app/Contents/Resources/sdk/vexv5/libv5rt.a(vex_event.cpp.obj)
                0x0000000003803988                vex::event::userindex()
 .text._ZZN3vex6meventC4EmmENUlvE_4_FUNEv
                0x000000000380398c        0x4 /Applications/VEXcode V5 Text.app/Contents/Resources/sdk/vexv5/libv5rt.a(vex_mevent.cpp.obj)
 .text._ZN3vex6meventC2Emm
                0x0000000003803990       0x70 /Applications/VEXcode V5 Text.app/Contents/Resources/sdk/vexv5/libv5rt.a(vex_mevent.cpp.obj)
                0x0000000003803990                vex::mevent::mevent(unsigned long, unsigned long)
                0x0000000003803990                vex::mevent::mevent(unsigned long, unsigned long)
 .text._ZN3vex5brain9_getIndexEv
                0x0000000003803a00       0x10 /Applications/VEXcode V5 Text.app/Contents/Resources/sdk/vexv5/libv5rt.a(vex_brain.cpp.obj)
                0x0000000003803a00                vex::brain::_getIndex()
 .text._ZN3vex5brain3lcd9setCursorEll
                0x0000000003803a10       0x44 /Applications/VEXcode V5 Text.app/Contents/Resources/sdk/vexv5/libv5rt.a(vex_brain.cpp.obj)
                0x0000000003803a10                vex::brain::lcd::setCursor(long, long)
 .text._ZN3vex5brain3lcd7setFontENS_8fontTypeE
                0x0000000003803a54      0x23c /Applications/VEXcode V5 Text.app/Contents/Resources/sdk/vexv5/libv5rt.a(vex_brain.cpp.obj)
                0x0000000003803a54                vex::brain::lcd::setFont(vex::fontType)
 .text._ZN3vex5brain3lcdC2Ev
                0x0000000003803c90       0x94 /Applications/VEXcode V5 Text.app/Contents/Resources/sdk/vexv5/libv5rt.a(vex_brain.cpp.obj)
                0x0000000003803c90                vex::brain::lcd::lcd()
                0x0000000003803c90                vex::brain::lcd::lcd()
 .text._ZN3vex5brainC2Ev
                0x0000000003803d24       0x38 /Applications/VEXcode V5 Text.app/Contents/Resources/sdk/vexv5/libv5rt.a(vex_brain.cpp.obj)
                0x0000000003803d24                vex::brain::brain()
                0x0000000003803d24                vex::brain::brain()
 .text._ZN3vex5brainD2Ev
                0x0000000003803d5c       0x20 /Applications/VEXcode V5 Text.app/Contents/Resources/sdk/vexv5/libv5rt.a(vex_brain.cpp.obj)
                0x0000000003803d5c                vex::brain::~brain()
                0x0000000003803d5c                vex::brain::~brain()
 .text._ZN3vex7triportD2Ev
                0x0000000003803d7c       0x38 /Applications/VEXcode V5 Text.app/Contents/Resources/sdk/vexv5/libv5rt.a(vex_triport.cpp.obj)
                0x0000000003803d7c                vex::triport::~triport()
                0x0000000003803d7c                vex::triport::~triport()
 .text._ZN3vex7triportD0Ev
                0x0000000003803db4       0x1c /Applications/VEXcode V5 Text.app/Contents/Resources/sdk/vexv5/libv5rt.a(vex_triport.cpp.obj)
                0x0000000003803db4                vex::triport::~triport()
 .text._ZN3vex7triport9installedEv
                0x0000000003803dd0       0x18 /Applications/VEXcode V5 Text.app/Contents/Resources/sdk/vexv5/libv5rt.a(vex_triport.cpp.obj)
                0x0000000003803dd0                vex::triport::installed()
 .text._ZN3vex7triport4portC2ElPS0_
                0x0000000003803de8       0x74 /Applications/VEXcode V5 Text.app/Contents/Resources/sdk/vexv5/libv5rt.a(vex_triport.cpp.obj)
                0x0000000003803de8                vex::triport::port::port(long, vex::triport*)
                0x0000000003803de8                vex::triport::port::port(long, vex::triport*)
 .text._ZN3vex7triportC2El
                0x0000000003803e5c       0xf0 /Applications/VEXcode V5 Text.app/Contents/Resources/sdk/vexv5/libv5rt.a(vex_triport.cpp.obj)
                0x0000000003803e5c                vex::triport::triport(long)
                0x0000000003803e5c                vex::triport::triport(long)
 .text._ZN3vex7triport4port4typeENS_11triportTypeE
                0x0000000003803f4c       0x30 /Applications/VEXcode V5 Text.app/Contents/Resources/sdk/vexv5/libv5rt.a(vex_triport.cpp.obj)
                0x0000000003803f4c                vex::triport::port::type(vex::triportType)
 .text._ZN3vex7triport4port4typeEv
                0x0000000003803f7c       0x38 /Applications/VEXcode V5 Text.app/Contents/Resources/sdk/vexv5/libv5rt.a(vex_triport.cpp.obj)
                0x0000000003803f7c                vex::triport::port::type()
 .text._ZN3vex7triport4port5valueEv
                0x0000000003803fb4       0x14 /Applications/VEXcode V5 Text.app/Contents/Resources/sdk/vexv5/libv5rt.a(vex_triport.cpp.obj)
                0x0000000003803fb4                vex::triport::port::value()
 .text._ZN3vex7triport4port14_convertAnalogENS_11analogUnitsE
                0x0000000003803fc8       0x58 /Applications/VEXcode V5 Text.app/Contents/Resources/sdk/vexv5/libv5rt.a(vex_triport.cpp.obj)
                0x0000000003803fc8                vex::triport::port::_convertAnalog(vex::analogUnits)
 .text._ZN3vex11__trideviceC2ERNS_7triport4portENS_11triportTypeE
                0x0000000003804020       0x5c /Applications/VEXcode V5 Text.app/Contents/Resources/sdk/vexv5/libv5rt.a(vex_triport.cpp.obj)
                0x0000000003804020                vex::__tridevice::__tridevice(vex::triport::port&, vex::triportType)
                0x0000000003804020                vex::__tridevice::__tridevice(vex::triport::port&, vex::triportType)
 .text._ZN3vex11__tridevice14_convertAnalogENS_11analogUnitsE
                0x000000000380407c        0x8 /Applications/VEXcode V5 Text.app/Contents/Resources/sdk/vexv5/libv5rt.a(vex_triport.cpp.obj)
                0x000000000380407c                vex::__tridevice::_convertAnalog(vex::analogUnits)
 .text._ZN3vex5limitC2ERNS_7triport4portE
                0x0000000003804084       0x28 /Applications/VEXcode V5 Text.app/Contents/Resources/sdk/vexv5/libv5rt.a(vex_triport.cpp.obj)
                0x0000000003804084                vex::limit::limit(vex::triport::port&)
                0x0000000003804084                vex::limit::limit(vex::triport::port&)
 .text._ZN3vex5limitD2Ev
                0x00000000038040ac        0x4 /Applications/VEXcode V5 Text.app/Contents/Resources/sdk/vexv5/libv5rt.a(vex_triport.cpp.obj)
                0x00000000038040ac                vex::limit::~limit()
                0x00000000038040ac                vex::limit::~limit()
 .text._ZN3vex3potC2ERNS_7triport4portE
                0x00000000038040b0       0x20 /Applications/VEXcode V5 Text.app/Contents/Resources/sdk/vexv5/libv5rt.a(vex_triport.cpp.obj)
                0x00000000038040b0                vex::pot::pot(vex::triport::port&)
                0x00000000038040b0                vex::pot::pot(vex::triport::port&)
 .text._ZN3vex3potD2Ev
                0x00000000038040d0        0x4 /Applications/VEXcode V5 Text.app/Contents/Resources/sdk/vexv5/libv5rt.a(vex_triport.cpp.obj)
                0x00000000038040d0                vex::pot::~pot()
                0x00000000038040d0                vex::pot::~pot()
 .text._ZN3vex3pot5valueENS_11analogUnitsE
                0x00000000038040d4        0x4 /Applications/VEXcode V5 Text.app/Contents/Resources/sdk/vexv5/libv5rt.a(vex_triport.cpp.obj)
                0x00000000038040d4                vex::pot::value(vex::analogUnits)
 .text.startup._GLOBAL__sub_I__ZN3vex7triportC2El
                0x00000000038040d8       0x30 /Applications/VEXcode V5 Text.app/Contents/Resources/sdk/vexv5/libv5rt.a(vex_triport.cpp.obj)
 .text._ZN3vex5colorD2Ev
                0x0000000003804108        0x4 /Applications/VEXcode V5 Text.app/Contents/Resources/sdk/vexv5/libv5rt.a(vex_color.cpp.obj)
                0x0000000003804108                vex::color::~color()
                0x0000000003804108                vex::color::~color()
 .text.startup._GLOBAL__sub_I__ZN3vex5color5blackE
                0x000000000380410c      0x164 /Applications/VEXcode V5 Text.app/Contents/Resources/sdk/vexv5/libv5rt.a(vex_color.cpp.obj)
 .text._ZN3vex5timerD2Ev
                0x0000000003804270        0x4 /Applications/VEXcode V5 Text.app/Contents/Resources/sdk/vexv5/libv5rt.a(vex_timer.cpp.obj)
                0x0000000003804270                vex::timer::~timer()
                0x0000000003804270                vex::timer::~timer()
 .text._ZN3vex5timer5clearEv
                0x0000000003804274       0x1c /Applications/VEXcode V5 Text.app/Contents/Resources/sdk/vexv5/libv5rt.a(vex_timer.cpp.obj)
                0x0000000003804274                vex::timer::clear()
 .text._ZN3vex5timerC2Ev
                0x0000000003804290       0x14 /Applications/VEXcode V5 Text.app/Contents/Resources/sdk/vexv5/libv5rt.a(vex_timer.cpp.obj)
                0x0000000003804290                vex::timer::timer()
                0x0000000003804290                vex::timer::timer()
 .text._ZN3vex11motor_group18motor_group_motorsC2Ev
                0x00000000038042a4       0x28 /Applications/VEXcode V5 Text.app/Contents/Resources/sdk/vexv5/libv5rt.a(vex_motorgroup.cpp.obj)
                0x00000000038042a4                vex::motor_group::motor_group_motors::motor_group_motors()
                0x00000000038042a4                vex::motor_group::motor_group_motors::motor_group_motors()
 .text._ZN3vex11motor_groupC2Ev
                0x00000000038042cc       0x1c /Applications/VEXcode V5 Text.app/Contents/Resources/sdk/vexv5/libv5rt.a(vex_motorgroup.cpp.obj)
                0x00000000038042cc                vex::motor_group::motor_group()
                0x00000000038042cc                vex::motor_group::motor_group()
 .text._ZN3vex11motor_groupD2Ev
                0x00000000038042e8        0x4 /Applications/VEXcode V5 Text.app/Contents/Resources/sdk/vexv5/libv5rt.a(vex_motorgroup.cpp.obj)
                0x00000000038042e8                vex::motor_group::~motor_group()
                0x00000000038042e8                vex::motor_group::~motor_group()
 .text._ZN3vex11motor_group9_addMotorERNS_5motorE
                0x00000000038042ec       0x20 /Applications/VEXcode V5 Text.app/Contents/Resources/sdk/vexv5/libv5rt.a(vex_motorgroup.cpp.obj)
                0x00000000038042ec                vex::motor_group::_addMotor(vex::motor&)
 .text._ZN3vex11motor_group11setVelocityEdNS_13velocityUnitsE
                0x000000000380430c       0x4c /Applications/VEXcode V5 Text.app/Contents/Resources/sdk/vexv5/libv5rt.a(vex_motorgroup.cpp.obj)
                0x000000000380430c                vex::motor_group::setVelocity(double, vex::velocityUnits)
 .text._ZN3vex11motor_group4spinENS_13directionTypeEdNS_13velocityUnitsE
                0x0000000003804358       0x54 /Applications/VEXcode V5 Text.app/Contents/Resources/sdk/vexv5/libv5rt.a(vex_motorgroup.cpp.obj)
                0x0000000003804358                vex::motor_group::spin(vex::directionType, double, vex::velocityUnits)
 .text._ZN3vex11motor_group10isSpinningEv
                0x00000000038043ac       0x40 /Applications/VEXcode V5 Text.app/Contents/Resources/sdk/vexv5/libv5rt.a(vex_motorgroup.cpp.obj)
                0x00000000038043ac                vex::motor_group::isSpinning()
 .text._ZN3vex11motor_group6isDoneEv
                0x00000000038043ec       0x14 /Applications/VEXcode V5 Text.app/Contents/Resources/sdk/vexv5/libv5rt.a(vex_motorgroup.cpp.obj)
                0x00000000038043ec                vex::motor_group::isDone()
 .text._ZN3vex11motor_group4stopEv
                0x0000000003804400       0x30 /Applications/VEXcode V5 Text.app/Contents/Resources/sdk/vexv5/libv5rt.a(vex_motorgroup.cpp.obj)
                0x0000000003804400                vex::motor_group::stop()
 .text._ZN3vex11motor_group8rotationENS_13rotationUnitsE
                0x0000000003804430        0xc /Applications/VEXcode V5 Text.app/Contents/Resources/sdk/vexv5/libv5rt.a(vex_motorgroup.cpp.obj)
                0x0000000003804430                vex::motor_group::rotation(vex::rotationUnits)
 .text._ZN3vex11motor_group8positionENS_13rotationUnitsE
                0x000000000380443c        0x4 /Applications/VEXcode V5 Text.app/Contents/Resources/sdk/vexv5/libv5rt.a(vex_motorgroup.cpp.obj)
                0x000000000380443c                vex::motor_group::position(vex::rotationUnits)
 .text._ZN3vex11motor_group8velocityENS_13velocityUnitsE
                0x0000000003804440        0xc /Applications/VEXcode V5 Text.app/Contents/Resources/sdk/vexv5/libv5rt.a(vex_motorgroup.cpp.obj)
                0x0000000003804440                vex::motor_group::velocity(vex::velocityUnits)
 .text._ZN3vex11motor_group20waitForCompletionAllEv
                0x000000000380444c       0x60 /Applications/VEXcode V5 Text.app/Contents/Resources/sdk/vexv5/libv5rt.a(vex_motorgroup.cpp.obj)
                0x000000000380444c                vex::motor_group::waitForCompletionAll()
 .text._ZN3vex11motor_group9rotateForENS_13directionTypeEdNS_13rotationUnitsEdNS_13velocityUnitsEb
                0x00000000038044ac       0xa8 /Applications/VEXcode V5 Text.app/Contents/Resources/sdk/vexv5/libv5rt.a(vex_motorgroup.cpp.obj)
                0x00000000038044ac                vex::motor_group::rotateFor(vex::directionType, double, vex::rotationUnits, double, vex::velocityUnits, bool)
 .text._ZN3vex11motor_group7spinForENS_13directionTypeEdNS_13rotationUnitsEdNS_13velocityUnitsEb
                0x0000000003804554       0x14 /Applications/VEXcode V5 Text.app/Contents/Resources/sdk/vexv5/libv5rt.a(vex_motorgroup.cpp.obj)
                0x0000000003804554                vex::motor_group::spinFor(vex::directionType, double, vex::rotationUnits, double, vex::velocityUnits, bool)
 .text._ZN3vex10drivetrainD2Ev
                0x0000000003804568       0x28 /Applications/VEXcode V5 Text.app/Contents/Resources/sdk/vexv5/libv5rt.a(vex_drivetrain.cpp.obj)
                0x0000000003804568                vex::drivetrain::~drivetrain()
                0x0000000003804568                vex::drivetrain::~drivetrain()
 .text._ZN3vex10drivetrainD0Ev
                0x0000000003804590       0x1c /Applications/VEXcode V5 Text.app/Contents/Resources/sdk/vexv5/libv5rt.a(vex_drivetrain.cpp.obj)
                0x0000000003804590                vex::drivetrain::~drivetrain()
 .text._ZN3vex10drivetrain8isMovingEv
                0x00000000038045ac       0x24 /Applications/VEXcode V5 Text.app/Contents/Resources/sdk/vexv5/libv5rt.a(vex_drivetrain.cpp.obj)
                0x00000000038045ac                vex::drivetrain::isMoving()
 .text._ZN3vex10drivetrain16setDriveVelocityEdNS_13velocityUnitsE
                0x00000000038045d0       0x54 /Applications/VEXcode V5 Text.app/Contents/Resources/sdk/vexv5/libv5rt.a(vex_drivetrain.cpp.obj)
                0x00000000038045d0                vex::drivetrain::setDriveVelocity(double, vex::velocityUnits)
 *fill*         0x0000000003804624        0x4 
 .text._ZN3vex10drivetrain12setGearRatioEd
                0x0000000003804628       0x54 /Applications/VEXcode V5 Text.app/Contents/Resources/sdk/vexv5/libv5rt.a(vex_drivetrain.cpp.obj)
                0x0000000003804628                vex::drivetrain::setGearRatio(double)
 .text._ZN3vex10drivetrain10timeoutGetEv
                0x000000000380467c        0x8 /Applications/VEXcode V5 Text.app/Contents/Resources/sdk/vexv5/libv5rt.a(vex_drivetrain.cpp.obj)
                0x000000000380467c                vex::drivetrain::timeoutGet()
 .text._ZN3vex10drivetrain4turnENS_8turnTypeE
                0x0000000003804684       0x50 /Applications/VEXcode V5 Text.app/Contents/Resources/sdk/vexv5/libv5rt.a(vex_drivetrain.cpp.obj)
                0x0000000003804684                vex::drivetrain::turn(vex::turnType)
 .text._ZN3vex10drivetrain15setTurnVelocityEdNS_13velocityUnitsE
                0x00000000038046d4       0x28 /Applications/VEXcode V5 Text.app/Contents/Resources/sdk/vexv5/libv5rt.a(vex_drivetrain.cpp.obj)
                0x00000000038046d4                vex::drivetrain::setTurnVelocity(double, vex::velocityUnits)
 .text._ZN3vex10drivetrain4turnENS_8turnTypeEdNS_13velocityUnitsE
                0x00000000038046fc       0x6c /Applications/VEXcode V5 Text.app/Contents/Resources/sdk/vexv5/libv5rt.a(vex_drivetrain.cpp.obj)
                0x00000000038046fc                vex::drivetrain::turn(vex::turnType, double, vex::velocityUnits)
 .text._ZN3vex10drivetrain6isDoneEv
                0x0000000003804768       0x14 /Applications/VEXcode V5 Text.app/Contents/Resources/sdk/vexv5/libv5rt.a(vex_drivetrain.cpp.obj)
                0x0000000003804768                vex::drivetrain::isDone()
 .text._ZN3vex10drivetrain4stopEv
                0x000000000380477c       0x24 /Applications/VEXcode V5 Text.app/Contents/Resources/sdk/vexv5/libv5rt.a(vex_drivetrain.cpp.obj)
                0x000000000380477c                vex::drivetrain::stop()
 .text._ZN3vex10drivetrain21_waitForCompletionAllEv
                0x00000000038047a0       0x60 /Applications/VEXcode V5 Text.app/Contents/Resources/sdk/vexv5/libv5rt.a(vex_drivetrain.cpp.obj)
                0x00000000038047a0                vex::drivetrain::_waitForCompletionAll()
 .text._ZN3vex10drivetrain12distanceToMmEdNS_13distanceUnitsE
                0x0000000003804800       0x38 /Applications/VEXcode V5 Text.app/Contents/Resources/sdk/vexv5/libv5rt.a(vex_drivetrain.cpp.obj)
                0x0000000003804800                vex::drivetrain::distanceToMm(double, vex::distanceUnits)
 .text._ZN3vex10drivetrainC2ERNS_11motor_groupES2_dddNS_13distanceUnitsEd
                0x0000000003804838       0xe8 /Applications/VEXcode V5 Text.app/Contents/Resources/sdk/vexv5/libv5rt.a(vex_drivetrain.cpp.obj)
                0x0000000003804838                vex::drivetrain::drivetrain(vex::motor_group&, vex::motor_group&, double, double, double, vex::distanceUnits, double)
                0x0000000003804838                vex::drivetrain::drivetrain(vex::motor_group&, vex::motor_group&, double, double, double, vex::distanceUnits, double)
 .text._ZN3vex10drivetrain12_angleToRevsEdNS_13rotationUnitsE
                0x0000000003804920       0xc0 /Applications/VEXcode V5 Text.app/Contents/Resources/sdk/vexv5/libv5rt.a(vex_drivetrain.cpp.obj)
                0x0000000003804920                vex::drivetrain::_angleToRevs(double, vex::rotationUnits)
 .text._ZN3vex10drivetrain7turnForENS_8turnTypeEdNS_13rotationUnitsEb
                0x00000000038049e0       0xbc /Applications/VEXcode V5 Text.app/Contents/Resources/sdk/vexv5/libv5rt.a(vex_drivetrain.cpp.obj)
                0x00000000038049e0                vex::drivetrain::turnFor(vex::turnType, double, vex::rotationUnits, bool)
 .text._ZN3vex10drivetrain7turnForEdNS_13rotationUnitsEb
                0x0000000003804a9c       0x10 /Applications/VEXcode V5 Text.app/Contents/Resources/sdk/vexv5/libv5rt.a(vex_drivetrain.cpp.obj)
                0x0000000003804a9c                vex::drivetrain::turnFor(double, vex::rotationUnits, bool)
 .text._ZN3vex10drivetrain7turnForENS_8turnTypeEdNS_13rotationUnitsEdNS_13velocityUnitsEb
                0x0000000003804aac       0xd0 /Applications/VEXcode V5 Text.app/Contents/Resources/sdk/vexv5/libv5rt.a(vex_drivetrain.cpp.obj)
                0x0000000003804aac                vex::drivetrain::turnFor(vex::turnType, double, vex::rotationUnits, double, vex::velocityUnits, bool)
 .text._ZN3vex10drivetrain7turnForEdNS_13rotationUnitsEdNS_13velocityUnitsEb
                0x0000000003804b7c       0x18 /Applications/VEXcode V5 Text.app/Contents/Resources/sdk/vexv5/libv5rt.a(vex_drivetrain.cpp.obj)
                0x0000000003804b7c                vex::drivetrain::turnFor(double, vex::rotationUnits, double, vex::velocityUnits, bool)
 .text._ZN3vex10smartdriveD2Ev
                0x0000000003804b94       0x3c /Applications/VEXcode V5 Text.app/Contents/Resources/sdk/vexv5/libv5rt.a(vex_smartdrive.cpp.obj)
                0x0000000003804b94                vex::smartdrive::~smartdrive()
                0x0000000003804b94                vex::smartdrive::~smartdrive()
 .text._ZN3vex10smartdriveD0Ev
                0x0000000003804bd0       0x1c /Applications/VEXcode V5 Text.app/Contents/Resources/sdk/vexv5/libv5rt.a(vex_smartdrive.cpp.obj)
                0x0000000003804bd0                vex::smartdrive::~smartdrive()
 .text._ZN3vex10smartdriveC2ERNS_11motor_groupES2_RNS_8inertialEdddNS_13distanceUnitsEd
                0x0000000003804bec       0x78 /Applications/VEXcode V5 Text.app/Contents/Resources/sdk/vexv5/libv5rt.a(vex_smartdrive.cpp.obj)
                0x0000000003804bec                vex::smartdrive::smartdrive(vex::motor_group&, vex::motor_group&, vex::inertial&, double, double, double, vex::distanceUnits, double)
                0x0000000003804bec                vex::smartdrive::smartdrive(vex::motor_group&, vex::motor_group&, vex::inertial&, double, double, double, vex::distanceUnits, double)
 .text._ZN3vex10smartdrive8rotationENS_13rotationUnitsE
                0x0000000003804c64       0x10 /Applications/VEXcode V5 Text.app/Contents/Resources/sdk/vexv5/libv5rt.a(vex_smartdrive.cpp.obj)
                0x0000000003804c64                vex::smartdrive::rotation(vex::rotationUnits)
 .text._ZN3vex10smartdrive9isTurningEv
                0x0000000003804c74       0x14 /Applications/VEXcode V5 Text.app/Contents/Resources/sdk/vexv5/libv5rt.a(vex_smartdrive.cpp.obj)
                0x0000000003804c74                vex::smartdrive::isTurning()
 .text._ZN3vex10smartdrive8isMovingEv
                0x0000000003804c88        0x4 /Applications/VEXcode V5 Text.app/Contents/Resources/sdk/vexv5/libv5rt.a(vex_smartdrive.cpp.obj)
                0x0000000003804c88                vex::smartdrive::isMoving()
 .text._ZN3vex10smartdrive11_initeventsEv
                0x0000000003804c8c       0x50 /Applications/VEXcode V5 Text.app/Contents/Resources/sdk/vexv5/libv5rt.a(vex_smartdrive.cpp.obj)
                0x0000000003804c8c                vex::smartdrive::_initevents()
 .text._ZN3vex10smartdrive22_testForCompletionGyroEv
                0x0000000003804cdc      0x11c /Applications/VEXcode V5 Text.app/Contents/Resources/sdk/vexv5/libv5rt.a(vex_smartdrive.cpp.obj)
                0x0000000003804cdc                vex::smartdrive::_testForCompletionGyro()
 .text._ZN3vex10smartdrive9_gyrotaskEPv
                0x0000000003804df8       0x7c /Applications/VEXcode V5 Text.app/Contents/Resources/sdk/vexv5/libv5rt.a(vex_smartdrive.cpp.obj)
                0x0000000003804df8                vex::smartdrive::_gyrotask(void*)
 .text._ZN3vex10smartdrive22_waitForCompletionGyroEv
                0x0000000003804e74       0x88 /Applications/VEXcode V5 Text.app/Contents/Resources/sdk/vexv5/libv5rt.a(vex_smartdrive.cpp.obj)
                0x0000000003804e74                vex::smartdrive::_waitForCompletionGyro()
 *fill*         0x0000000003804efc        0x4 
 .text._ZN3vex10smartdrive7turnForENS_8turnTypeEdNS_13rotationUnitsEdNS_13velocityUnitsEb
                0x0000000003804f00      0x170 /Applications/VEXcode V5 Text.app/Contents/Resources/sdk/vexv5/libv5rt.a(vex_smartdrive.cpp.obj)
                0x0000000003804f00                vex::smartdrive::turnFor(vex::turnType, double, vex::rotationUnits, double, vex::velocityUnits, bool)
 .text._ZN3vex10smartdrive7turnForENS_8turnTypeEdNS_13rotationUnitsEb
                0x0000000003805070       0x34 /Applications/VEXcode V5 Text.app/Contents/Resources/sdk/vexv5/libv5rt.a(vex_smartdrive.cpp.obj)
                0x0000000003805070                vex::smartdrive::turnFor(vex::turnType, double, vex::rotationUnits, bool)
 .text._ZN3vex10smartdrive7turnForEdNS_13rotationUnitsEb
                0x00000000038050a4       0x10 /Applications/VEXcode V5 Text.app/Contents/Resources/sdk/vexv5/libv5rt.a(vex_smartdrive.cpp.obj)
                0x00000000038050a4                vex::smartdrive::turnFor(double, vex::rotationUnits, bool)
 .text._ZN3vex10smartdrive7turnForEdNS_13rotationUnitsEdNS_13velocityUnitsEb
                0x00000000038050b4       0x18 /Applications/VEXcode V5 Text.app/Contents/Resources/sdk/vexv5/libv5rt.a(vex_smartdrive.cpp.obj)
                0x00000000038050b4                vex::smartdrive::turnFor(double, vex::rotationUnits, double, vex::velocityUnits, bool)
 .text.vexAdiPortConfigSet
                0x00000000038050cc       0x28 /Applications/VEXcode V5 Text.app/Contents/Resources/sdk/vexv5/libv5rt.a(v5_apiuser.c.obj)
                0x00000000038050cc                vexAdiPortConfigSet
 .text.vexAdiPortConfigGet
                0x00000000038050f4       0x28 /Applications/VEXcode V5 Text.app/Contents/Resources/sdk/vexv5/libv5rt.a(v5_apiuser.c.obj)
                0x00000000038050f4                vexAdiPortConfigGet
 .text.vexAdiValueGet
                0x000000000380511c       0x20 /Applications/VEXcode V5 Text.app/Contents/Resources/sdk/vexv5/libv5rt.a(v5_apiuser.c.obj)
                0x000000000380511c                vexAdiValueGet
 .text.vexMotorVelocitySet
                0x000000000380513c       0x20 /Applications/VEXcode V5 Text.app/Contents/Resources/sdk/vexv5/libv5rt.a(v5_apiuser.c.obj)
                0x000000000380513c                vexMotorVelocitySet
 .text.vexMotorVoltageSet
                0x000000000380515c       0x20 /Applications/VEXcode V5 Text.app/Contents/Resources/sdk/vexv5/libv5rt.a(v5_apiuser.c.obj)
                0x000000000380515c                vexMotorVoltageSet
 .text.vexMotorActualVelocityGet
                0x000000000380517c       0x24 /Applications/VEXcode V5 Text.app/Contents/Resources/sdk/vexv5/libv5rt.a(v5_apiuser.c.obj)
                0x000000000380517c                vexMotorActualVelocityGet
 .text.vexMotorZeroPositionFlagGet
                0x00000000038051a0       0x18 /Applications/VEXcode V5 Text.app/Contents/Resources/sdk/vexv5/libv5rt.a(v5_apiuser.c.obj)
                0x00000000038051a0                vexMotorZeroPositionFlagGet
 .text.vexMotorReverseFlagSet
                0x00000000038051b8       0x20 /Applications/VEXcode V5 Text.app/Contents/Resources/sdk/vexv5/libv5rt.a(v5_apiuser.c.obj)
                0x00000000038051b8                vexMotorReverseFlagSet
 .text.vexMotorEncoderUnitsSet
                0x00000000038051d8       0x20 /Applications/VEXcode V5 Text.app/Contents/Resources/sdk/vexv5/libv5rt.a(v5_apiuser.c.obj)
                0x00000000038051d8                vexMotorEncoderUnitsSet
 .text.vexMotorBrakeModeSet
                0x00000000038051f8       0x20 /Applications/VEXcode V5 Text.app/Contents/Resources/sdk/vexv5/libv5rt.a(v5_apiuser.c.obj)
                0x00000000038051f8                vexMotorBrakeModeSet
 .text.vexMotorPositionSet
                0x0000000003805218       0x28 /Applications/VEXcode V5 Text.app/Contents/Resources/sdk/vexv5/libv5rt.a(v5_apiuser.c.obj)
                0x0000000003805218                vexMotorPositionSet
 .text.vexMotorPositionGet
                0x0000000003805240       0x24 /Applications/VEXcode V5 Text.app/Contents/Resources/sdk/vexv5/libv5rt.a(v5_apiuser.c.obj)
                0x0000000003805240                vexMotorPositionGet
 .text.vexMotorRelativeTargetSet
                0x0000000003805264       0x30 /Applications/VEXcode V5 Text.app/Contents/Resources/sdk/vexv5/libv5rt.a(v5_apiuser.c.obj)
                0x0000000003805264                vexMotorRelativeTargetSet
 .text.vexMotorGearingSet
                0x0000000003805294       0x20 /Applications/VEXcode V5 Text.app/Contents/Resources/sdk/vexv5/libv5rt.a(v5_apiuser.c.obj)
                0x0000000003805294                vexMotorGearingSet
 .text.vexMotorGearingGet
                0x00000000038052b4       0x18 /Applications/VEXcode V5 Text.app/Contents/Resources/sdk/vexv5/libv5rt.a(v5_apiuser.c.obj)
                0x00000000038052b4                vexMotorGearingGet
 .text.vexImuReset
                0x00000000038052cc       0x10 /Applications/VEXcode V5 Text.app/Contents/Resources/sdk/vexv5/libv5rt.a(v5_apiuser.c.obj)
                0x00000000038052cc                vexImuReset
 .text.vexImuHeadingGet
                0x00000000038052dc       0x10 /Applications/VEXcode V5 Text.app/Contents/Resources/sdk/vexv5/libv5rt.a(v5_apiuser.c.obj)
                0x00000000038052dc                vexImuHeadingGet
 .text.vexImuDegreesGet
                0x00000000038052ec       0x10 /Applications/VEXcode V5 Text.app/Contents/Resources/sdk/vexv5/libv5rt.a(v5_apiuser.c.obj)
                0x00000000038052ec                vexImuDegreesGet
 .text.vexImuStatusGet
                0x00000000038052fc       0x10 /Applications/VEXcode V5 Text.app/Contents/Resources/sdk/vexv5/libv5rt.a(v5_apiuser.c.obj)
                0x00000000038052fc                vexImuStatusGet
 .text.vexEventMaskSet
                0x000000000380530c       0x28 /Applications/VEXcode V5 Text.app/Contents/Resources/sdk/vexv5/libv5rt.a(v5_apiuser.c.obj)
                0x000000000380530c                vexEventMaskSet
 .text.vexEventMaskGet
                0x0000000003805334       0x18 /Applications/VEXcode V5 Text.app/Contents/Resources/sdk/vexv5/libv5rt.a(v5_apiuser.c.obj)
                0x0000000003805334                vexEventMaskGet
 .text._ZN3vex6deviceD2Ev
                0x000000000380534c        0x4 /Applications/VEXcode V5 Text.app/Contents/Resources/sdk/vexv5/libv5rt.a(vex_device.cpp.obj)
                0x000000000380534c                vex::device::~device()
                0x000000000380534c                vex::device::~device()
 .text._ZN3vex6device5valueEv
                0x0000000003805350        0x8 /Applications/VEXcode V5 Text.app/Contents/Resources/sdk/vexv5/libv5rt.a(vex_device.cpp.obj)
                0x0000000003805350                vex::device::value()
 .text._ZN3vex6deviceD0Ev
                0x0000000003805358       0x14 /Applications/VEXcode V5 Text.app/Contents/Resources/sdk/vexv5/libv5rt.a(vex_device.cpp.obj)
                0x0000000003805358                vex::device::~device()
 .text._ZN3vex6device4initEl
                0x000000000380536c       0x30 /Applications/VEXcode V5 Text.app/Contents/Resources/sdk/vexv5/libv5rt.a(vex_device.cpp.obj)
                0x000000000380536c                vex::device::init(long)
 .text._ZN3vex6deviceC2El
                0x000000000380539c       0x20 /Applications/VEXcode V5 Text.app/Contents/Resources/sdk/vexv5/libv5rt.a(vex_device.cpp.obj)
                0x000000000380539c                vex::device::device(long)
                0x000000000380539c                vex::device::device(long)
 .text._ZN3vex6device4typeEv
                0x00000000038053bc       0x10 /Applications/VEXcode V5 Text.app/Contents/Resources/sdk/vexv5/libv5rt.a(vex_device.cpp.obj)
                0x00000000038053bc                vex::device::type()
 .text._ZN3vex6device9installedEv
                0x00000000038053cc       0x14 /Applications/VEXcode V5 Text.app/Contents/Resources/sdk/vexv5/libv5rt.a(vex_device.cpp.obj)
                0x00000000038053cc                vex::device::installed()
 .text.__aeabi_memclr
                0x00000000038053e0        0x8 /Applications/VEXcode V5 Text.app/Contents/Resources/sdk/vexv5/gcc/libs/libc.a(lib_a-aeabi_memclr.o)
                0x00000000038053e0                __aeabi_memclr8
                0x00000000038053e0                __aeabi_memclr4
                0x00000000038053e0                __aeabi_memclr
 .text.__libc_fini_array
                0x00000000038053e8       0x30 /Applications/VEXcode V5 Text.app/Contents/Resources/sdk/vexv5/gcc/libs/libc.a(lib_a-fini.o)
                0x00000000038053e8                __libc_fini_array
 .text.__libc_init_array
                0x0000000003805418       0x58 /Applications/VEXcode V5 Text.app/Contents/Resources/sdk/vexv5/gcc/libs/libc.a(lib_a-init.o)
                0x0000000003805418                __libc_init_array
 .text.memcpy   0x0000000003805470       0xa8 /Applications/VEXcode V5 Text.app/Contents/Resources/sdk/vexv5/gcc/libs/libc.a(lib_a-memcpy.o)
                0x0000000003805470                memcpy
 .text.memcpy.__stub
                0x0000000003805518       0x18 linker stubs
 *(.gnu.linkonce.t.*)
 *(.plt)
 *(.gnu_warning)
 *(.gcc_except_table)
 *(.glue_7)
 .glue_7        0x0000000003805530        0x0 linker stubs
 *(.glue_7t)
 .glue_7t       0x0000000003805530        0x0 linker stubs
 *(.vfp11_veneer)
 .vfp11_veneer  0x0000000003805530        0x0 linker stubs
 *(.ARM.extab)
 *(.gnu.linkonce.armextab.*)

.v4_bx          0x0000000003805530        0x0
 .v4_bx         0x0000000003805530        0x0 linker stubs

.iplt           0x0000000003805530        0x0
 .iplt          0x0000000003805530        0x0 build/src/ACCESS_OS.o

.init
 *(.init)

.fini
 *(.fini)

.rodata         0x0000000003805530      0x314
                0x0000000003805530                __rodata_start = .
 *(.rodata)
 *(.rodata.*)
 .rodata.str1.1
                0x0000000003805530       0x8b build/src/ACCESS_OS.o
                                         0x9f (size before relaxing)
 .rodata.str1.1
                0x00000000038055bb       0x19 build/src/controls.o
 .rodata.str1.1
                0x00000000038055d4       0x6c build/src/main.o
                                         0x77 (size before relaxing)
 .rodata.str1.1
                0x0000000003805640       0x2e /Applications/VEXcode V5 Text.app/Contents/Resources/sdk/vexv5/libv5rt.a(v5_startup.c.obj)
 *fill*         0x000000000380566e        0x2 
 .rodata._ZN3vex6PORT20E
                0x0000000003805670        0x4 /Applications/VEXcode V5 Text.app/Contents/Resources/sdk/vexv5/libv5rt.a(vex_global.cpp.obj)
                0x0000000003805670                vex::PORT20
 .rodata._ZN3vex3revE
                0x0000000003805674        0x4 /Applications/VEXcode V5 Text.app/Contents/Resources/sdk/vexv5/libv5rt.a(vex_global.cpp.obj)
                0x0000000003805674                vex::rev
 .rodata._ZN3vex3fwdE
                0x0000000003805678        0x4 /Applications/VEXcode V5 Text.app/Contents/Resources/sdk/vexv5/libv5rt.a(vex_global.cpp.obj)
                0x0000000003805678                vex::fwd
 .rodata._ZN3vex5PORT5E
                0x000000000380567c        0x4 /Applications/VEXcode V5 Text.app/Contents/Resources/sdk/vexv5/libv5rt.a(vex_global.cpp.obj)
                0x000000000380567c                vex::PORT5
 .rodata._ZN3vex7forwardE
                0x0000000003805680        0x4 /Applications/VEXcode V5 Text.app/Contents/Resources/sdk/vexv5/libv5rt.a(vex_global.cpp.obj)
                0x0000000003805680                vex::forward
 .rodata._ZN3vex3pctE
                0x0000000003805684        0x4 /Applications/VEXcode V5 Text.app/Contents/Resources/sdk/vexv5/libv5rt.a(vex_global.cpp.obj)
                0x0000000003805684                vex::pct
 .rodata._ZN3vex5PORT9E
                0x0000000003805688        0x4 /Applications/VEXcode V5 Text.app/Contents/Resources/sdk/vexv5/libv5rt.a(vex_global.cpp.obj)
                0x0000000003805688                vex::PORT9
 .rodata._ZN3vex5PORT2E
                0x000000000380568c        0x4 /Applications/VEXcode V5 Text.app/Contents/Resources/sdk/vexv5/libv5rt.a(vex_global.cpp.obj)
                0x000000000380568c                vex::PORT2
 .rodata._ZN3vex6PORT11E
                0x0000000003805690        0x4 /Applications/VEXcode V5 Text.app/Contents/Resources/sdk/vexv5/libv5rt.a(vex_global.cpp.obj)
                0x0000000003805690                vex::PORT11
 .rodata._ZN3vex5PORT6E
                0x0000000003805694        0x4 /Applications/VEXcode V5 Text.app/Contents/Resources/sdk/vexv5/libv5rt.a(vex_global.cpp.obj)
                0x0000000003805694                vex::PORT6
 .rodata._ZN3vex7percentE
                0x0000000003805698        0x4 /Applications/VEXcode V5 Text.app/Contents/Resources/sdk/vexv5/libv5rt.a(vex_global.cpp.obj)
                0x0000000003805698                vex::percent
 .rodata._ZN3vex6PORT15E
                0x000000000380569c        0x4 /Applications/VEXcode V5 Text.app/Contents/Resources/sdk/vexv5/libv5rt.a(vex_global.cpp.obj)
                0x000000000380569c                vex::PORT15
 .rodata._ZN3vex6PORT19E
                0x00000000038056a0        0x4 /Applications/VEXcode V5 Text.app/Contents/Resources/sdk/vexv5/libv5rt.a(vex_global.cpp.obj)
                0x00000000038056a0                vex::PORT19
 .rodata._ZN3vex6PORT22E
                0x00000000038056a4        0x4 /Applications/VEXcode V5 Text.app/Contents/Resources/sdk/vexv5/libv5rt.a(vex_global.cpp.obj)
                0x00000000038056a4                vex::PORT22
 .rodata._ZN3vex4holdE
                0x00000000038056a8        0x4 /Applications/VEXcode V5 Text.app/Contents/Resources/sdk/vexv5/libv5rt.a(vex_global.cpp.obj)
                0x00000000038056a8                vex::hold
 .rodata._ZN3vex5coastE
                0x00000000038056ac        0x4 /Applications/VEXcode V5 Text.app/Contents/Resources/sdk/vexv5/libv5rt.a(vex_global.cpp.obj)
                0x00000000038056ac                vex::coast
 .rodata._ZTVN3vex5motorE
                0x00000000038056b0       0x18 /Applications/VEXcode V5 Text.app/Contents/Resources/sdk/vexv5/libv5rt.a(vex_motor.cpp.obj)
                0x00000000038056b0                vtable for vex::motor
 .rodata._ZTVN3vex8inertialE
                0x00000000038056c8       0x60 /Applications/VEXcode V5 Text.app/Contents/Resources/sdk/vexv5/libv5rt.a(vex_imu.cpp.obj)
                0x00000000038056c8                vtable for vex::inertial
 .rodata.str1.1
                0x0000000003805728       0x15 /Applications/VEXcode V5 Text.app/Contents/Resources/sdk/vexv5/libv5rt.a(vex_controller.cpp.obj)
                                         0x16 (size before relaxing)
 .rodata.CSWTCH.15
                0x000000000380573d        0xb /Applications/VEXcode V5 Text.app/Contents/Resources/sdk/vexv5/libv5rt.a(vex_controller.cpp.obj)
 .rodata.CSWTCH.17
                0x0000000003805748        0xb /Applications/VEXcode V5 Text.app/Contents/Resources/sdk/vexv5/libv5rt.a(vex_controller.cpp.obj)
 .rodata.CSWTCH.23
                0x0000000003805753        0x3 /Applications/VEXcode V5 Text.app/Contents/Resources/sdk/vexv5/libv5rt.a(vex_controller.cpp.obj)
 .rodata.str1.1
                0x0000000003805756       0x14 /Applications/VEXcode V5 Text.app/Contents/Resources/sdk/vexv5/libv5rt.a(vex_thread.cpp.obj)
 .rodata.str1.1
                0x000000000380576a       0x2b /Applications/VEXcode V5 Text.app/Contents/Resources/sdk/vexv5/libv5rt.a(vex_brain.cpp.obj)
 .rodata.CSWTCH.36
                0x0000000003805795       0x10 /Applications/VEXcode V5 Text.app/Contents/Resources/sdk/vexv5/libv5rt.a(vex_triport.cpp.obj)
 *fill*         0x00000000038057a5        0x3 
 .rodata._ZTVN3vex7triportE
                0x00000000038057a8       0x18 /Applications/VEXcode V5 Text.app/Contents/Resources/sdk/vexv5/libv5rt.a(vex_triport.cpp.obj)
                0x00000000038057a8                vtable for vex::triport
 .rodata.CSWTCH.31
                0x00000000038057c0        0xe /Applications/VEXcode V5 Text.app/Contents/Resources/sdk/vexv5/libv5rt.a(vex_triport.cpp.obj)
 *fill*         0x00000000038057ce        0x2 
 .rodata._ZTVN3vex10drivetrainE
                0x00000000038057d0       0x24 /Applications/VEXcode V5 Text.app/Contents/Resources/sdk/vexv5/libv5rt.a(vex_drivetrain.cpp.obj)
                0x00000000038057d0                vtable for vex::drivetrain
 .rodata.str1.1
                0x00000000038057f4        0xa /Applications/VEXcode V5 Text.app/Contents/Resources/sdk/vexv5/libv5rt.a(vex_smartdrive.cpp.obj)
 *fill*         0x00000000038057fe        0x2 
 .rodata._ZTVN3vex10smartdriveE
                0x0000000003805800       0x24 /Applications/VEXcode V5 Text.app/Contents/Resources/sdk/vexv5/libv5rt.a(vex_smartdrive.cpp.obj)
                0x0000000003805800                vtable for vex::smartdrive
 *fill*         0x0000000003805824        0x4 
 .rodata._ZTVN3vex6deviceE
                0x0000000003805828       0x18 /Applications/VEXcode V5 Text.app/Contents/Resources/sdk/vexv5/libv5rt.a(vex_device.cpp.obj)
                0x0000000003805828                vtable for vex::device
 .rodata.str1.4
                0x0000000003805840        0x4 /Applications/VEXcode V5 Text.app/Contents/Resources/sdk/vexv5/gcc/libs/libc.a(lib_a-impure.o)
                                          0x2 (size before relaxing)
 *(.gnu.linkonce.r.*)
                0x0000000003805844                __rodata_end = .

.rodata1        0x0000000003805844        0x0
                0x0000000003805844                __rodata1_start = .
 *(.rodata1)
 *(.rodata1.*)
                0x0000000003805844                __rodata1_end = .

.sdata2         0x0000000003805844        0x0
                0x0000000003805844                __sdata2_start = .
 *(.sdata2)
 *(.sdata2.*)
 *(.gnu.linkonce.s2.*)
                0x0000000003805844                __sdata2_end = .

.sbss2          0x0000000003805844        0x0
                0x0000000003805844                __sbss2_start = .
 *(.sbss2)
 *(.sbss2.*)
 *(.gnu.linkonce.sb2.*)
                0x0000000003805844                __sbss2_end = .

.data           0x0000000003805848      0x464
                0x0000000003805848                __data_start = .
 *(.data)
 *(.data.*)
 .data.liftMax  0x0000000003805848        0x4 build/src/robot-config.o
                0x0000000003805848                liftMax
 .data.liftTowerMid
                0x000000000380584c        0x4 build/src/robot-config.o
                0x000000000380584c                liftTowerMid
 .data.liftTowerLow
                0x0000000003805850        0x4 build/src/robot-config.o
                0x0000000003805850                liftTowerLow
 .data.liftMin  0x0000000003805854        0x4 build/src/robot-config.o
                0x0000000003805854                liftMin
 .data.tiltMax  0x0000000003805858        0x4 build/src/robot-config.o
                0x0000000003805858                tiltMax
 .data.tiltStack
                0x000000000380585c        0x4 build/src/robot-config.o
                0x000000000380585c                tiltStack
 .data.tiltMin  0x0000000003805860        0x4 build/src/robot-config.o
                0x0000000003805860                tiltMin
 *fill*         0x0000000003805864        0x4 
 .data.driveSpeedFactor
                0x0000000003805868        0x8 build/src/robot-config.o
                0x0000000003805868                driveSpeedFactor
 .data.turnSpeedFactor
                0x0000000003805870        0x8 build/src/robot-config.o
                0x0000000003805870                turnSpeedFactor
 .data.appRunning
                0x0000000003805878        0x4 /Applications/VEXcode V5 Text.app/Contents/Resources/sdk/vexv5/libv5rt.a(v5_startup.c.obj)
                0x0000000003805878                appRunning
 .data._ZN3vex24__default_motor_velocityE
                0x000000000380587c        0x4 /Applications/VEXcode V5 Text.app/Contents/Resources/sdk/vexv5/libv5rt.a(vex_motor.cpp.obj)
                0x000000000380587c                vex::__default_motor_velocity
 .data.impure_data
                0x0000000003805880      0x428 /Applications/VEXcode V5 Text.app/Contents/Resources/sdk/vexv5/gcc/libs/libc.a(lib_a-impure.o)
 .data._impure_ptr
                0x0000000003805ca8        0x4 /Applications/VEXcode V5 Text.app/Contents/Resources/sdk/vexv5/gcc/libs/libc.a(lib_a-impure.o)
                0x0000000003805ca8                _impure_ptr
 *(.gnu.linkonce.d.*)
 *(.jcr)
 *(.got)
 *(.got.plt)
                0x0000000003805cac                __data_end = .

.igot.plt       0x0000000003805cac        0x0
 .igot.plt      0x0000000003805cac        0x0 build/src/ACCESS_OS.o

.data1          0x0000000003805cac        0x0
                0x0000000003805cac                __data1_start = .
 *(.data1)
 *(.data1.*)
                0x0000000003805cac                __data1_end = .

.got
 *(.got)

.ctors          0x0000000003805cac        0x0
                0x0000000003805cac                __CTOR_LIST__ = .
                0x0000000003805cac                ___CTORS_LIST___ = .
 *crtbegin.o(.ctors)
 *(EXCLUDE_FILE(*crtend.o) .ctors)
 *(SORT_BY_NAME(.ctors.*))
 *(.ctors)
                0x0000000003805cac                __CTOR_END__ = .
                0x0000000003805cac                ___CTORS_END___ = .

.dtors          0x0000000003805cac        0x0
                0x0000000003805cac                __DTOR_LIST__ = .
                0x0000000003805cac                ___DTORS_LIST___ = .
 *crtbegin.o(.dtors)
 *(EXCLUDE_FILE(*crtend.o) .dtors)
 *(SORT_BY_NAME(.dtors.*))
 *(.dtors)
                0x0000000003805cac                __DTOR_END__ = .
                0x0000000003805cac                ___DTORS_END___ = .

.fixup          0x0000000003805cac        0x0
                0x0000000003805cac                __fixup_start = .
 *(.fixup)
                0x0000000003805cac                __fixup_end = .

.eh_frame
 *(.eh_frame)

.eh_framehdr    0x0000000003805cac        0x0
                0x0000000003805cac                __eh_framehdr_start = .
 *(.eh_framehdr)
                0x0000000003805cac                __eh_framehdr_end = .

.gcc_except_table
 *(.gcc_except_table)

.mmu_tbl        0x0000000003808000        0x0
                0x0000000003808000                __mmu_tbl_start = .
 *(.mmu_tbl)
                0x0000000003808000                __mmu_tbl_end = .

.ARM.exidx      0x0000000003805cac        0x8
                0x0000000003805cac                __exidx_start = .
 *(.ARM.exidx*)
 .ARM.exidx.text._ZN9ACCESS_OSC2Ev
                0x0000000003805cac        0x8 build/src/ACCESS_OS.o
 .ARM.exidx.text._GLOBAL__sub_I_ACCESS_OS.cpp
                0x0000000003805cb4        0x0 build/src/ACCESS_OS.o
                                          0x8 (size before relaxing)
 .ARM.exidx.text._GLOBAL__sub_I_autonomous.cpp
                0x0000000003805cb4        0x0 build/src/autonomous.o
                                          0x8 (size before relaxing)
 .ARM.exidx.text._Z8controlsv
                0x0000000003805cb4        0x0 build/src/controls.o
                                          0x8 (size before relaxing)
 .ARM.exidx.text._GLOBAL__sub_I_controls.cpp
                0x0000000003805cb4        0x0 build/src/controls.o
                                          0x8 (size before relaxing)
 .ARM.exidx.text._ZN3bot5ROBOTC2Ev
                0x0000000003805cb4        0x0 build/src/drivefunctions.o
                                          0x8 (size before relaxing)
 .ARM.exidx.text._ZN3PID4calcEdd
                0x0000000003805cb4        0x0 build/src/drivefunctions.o
                                          0x8 (size before relaxing)
 .ARM.exidx.text._ZN6LIFTER2ToEv
                0x0000000003805cb4        0x0 build/src/drivefunctions.o
                                          0x8 (size before relaxing)
 .ARM.exidx.text._ZN6LIFTER3aToEd
                0x0000000003805cb4        0x0 build/src/drivefunctions.o
                                          0x8 (size before relaxing)
 .ARM.exidx.text._ZN6TILTER2ToEv
                0x0000000003805cb4        0x0 build/src/drivefunctions.o
                                          0x8 (size before relaxing)
 .ARM.exidx.text._ZN6TILTER3aToEd
                0x0000000003805cb4        0x0 build/src/drivefunctions.o
                                          0x8 (size before relaxing)
 .ARM.exidx.text._GLOBAL__sub_I_drivefunctions.cpp
                0x0000000003805cb4        0x0 build/src/drivefunctions.o
                                          0x8 (size before relaxing)
 .ARM.exidx.text._GLOBAL__sub_I_gui.cpp
                0x0000000003805cb4        0x0 build/src/gui.o
                                          0x8 (size before relaxing)
 .ARM.exidx.text._Z4readv
                0x0000000003805cb4        0x0 build/src/main.o
                                          0x8 (size before relaxing)
 .ARM.exidx.text.main
                0x0000000003805cb4        0x0 build/src/main.o
                                          0x8 (size before relaxing)
 .ARM.exidx.text._GLOBAL__sub_I_main.cpp
                0x0000000003805cb4        0x0 build/src/main.o
                                          0x8 (size before relaxing)
 .ARM.exidx.text._Z7flipoutv
                0x0000000003805cb4        0x0 build/src/manual.o
                                          0x8 (size before relaxing)
 .ARM.exidx.text._GLOBAL__sub_I_manual.cpp
                0x0000000003805cb4        0x0 build/src/manual.o
                                          0x8 (size before relaxing)
 .ARM.exidx.text._ZN3vex11motor_groupC2IJNS_5motorES2_S2_EEERS2_DpRT_
                0x0000000003805cb4        0x0 build/src/robot-config.o
                                          0x8 (size before relaxing)
 .ARM.exidx.text._ZN9ACCESS_OSD2Ev
                0x0000000003805cb4        0x0 build/src/robot-config.o
                                          0x8 (size before relaxing)
 .ARM.exidx.text._GLOBAL__sub_I_robot_config.cpp
                0x0000000003805cb4        0x0 build/src/robot-config.o
                                          0x8 (size before relaxing)
 .ARM.exidx.text._Z11usercontrolv
                0x0000000003805cb4        0x0 build/src/usercontrol.o
                                          0x8 (size before relaxing)
 .ARM.exidx.text._GLOBAL__sub_I_usercontrol.cpp
                0x0000000003805cb4        0x0 build/src/usercontrol.o
                                          0x8 (size before relaxing)
 *(.gnu.linkonce.armexidix.*.*)
                0x0000000003805cb4                __exidx_end = .

.rel.dyn        0x0000000003805cb4        0x0
 .rel.iplt      0x0000000003805cb4        0x0 build/src/ACCESS_OS.o

.preinit_array  0x0000000003805cb4        0x0
                0x0000000003805cb4                __preinit_array_start = .
 *(SORT_BY_NAME(.preinit_array.*))
 *(.preinit_array)
                0x0000000003805cb4                __preinit_array_end = .

.init_array     0x0000000003805cb4       0x2c
                0x0000000003805cb4                __init_array_start = .
 *(SORT_BY_NAME(.init_array.*))
 *(.init_array)
 .init_array    0x0000000003805cb4        0x4 build/src/ACCESS_OS.o
 .init_array    0x0000000003805cb8        0x4 build/src/autonomous.o
 .init_array    0x0000000003805cbc        0x4 build/src/controls.o
 .init_array    0x0000000003805cc0        0x4 build/src/drivefunctions.o
 .init_array    0x0000000003805cc4        0x4 build/src/gui.o
 .init_array    0x0000000003805cc8        0x4 build/src/main.o
 .init_array    0x0000000003805ccc        0x4 build/src/manual.o
 .init_array    0x0000000003805cd0        0x4 build/src/robot-config.o
 .init_array    0x0000000003805cd4        0x4 build/src/usercontrol.o
 .init_array    0x0000000003805cd8        0x4 /Applications/VEXcode V5 Text.app/Contents/Resources/sdk/vexv5/libv5rt.a(vex_triport.cpp.obj)
 .init_array    0x0000000003805cdc        0x4 /Applications/VEXcode V5 Text.app/Contents/Resources/sdk/vexv5/libv5rt.a(vex_color.cpp.obj)
                0x0000000003805ce0                __init_array_end = .

.fini_array     0x0000000003805ce0        0x0
                0x0000000003805ce0                __fini_array_start = .
 *(SORT_BY_NAME(.fini_array.*))
 *(.fini_array)
                0x0000000003805ce0                __fini_array_end = .

.ARM.attributes
                0x0000000003805ce0       0x3a
                0x0000000003805ce0                __ARM.attributes_start = .
 *(.ARM.attributes)
 .ARM.attributes
                0x0000000003805ce0       0x3a build/src/ACCESS_OS.o
 .ARM.attributes
                0x0000000003805d1a       0x3a build/src/autonomous.o
 .ARM.attributes
                0x0000000003805d54       0x3a build/src/controls.o
 .ARM.attributes
                0x0000000003805d8e       0x3a build/src/drivefunctions.o
 .ARM.attributes
                0x0000000003805dc8       0x3a build/src/gui.o
 .ARM.attributes
                0x0000000003805e02       0x3a build/src/main.o
 .ARM.attributes
                0x0000000003805e3c       0x3a build/src/manual.o
 .ARM.attributes
                0x0000000003805e76       0x3a build/src/robot-config.o
 .ARM.attributes
                0x0000000003805eb0       0x3a build/src/usercontrol.o
 .ARM.attributes
                0x0000000003805eea       0x35 /Applications/VEXcode V5 Text.app/Contents/Resources/sdk/vexv5/libv5rt.a(v5_startup.c.obj)
 .ARM.attributes
                0x0000000003805f1f       0x35 /Applications/VEXcode V5 Text.app/Contents/Resources/sdk/vexv5/libv5rt.a(v5_util.c.obj)
 .ARM.attributes
                0x0000000003805f54       0x35 /Applications/VEXcode V5 Text.app/Contents/Resources/sdk/vexv5/libv5rt.a(v5_apijump.c.obj)
 .ARM.attributes
                0x0000000003805f89       0x35 /Applications/VEXcode V5 Text.app/Contents/Resources/sdk/vexv5/libv5rt.a(v5_apiversions.c.obj)
 .ARM.attributes
                0x0000000003805fbe       0x35 /Applications/VEXcode V5 Text.app/Contents/Resources/sdk/vexv5/libv5rt.a(vex_global.cpp.obj)
 .ARM.attributes
                0x0000000003805ff3       0x35 /Applications/VEXcode V5 Text.app/Contents/Resources/sdk/vexv5/libv5rt.a(vex_motor.cpp.obj)
 .ARM.attributes
                0x0000000003806028       0x35 /Applications/VEXcode V5 Text.app/Contents/Resources/sdk/vexv5/libv5rt.a(vex_imu.cpp.obj)
 .ARM.attributes
                0x000000000380605d       0x35 /Applications/VEXcode V5 Text.app/Contents/Resources/sdk/vexv5/libv5rt.a(vex_controller.cpp.obj)
 .ARM.attributes
                0x0000000003806092       0x35 /Applications/VEXcode V5 Text.app/Contents/Resources/sdk/vexv5/libv5rt.a(vex_task.cpp.obj)
 .ARM.attributes
                0x00000000038060c7       0x35 /Applications/VEXcode V5 Text.app/Contents/Resources/sdk/vexv5/libv5rt.a(vex_thread.cpp.obj)
 .ARM.attributes
                0x00000000038060fc       0x35 /Applications/VEXcode V5 Text.app/Contents/Resources/sdk/vexv5/libv5rt.a(vex_event.cpp.obj)
 .ARM.attributes
                0x0000000003806131       0x35 /Applications/VEXcode V5 Text.app/Contents/Resources/sdk/vexv5/libv5rt.a(vex_mevent.cpp.obj)
 .ARM.attributes
                0x0000000003806166       0x35 /Applications/VEXcode V5 Text.app/Contents/Resources/sdk/vexv5/libv5rt.a(vex_brain.cpp.obj)
 .ARM.attributes
                0x000000000380619b       0x35 /Applications/VEXcode V5 Text.app/Contents/Resources/sdk/vexv5/libv5rt.a(vex_triport.cpp.obj)
 .ARM.attributes
                0x00000000038061d0       0x35 /Applications/VEXcode V5 Text.app/Contents/Resources/sdk/vexv5/libv5rt.a(vex_color.cpp.obj)
 .ARM.attributes
                0x0000000003806205       0x35 /Applications/VEXcode V5 Text.app/Contents/Resources/sdk/vexv5/libv5rt.a(vex_timer.cpp.obj)
 .ARM.attributes
                0x000000000380623a       0x35 /Applications/VEXcode V5 Text.app/Contents/Resources/sdk/vexv5/libv5rt.a(vex_motorgroup.cpp.obj)
 .ARM.attributes
                0x000000000380626f       0x35 /Applications/VEXcode V5 Text.app/Contents/Resources/sdk/vexv5/libv5rt.a(vex_drivetrain.cpp.obj)
 .ARM.attributes
                0x00000000038062a4       0x35 /Applications/VEXcode V5 Text.app/Contents/Resources/sdk/vexv5/libv5rt.a(vex_smartdrive.cpp.obj)
 .ARM.attributes
                0x00000000038062d9       0x35 /Applications/VEXcode V5 Text.app/Contents/Resources/sdk/vexv5/libv5rt.a(v5_apiuser.c.obj)
 .ARM.attributes
                0x000000000380630e       0x35 /Applications/VEXcode V5 Text.app/Contents/Resources/sdk/vexv5/libv5rt.a(vex_device.cpp.obj)